 kernel: [    0.000000] Linux version 4.9.80-v7+ (harcok@cup) (gcc version 4.8.4 (Ubuntu/Linaro 4.8.4-2ubuntu1~14.04.1) ) #3 SMP Tue Jun 4 10:44:43 CEST 2019
Jun 11 17:40:35 raspberrypi kernel: [    0.000000] CPU: ARMv7 Processor [410fd034] revision 4 (ARMv7), cr=10c5383d
Jun 11 17:40:35 raspberrypi kernel: [    0.000000] CPU: div instructions available: patching division code
Jun 11 17:40:35 raspberrypi kernel: [    0.000000] CPU: PIPT / VIPT nonaliasing data cache, VIPT aliasing instruction cache
Jun 11 17:40:35 raspberrypi kernel: [    0.000000] OF: fdt:Machine model: Raspberry Pi 3 Model B Plus Rev 1.3
Jun 11 17:40:35 raspberrypi kernel: [    0.000000] Memory policy: Data cache writealloc
Jun 11 17:40:35 raspberrypi kernel: [    0.000000] On node 0 totalpages: 242688
Jun 11 17:40:35 raspberrypi kernel: [    0.000000] free_area_init_node: node 0, pgdat 80c769c0, node_mem_map baba6000
Jun 11 17:40:35 raspberrypi kernel: [    0.000000]   Normal zone: 2133 pages used for memmap
Jun 11 17:40:35 raspberrypi kernel: [    0.000000]   Normal zone: 0 pages reserved
Jun 11 17:40:35 raspberrypi kernel: [    0.000000]   Normal zone: 242688 pages, LIFO batch:31
Jun 11 17:40:35 raspberrypi kernel: [    0.000000] percpu: Embedded 17 pages/cpu @bab53000 s37952 r8192 d23488 u69632
Jun 11 17:40:35 raspberrypi kernel: [    0.000000] pcpu-alloc: s37952 r8192 d23488 u69632 alloc=17*4096
Jun 11 17:40:35 raspberrypi kernel: [    0.000000] pcpu-alloc: [0] 0 [0] 1 [0] 2 [0] 3 
Jun 11 17:40:35 raspberrypi kernel: [    0.000000] Built 1 zonelists in Zone order, mobility grouping on.  Total pages: 240555
Jun 11 17:40:35 raspberrypi kernel: [    0.000000] Kernel command line: 8250.nr_uarts=0 bcm2708_fb.fbwidth=1600 bcm2708_fb.fbheight=1200 bcm2708_fb.fbswap=1 vc_mem.mem_base=0x3ec00000 vc_mem.mem_size=0x40000000  dwc_otg.lpm_enable=0 console=ttyS0,115200 console=tty1 root=PARTUUID=b93bee23-02 rootfstype=ext4 elevator=deadline fsck.repair=yes rootwait
Jun 11 17:40:35 raspberrypi kernel: [    0.000000] PID hash table entries: 4096 (order: 2, 16384 bytes)
Jun 11 17:40:35 raspberrypi kernel: [    0.000000] Dentry cache hash table entries: 131072 (order: 7, 524288 bytes)
Jun 11 17:40:35 raspberrypi kernel: [    0.000000] Inode-cache hash table entries: 65536 (order: 6, 262144 bytes)
Jun 11 17:40:35 raspberrypi kernel: [    0.000000] Memory: 948444K/970752K available (7168K kernel code, 525K rwdata, 2064K rodata, 1024K init, 807K bss, 22308K reserved, 0K cma-reserved)
Jun 11 17:40:35 raspberrypi kernel: [    0.000000] Virtual kernel memory layout:
Jun 11 17:40:35 raspberrypi kernel: [    0.000000]     vector  : 0xffff0000 - 0xffff1000   (   4 kB)
Jun 11 17:40:35 raspberrypi kernel: [    0.000000]     fixmap  : 0xffc00000 - 0xfff00000   (3072 kB)
Jun 11 17:40:35 raspberrypi kernel: [    0.000000]     vmalloc : 0xbb800000 - 0xff800000   (1088 MB)
Jun 11 17:40:35 raspberrypi kernel: [    0.000000]     lowmem  : 0x80000000 - 0xbb400000   ( 948 MB)
Jun 11 17:40:35 raspberrypi kernel: [    0.000000]     modules : 0x7f000000 - 0x80000000   (  16 MB)
Jun 11 17:40:35 raspberrypi kernel: [    0.000000]       .text : 0x80008000 - 0x80800000   (8160 kB)
Jun 11 17:40:35 raspberrypi kernel: [    0.000000]       .init : 0x80b00000 - 0x80c00000   (1024 kB)
Jun 11 17:40:35 raspberrypi kernel: [    0.000000]       .data : 0x80c00000 - 0x80c835dc   ( 526 kB)
Jun 11 17:40:35 raspberrypi kernel: [    0.000000]        .bss : 0x80c85000 - 0x80d4ede4   ( 808 kB)
Jun 11 17:40:35 raspberrypi kernel: [    0.000000] SLUB: HWalign=64, Order=0-3, MinObjects=0, CPUs=4, Nodes=1
Jun 11 17:40:35 raspberrypi kernel: [    0.000000] Hierarchical RCU implementation.
Jun 11 17:40:35 raspberrypi kernel: [    0.000000] 	Build-time adjustment of leaf fanout to 32.
Jun 11 17:40:35 raspberrypi kernel: [    0.000000] NR_IRQS:16 nr_irqs:16 16
Jun 11 17:40:35 raspberrypi kernel: [    0.000000] arm_arch_timer: Architected cp15 timer(s) running at 19.20MHz (phys).
Jun 11 17:40:35 raspberrypi kernel: [    0.000000] I-pipe, 19.200 MHz clocksource, wrap in 960767920505705 ms
Jun 11 17:40:35 raspberrypi kernel: [    0.000000] clocksource: ipipe_tsc: mask: 0xffffffffffffffff max_cycles: 0x46d987e47, max_idle_ns: 440795202767 ns
Jun 11 17:40:35 raspberrypi kernel: [    0.000000] clocksource: arch_sys_counter: mask: 0xffffffffffffff max_cycles: 0x46d987e47, max_idle_ns: 440795202767 ns
Jun 11 17:40:35 raspberrypi kernel: [    0.000007] sched_clock: 56 bits at 19MHz, resolution 52ns, wraps every 4398046511078ns
Jun 11 17:40:35 raspberrypi kernel: [    0.000027] Switching to timer-based delay loop, resolution 52ns
Jun 11 17:40:35 raspberrypi kernel: [    0.001464] Interrupt pipeline (release #4)
Jun 11 17:40:35 raspberrypi kernel: [    0.001683] Console: colour dummy device 80x30
Jun 11 17:40:35 raspberrypi kernel: [    0.002918] console [tty1] enabled
Jun 11 17:40:35 raspberrypi kernel: [    0.002973] Calibrating delay loop (skipped), value calculated using timer frequency.. 38.40 BogoMIPS (lpj=192000)
Jun 11 17:40:35 raspberrypi kernel: [    0.003056] pid_max: default: 32768 minimum: 301
Jun 11 17:40:35 raspberrypi kernel: [    0.003287] Mount-cache hash table entries: 2048 (order: 1, 8192 bytes)
Jun 11 17:40:35 raspberrypi kernel: [    0.003341] Mountpoint-cache hash table entries: 2048 (order: 1, 8192 bytes)
Jun 11 17:40:35 raspberrypi kernel: [    0.004588] Disabling memory control group subsystem
Jun 11 17:40:35 raspberrypi kernel: [    0.004716] CPU: Testing write buffer coherency: ok
Jun 11 17:40:35 raspberrypi kernel: [    0.005306] CPU0: update cpu_capacity 1024
Jun 11 17:40:35 raspberrypi kernel: [    0.005351] CPU0: thread -1, cpu 0, socket 0, mpidr 80000000
Jun 11 17:40:35 raspberrypi kernel: [    0.005419] Setting up static identity map for 0x100000 - 0x100034
Jun 11 17:40:35 raspberrypi kernel: [    0.008387] CPU1: update cpu_capacity 1024
Jun 11 17:40:35 raspberrypi kernel: [    0.008396] CPU1: thread -1, cpu 1, socket 0, mpidr 80000001
Jun 11 17:40:35 raspberrypi kernel: [    0.009439] CPU2: update cpu_capacity 1024
Jun 11 17:40:35 raspberrypi kernel: [    0.009448] CPU2: thread -1, cpu 2, socket 0, mpidr 80000002
Jun 11 17:40:35 raspberrypi kernel: [    0.010543] CPU3: update cpu_capacity 1024
Jun 11 17:40:35 raspberrypi kernel: [    0.010552] CPU3: thread -1, cpu 3, socket 0, mpidr 80000003
Jun 11 17:40:35 raspberrypi kernel: [    0.010718] Brought up 4 CPUs
Jun 11 17:40:35 raspberrypi kernel: [    0.010963] SMP: Total of 4 processors activated (153.60 BogoMIPS).
Jun 11 17:40:35 raspberrypi kernel: [    0.011008] CPU: All CPU(s) started in HYP mode.
Jun 11 17:40:35 raspberrypi kernel: [    0.011047] CPU: Virtualization extensions available.
Jun 11 17:40:35 raspberrypi kernel: [    0.012802] devtmpfs: initialized
Jun 11 17:40:35 raspberrypi kernel: [    0.032142] VFP support v0.3: implementor 41 architecture 3 part 40 variant 3 rev 4
Jun 11 17:40:35 raspberrypi kernel: [    0.032641] clocksource: jiffies: mask: 0xffffffff max_cycles: 0xffffffff, max_idle_ns: 19112604462750000 ns
Jun 11 17:40:35 raspberrypi kernel: [    0.032728] futex hash table entries: 1024 (order: 4, 65536 bytes)
Jun 11 17:40:35 raspberrypi kernel: [    0.033043] pinctrl core: initialized pinctrl subsystem
Jun 11 17:40:35 raspberrypi kernel: [    0.034422] NET: Registered protocol family 16
Jun 11 17:40:35 raspberrypi kernel: [    0.036170] DMA: preallocated 1024 KiB pool for atomic coherent allocations
Jun 11 17:40:35 raspberrypi kernel: [    0.050227] hw-breakpoint: found 5 (+1 reserved) breakpoint and 4 watchpoint registers.
Jun 11 17:40:35 raspberrypi kernel: [    0.050295] hw-breakpoint: maximum watchpoint size is 8 bytes.
Jun 11 17:40:35 raspberrypi kernel: [    0.050544] Serial: AMBA PL011 UART driver
Jun 11 17:40:35 raspberrypi kernel: [    0.053997] bcm2835-mbox 3f00b880.mailbox: mailbox enabled
Jun 11 17:40:35 raspberrypi kernel: [    0.055015] uart-pl011 3f201000.serial: could not find pctldev for node /soc/gpio@7e200000/uart0_pins, deferring probe
Jun 11 17:40:35 raspberrypi kernel: [    0.151888] bcm2835-dma 3f007000.dma: DMA legacy API manager at bb90f000, dmachans=0x1
Jun 11 17:40:35 raspberrypi kernel: [    0.154893] SCSI subsystem initialized
Jun 11 17:40:35 raspberrypi kernel: [    0.155379] usbcore: registered new interface driver usbfs
Jun 11 17:40:35 raspberrypi kernel: [    0.155534] usbcore: registered new interface driver hub
Jun 11 17:40:35 raspberrypi kernel: [    0.155719] usbcore: registered new device driver usb
Jun 11 17:40:35 raspberrypi kernel: [    0.160204] raspberrypi-firmware soc:firmware: Attached to firmware from 2019-03-27 15:45
Jun 11 17:40:35 raspberrypi kernel: [    0.162375] clocksource: Switched to clocksource ipipe_tsc
Jun 11 17:40:35 raspberrypi kernel: [    0.234740] VFS: Disk quotas dquot_6.6.0
Jun 11 17:40:35 raspberrypi kernel: [    0.234887] VFS: Dquot-cache hash table entries: 1024 (order 0, 4096 bytes)
Jun 11 17:40:35 raspberrypi kernel: [    0.235242] FS-Cache: Loaded
Jun 11 17:40:35 raspberrypi kernel: [    0.235621] CacheFiles: Loaded
Jun 11 17:40:35 raspberrypi kernel: [    0.256302] NET: Registered protocol family 2
Jun 11 17:40:35 raspberrypi kernel: [    0.257470] TCP established hash table entries: 8192 (order: 3, 32768 bytes)
Jun 11 17:40:35 raspberrypi kernel: [    0.257627] TCP bind hash table entries: 8192 (order: 4, 65536 bytes)
Jun 11 17:40:35 raspberrypi kernel: [    0.257854] TCP: Hash tables configured (established 8192 bind 8192)
Jun 11 17:40:35 raspberrypi kernel: [    0.257993] UDP hash table entries: 512 (order: 2, 16384 bytes)
Jun 11 17:40:35 raspberrypi kernel: [    0.258078] UDP-Lite hash table entries: 512 (order: 2, 16384 bytes)
Jun 11 17:40:35 raspberrypi kernel: [    0.258427] NET: Registered protocol family 1
Jun 11 17:40:35 raspberrypi kernel: [    0.259107] RPC: Registered named UNIX socket transport module.
Jun 11 17:40:35 raspberrypi kernel: [    0.259155] RPC: Registered udp transport module.
Jun 11 17:40:35 raspberrypi kernel: [    0.259196] RPC: Registered tcp transport module.
Jun 11 17:40:35 raspberrypi kernel: [    0.259237] RPC: Registered tcp NFSv4.1 backchannel transport module.
Jun 11 17:40:35 raspberrypi kernel: [    0.260653] hw perfevents: enabled with armv7_cortex_a7 PMU driver, 7 counters available
Jun 11 17:40:35 raspberrypi kernel: [    0.263885] [Xenomai] scheduling class idle registered.
Jun 11 17:40:35 raspberrypi kernel: [    0.263931] [Xenomai] scheduling class rt registered.
Jun 11 17:40:35 raspberrypi kernel: [    0.264181] I-pipe: head domain Xenomai registered.
Jun 11 17:40:35 raspberrypi kernel: [    0.269098] [Xenomai] Cobalt v3.0.8 
Jun 11 17:40:35 raspberrypi kernel: [    0.269545] workingset: timestamp_bits=14 max_order=18 bucket_order=4
Jun 11 17:40:35 raspberrypi kernel: [    0.294747] FS-Cache: Netfs 'nfs' registered for caching
Jun 11 17:40:35 raspberrypi kernel: [    0.296301] NFS: Registering the id_resolver key type
Jun 11 17:40:35 raspberrypi kernel: [    0.296376] Key type id_resolver registered
Jun 11 17:40:35 raspberrypi kernel: [    0.296417] Key type id_legacy registered
Jun 11 17:40:35 raspberrypi kernel: [    0.300333] Block layer SCSI generic (bsg) driver version 0.4 loaded (major 249)
Jun 11 17:40:35 raspberrypi kernel: [    0.300589] io scheduler noop registered
Jun 11 17:40:35 raspberrypi kernel: [    0.300632] io scheduler deadline registered (default)
Jun 11 17:40:35 raspberrypi kernel: [    0.301066] io scheduler cfq registered
Jun 11 17:40:35 raspberrypi kernel: [    0.308894] BCM2708FB: allocated DMA memory f98f0000
Jun 11 17:40:35 raspberrypi kernel: [    0.308968] BCM2708FB: allocated DMA channel 0 @ bb90f000
Jun 11 17:40:35 raspberrypi kernel: [    0.363161] Console: switching to colour frame buffer device 200x75
Jun 11 17:40:35 raspberrypi kernel: [    0.397669] bcm2835-rng 3f104000.rng: hwrng registered
Jun 11 17:40:35 raspberrypi kernel: [    0.398007] vc-mem: phys_addr:0x00000000 mem_base=0x3ec00000 mem_size:0x40000000(1024 MiB)
Jun 11 17:40:35 raspberrypi kernel: [    0.399104] vc-sm: Videocore shared memory driver
Jun 11 17:40:35 raspberrypi kernel: [    0.423925] brd: module loaded
Jun 11 17:40:35 raspberrypi kernel: [    0.438302] loop: module loaded
Jun 11 17:40:35 raspberrypi kernel: [    0.438448] Loading iSCSI transport class v2.0-870.
Jun 11 17:40:35 raspberrypi kernel: [    0.439707] libphy: Fixed MDIO Bus: probed
Jun 11 17:40:35 raspberrypi kernel: [    0.440031] usbcore: registered new interface driver lan78xx
Jun 11 17:40:35 raspberrypi kernel: [    0.440353] usbcore: registered new interface driver smsc95xx
Jun 11 17:40:35 raspberrypi kernel: [    0.440551] dwc_otg: version 3.00a 10-AUG-2012 (platform bus)
Jun 11 17:40:35 raspberrypi kernel: [    0.669101] Core Release: 2.80a
Jun 11 17:40:35 raspberrypi kernel: [    0.669223] Setting default values for core params
Jun 11 17:40:35 raspberrypi kernel: [    0.669411] Finished setting default values for core params
Jun 11 17:40:35 raspberrypi kernel: [    0.870205] Using Buffer DMA mode
Jun 11 17:40:35 raspberrypi kernel: [    0.870325] Periodic Transfer Interrupt Enhancement - disabled
Jun 11 17:40:35 raspberrypi kernel: [    0.870508] Multiprocessor Interrupt Enhancement - disabled
Jun 11 17:40:35 raspberrypi kernel: [    0.870685] OTG VER PARAM: 0, OTG VER FLAG: 0
Jun 11 17:40:35 raspberrypi kernel: [    0.870843] Dedicated Tx FIFOs mode
Jun 11 17:40:35 raspberrypi kernel: [    0.871279] WARN::dwc_otg_hcd_init:1032: FIQ DMA bounce buffers: virt = 0xbc4fa000 dma = 0xf9ab4000 len=9024
Jun 11 17:40:35 raspberrypi kernel: [    0.871597] FIQ FSM acceleration enabled for :
Jun 11 17:40:35 raspberrypi kernel: [    0.871597] Non-periodic Split Transactions
Jun 11 17:40:35 raspberrypi kernel: [    0.871597] Periodic Split Transactions
Jun 11 17:40:35 raspberrypi kernel: [    0.871597] High-Speed Isochronous Endpoints
Jun 11 17:40:35 raspberrypi kernel: [    0.871597] Interrupt/Control Split Transaction hack enabled
Jun 11 17:40:35 raspberrypi kernel: [    0.872246] dwc_otg: Microframe scheduler enabled
Jun 11 17:40:35 raspberrypi kernel: [    0.872299] WARN::hcd_init_fiq:459: FIQ on core 1 at 0x805b40c0
Jun 11 17:40:35 raspberrypi kernel: [    0.872498] WARN::hcd_init_fiq:460: FIQ ASM at 0x805b4420 length 36
Jun 11 17:40:35 raspberrypi kernel: [    0.872702] WARN::hcd_init_fiq:486: MPHI regs_base at 0xbbd7b000
Jun 11 17:40:35 raspberrypi kernel: [    0.872974] dwc_otg 3f980000.usb: DWC OTG Controller
Jun 11 17:40:35 raspberrypi kernel: [    0.873175] dwc_otg 3f980000.usb: new USB bus registered, assigned bus number 1
Jun 11 17:40:35 raspberrypi kernel: [    0.873437] dwc_otg 3f980000.usb: irq 62, io mem 0x00000000
Jun 11 17:40:35 raspberrypi kernel: [    0.873672] Init: Port Power? op_state=1
Jun 11 17:40:35 raspberrypi kernel: [    0.873804] Init: Power Port (0)
Jun 11 17:40:35 raspberrypi kernel: [    0.874281] usb usb1: New USB device found, idVendor=1d6b, idProduct=0002
Jun 11 17:40:35 raspberrypi kernel: [    0.874500] usb usb1: New USB device strings: Mfr=3, Product=2, SerialNumber=1
Jun 11 17:40:35 raspberrypi kernel: [    0.874725] usb usb1: Product: DWC OTG Controller
Jun 11 17:40:35 raspberrypi kernel: [    0.874881] usb usb1: Manufacturer: Linux 4.9.80-v7+ dwc_otg_hcd
Jun 11 17:40:35 raspberrypi kernel: [    0.875073] usb usb1: SerialNumber: 3f980000.usb
Jun 11 17:40:35 raspberrypi kernel: [    0.876502] hub 1-0:1.0: USB hub found
Jun 11 17:40:35 raspberrypi kernel: [    0.876691] hub 1-0:1.0: 1 port detected
Jun 11 17:40:35 raspberrypi kernel: [    0.877886] dwc_otg: FIQ enabled
Jun 11 17:40:35 raspberrypi kernel: [    0.877895] dwc_otg: NAK holdoff enabled
Jun 11 17:40:35 raspberrypi kernel: [    0.877903] dwc_otg: FIQ split-transaction FSM enabled
Jun 11 17:40:35 raspberrypi kernel: [    0.877925] Module dwc_common_port init
Jun 11 17:40:35 raspberrypi kernel: [    0.878353] usbcore: registered new interface driver usb-storage
Jun 11 17:40:35 raspberrypi kernel: [    0.888301] mousedev: PS/2 mouse device common for all mice
Jun 11 17:40:35 raspberrypi kernel: [    0.899301] bcm2835-wdt 3f100000.watchdog: Broadcom BCM2835 watchdog timer
Jun 11 17:40:35 raspberrypi kernel: [    0.909326] sdhci: Secure Digital Host Controller Interface driver
Jun 11 17:40:35 raspberrypi kernel: [    0.918858] sdhci: Copyright(c) Pierre Ossman
Jun 11 17:40:35 raspberrypi kernel: [    0.928746] sdhost-bcm2835 3f202000.sdhost: could not get clk, deferring probe
Jun 11 17:40:35 raspberrypi kernel: [    0.940717] mmc-bcm2835 3f300000.mmc: could not get clk, deferring probe
Jun 11 17:40:35 raspberrypi kernel: [    0.950456] sdhci-pltfm: SDHCI platform and OF driver helper
Jun 11 17:40:35 raspberrypi kernel: [    0.961930] ledtrig-cpu: registered to indicate activity on CPUs
Jun 11 17:40:35 raspberrypi kernel: [    0.971848] hidraw: raw HID events driver (C) Jiri Kosina
Jun 11 17:40:35 raspberrypi kernel: [    0.981921] usbcore: registered new interface driver usbhid
Jun 11 17:40:35 raspberrypi kernel: [    0.991724] usbhid: USB HID core driver
Jun 11 17:40:35 raspberrypi kernel: [    1.002612] vchiq: vchiq_init_state: slot_zero = 0xbdb81000, is_master = 0
Jun 11 17:40:35 raspberrypi kernel: [    1.014252] [vc_sm_connected_init]: start
Jun 11 17:40:35 raspberrypi kernel: [    1.024904] [vc_sm_connected_init]: end - returning 0
Jun 11 17:40:35 raspberrypi kernel: [    1.036066] Initializing XFRM netlink socket
Jun 11 17:40:35 raspberrypi kernel: [    1.045813] NET: Registered protocol family 17
Jun 11 17:40:35 raspberrypi kernel: [    1.055694] Key type dns_resolver registered
Jun 11 17:40:35 raspberrypi kernel: [    1.065935] Registering SWP/SWPB emulation handler
Jun 11 17:40:35 raspberrypi kernel: [    1.076846] registered taskstats version 1
Jun 11 17:40:35 raspberrypi kernel: [    1.097870] uart-pl011 3f201000.serial: cts_event_workaround enabled
Jun 11 17:40:35 raspberrypi kernel: [    1.107773] 3f201000.serial: ttyAMA0 at MMIO 0x3f201000 (irq = 87, base_baud = 0) is a PL011 rev2
Jun 11 17:40:35 raspberrypi kernel: [    1.120313] sdhost: log_buf @ bdbc7000 (f9b6f000)
Jun 11 17:40:35 raspberrypi kernel: [    1.130527] Indeed it is in host mode hprt0 = 00021501
Jun 11 17:40:35 raspberrypi kernel: [    1.228786] random: fast init done
Jun 11 17:40:35 raspberrypi kernel: [    1.272437] mmc0: sdhost-bcm2835 loaded - DMA enabled (>1)
Jun 11 17:40:35 raspberrypi kernel: [    1.284788] mmc-bcm2835 3f300000.mmc: mmc_debug:0 mmc_debug2:0
Jun 11 17:40:35 raspberrypi kernel: [    1.294697] mmc-bcm2835 3f300000.mmc: DMA channel allocated
Jun 11 17:40:35 raspberrypi kernel: [    1.372446] usb 1-1: new high-speed USB device number 2 using dwc_otg
Jun 11 17:40:35 raspberrypi kernel: [    1.382664] of_cfs_init
Jun 11 17:40:35 raspberrypi kernel: [    1.382909] Indeed it is in host mode hprt0 = 00001101
Jun 11 17:40:35 raspberrypi kernel: [    1.402619] of_cfs_init: OK
Jun 11 17:40:35 raspberrypi kernel: [    1.413074] Waiting for root device PARTUUID=b93bee23-02...
Jun 11 17:40:35 raspberrypi kernel: [    1.452088] mmc0: host does not support reading read-only switch, assuming write-enable
Jun 11 17:40:35 raspberrypi kernel: [    1.465252] mmc0: new high speed SDHC card at address 59b4
Jun 11 17:40:35 raspberrypi kernel: [    1.476542] mmcblk0: mmc0:59b4 USDU1 7.31 GiB
Jun 11 17:40:35 raspberrypi kernel: [    1.488310]  mmcblk0: p1 p2
Jun 11 17:40:35 raspberrypi kernel: [    1.503447] mmc1: queuing unknown CIS tuple 0x80 (2 bytes)
Jun 11 17:40:35 raspberrypi kernel: [    1.515139] mmc1: queuing unknown CIS tuple 0x80 (3 bytes)
Jun 11 17:40:35 raspberrypi kernel: [    1.526829] mmc1: queuing unknown CIS tuple 0x80 (3 bytes)
Jun 11 17:40:35 raspberrypi kernel: [    1.539766] mmc1: queuing unknown CIS tuple 0x80 (7 bytes)
Jun 11 17:40:35 raspberrypi kernel: [    1.545068] EXT4-fs (mmcblk0p2): INFO: recovery required on readonly filesystem
Jun 11 17:40:35 raspberrypi kernel: [    1.545075] EXT4-fs (mmcblk0p2): write access will be enabled during recovery
Jun 11 17:40:35 raspberrypi kernel: [    1.613030] usb 1-1: New USB device found, idVendor=0424, idProduct=2514
Jun 11 17:40:35 raspberrypi kernel: [    1.623008] usb 1-1: New USB device strings: Mfr=0, Product=0, SerialNumber=0
Jun 11 17:40:35 raspberrypi kernel: [    1.634447] hub 1-1:1.0: USB hub found
Jun 11 17:40:35 raspberrypi kernel: [    1.644533] hub 1-1:1.0: 4 ports detected
Jun 11 17:40:35 raspberrypi kernel: [    1.682917] mmc1: new high speed SDIO card at address 0001
Jun 11 17:40:35 raspberrypi kernel: [    1.972452] usb 1-1.1: new high-speed USB device number 3 using dwc_otg
Jun 11 17:40:35 raspberrypi kernel: [    2.112948] usb 1-1.1: New USB device found, idVendor=0424, idProduct=2514
Jun 11 17:40:35 raspberrypi kernel: [    2.122663] usb 1-1.1: New USB device strings: Mfr=0, Product=0, SerialNumber=0
Jun 11 17:40:35 raspberrypi kernel: [    2.133660] hub 1-1.1:1.0: USB hub found
Jun 11 17:40:35 raspberrypi kernel: [    2.143555] hub 1-1.1:1.0: 3 ports detected
Jun 11 17:40:35 raspberrypi kernel: [    2.252448] usb 1-1.2: new low-speed USB device number 4 using dwc_otg
Jun 11 17:40:35 raspberrypi kernel: [    2.421723] usb 1-1.2: New USB device found, idVendor=03f0, idProduct=0024
Jun 11 17:40:35 raspberrypi kernel: [    2.431526] usb 1-1.2: New USB device strings: Mfr=1, Product=2, SerialNumber=0
Jun 11 17:40:35 raspberrypi kernel: [    2.441370] usb 1-1.2: Product: HP Basic USB Keyboard
Jun 11 17:40:35 raspberrypi kernel: [    2.451180] usb 1-1.2: Manufacturer: CHICONY
Jun 11 17:40:35 raspberrypi kernel: [    2.480942] input: CHICONY HP Basic USB Keyboard as /devices/platform/soc/3f980000.usb/usb1/1-1/1-1.2/1-1.2:1.0/0003:03F0:0024.0001/input/input0
Jun 11 17:40:35 raspberrypi kernel: [    2.553488] hid-generic 0003:03F0:0024.0001: input,hidraw0: USB HID v1.10 Keyboard [CHICONY HP Basic USB Keyboard] on usb-3f980000.usb-1.2/input0
Jun 11 17:40:35 raspberrypi kernel: [    2.662445] usb 1-1.3: new low-speed USB device number 5 using dwc_otg
Jun 11 17:40:35 raspberrypi kernel: [    2.807845] usb 1-1.3: New USB device found, idVendor=046d, idProduct=c077
Jun 11 17:40:35 raspberrypi kernel: [    2.818295] usb 1-1.3: New USB device strings: Mfr=1, Product=2, SerialNumber=0
Jun 11 17:40:35 raspberrypi kernel: [    2.828692] usb 1-1.3: Product: USB Optical Mouse
Jun 11 17:40:35 raspberrypi kernel: [    2.839076] usb 1-1.3: Manufacturer: Logitech
Jun 11 17:40:35 raspberrypi kernel: [    2.854562] input: Logitech USB Optical Mouse as /devices/platform/soc/3f980000.usb/usb1/1-1/1-1.3/1-1.3:1.0/0003:046D:C077.0002/input/input1
Jun 11 17:40:35 raspberrypi kernel: [    2.866005] hid-generic 0003:046D:C077.0002: input,hidraw1: USB HID v1.11 Mouse [Logitech USB Optical Mouse] on usb-3f980000.usb-1.3/input0
Jun 11 17:40:35 raspberrypi kernel: [    3.122446] usb 1-1.1.1: new high-speed USB device number 6 using dwc_otg
Jun 11 17:40:35 raspberrypi kernel: [    3.263246] usb 1-1.1.1: New USB device found, idVendor=0424, idProduct=7800
Jun 11 17:40:35 raspberrypi kernel: [    3.274307] usb 1-1.1.1: New USB device strings: Mfr=0, Product=0, SerialNumber=0
Jun 11 17:40:35 raspberrypi kernel: [    3.564649] libphy: lan78xx-mdiobus: probed
Jun 11 17:40:35 raspberrypi kernel: [    3.903562] EXT4-fs (mmcblk0p2): orphan cleanup on readonly fs
Jun 11 17:40:35 raspberrypi kernel: [    3.922951] EXT4-fs (mmcblk0p2): 1 orphan inode deleted
Jun 11 17:40:35 raspberrypi kernel: [    3.934010] EXT4-fs (mmcblk0p2): recovery complete
Jun 11 17:40:35 raspberrypi kernel: [    4.246672] EXT4-fs (mmcblk0p2): mounted filesystem with ordered data mode. Opts: (null)
Jun 11 17:40:35 raspberrypi kernel: [    4.257788] VFS: Mounted root (ext4 filesystem) readonly on device 179:2.
Jun 11 17:40:35 raspberrypi kernel: [    4.277447] devtmpfs: mounted
Jun 11 17:40:35 raspberrypi kernel: [    4.290202] Freeing unused kernel memory: 1024K
Jun 11 17:40:35 raspberrypi kernel: [    4.872257] NET: Registered protocol family 10
Jun 11 17:40:35 raspberrypi kernel: [    4.895937] ip_tables: (C) 2000-2006 Netfilter Core Team
Jun 11 17:40:35 raspberrypi kernel: [    6.696891] EXT4-fs (mmcblk0p2): re-mounted. Opts: (null)
Jun 11 17:40:35 raspberrypi kernel: [    7.276563] gpiomem-bcm2835 3f200000.gpiomem: Initialised: Registers at 0x3f200000
Jun 11 17:40:35 raspberrypi kernel: [    7.698720] brcmfmac: F1 signature read @0x18000000=0x15264345
Jun 11 17:40:35 raspberrypi kernel: [    7.713959] usbcore: registered new interface driver brcmfmac
Jun 11 17:40:35 raspberrypi kernel: [    8.098697] random: crng init done
Jun 11 17:40:35 raspberrypi kernel: [    8.184222] brcmfmac: Firmware version = wl0: Feb 27 2018 03:15:32 version 7.45.154 (r684107 CY) FWID 01-4fbe0b04
Jun 11 17:40:35 raspberrypi kernel: [    8.185284] brcmfmac: brcmf_c_preinit_dcmds: CLM version = API: 12.2 Data: 9.10.105 Compiler: 1.29.4 ClmImport: 1.36.3 Creation: 2018-03-09 18:56:28 
Jun 11 17:40:35 raspberrypi kernel: [    9.310341] uart-pl011 3f201000.serial: no DMA platform data
Jun 11 17:40:35 raspberrypi kernel: [    9.553852] IPv6: ADDRCONF(NETDEV_UP): wlan0: link is not ready
Jun 11 17:40:35 raspberrypi kernel: [    9.553865] brcmfmac: power management disabled
Jun 11 17:40:35 raspberrypi kernel: [    9.805270] Adding 102396k swap on /var/swap.  Priority:-1 extents:1 across:102396k SSFS
Jun 11 17:40:36 raspberrypi kernel: [   10.418206] IPv6: ADDRCONF(NETDEV_UP): eth0: link is not ready
Jun 11 17:40:36 raspberrypi kernel: [   10.418580] lan78xx 1-1.1.1:1.0 eth0: kevent 4 may have been dropped
Jun 11 17:40:36 raspberrypi kernel: [   10.419585] lan78xx 1-1.1.1:1.0 eth0: kevent 4 may have been dropped
Jun 11 17:40:36 raspberrypi kernel: [   10.420437] lan78xx 1-1.1.1:1.0 eth0: kevent 4 may have been dropped
Jun 11 17:40:36 raspberrypi kernel: [   10.421465] lan78xx 1-1.1.1:1.0 eth0: kevent 4 may have been dropped
Jun 11 17:40:36 raspberrypi kernel: [   10.422557] lan78xx 1-1.1.1:1.0 eth0: kevent 4 may have been dropped
Jun 11 17:40:36 raspberrypi kernel: [   10.423452] lan78xx 1-1.1.1:1.0 eth0: kevent 4 may have been dropped
Jun 11 17:40:36 raspberrypi kernel: [   10.424445] lan78xx 1-1.1.1:1.0 eth0: kevent 4 may have been dropped
Jun 11 17:40:36 raspberrypi kernel: [   10.425564] lan78xx 1-1.1.1:1.0 eth0: kevent 4 may have been dropped
Jun 11 17:40:36 raspberrypi kernel: [   10.442927] IPv6: ADDRCONF(NETDEV_CHANGE): eth0: link becomes ready
Jun 11 17:40:41 raspberrypi kernel: [   15.829731] Bluetooth: Core ver 2.22
Jun 11 17:40:41 raspberrypi kernel: [   15.829841] NET: Registered protocol family 31
Jun 11 17:40:41 raspberrypi kernel: [   15.829851] Bluetooth: HCI device and connection manager initialized
Jun 11 17:40:41 raspberrypi kernel: [   15.829877] Bluetooth: HCI socket layer initialized
Jun 11 17:40:41 raspberrypi kernel: [   15.829899] Bluetooth: L2CAP socket layer initialized
Jun 11 17:40:41 raspberrypi kernel: [   15.829951] Bluetooth: SCO socket layer initialized
Jun 11 17:40:41 raspberrypi kernel: [   15.838652] Bluetooth: HCI UART driver ver 2.3
Jun 11 17:40:41 raspberrypi kernel: [   15.838678] Bluetooth: HCI UART protocol H4 registered
Jun 11 17:40:41 raspberrypi kernel: [   15.838692] Bluetooth: HCI UART protocol Three-wire (H5) registered
Jun 11 17:40:41 raspberrypi kernel: [   15.838979] Bluetooth: HCI UART protocol Broadcom registered
Jun 11 17:40:42 raspberrypi kernel: [   16.085807] Bluetooth: BNEP (Ethernet Emulation) ver 1.3
Jun 11 17:40:42 raspberrypi kernel: [   16.085818] Bluetooth: BNEP filters: protocol multicast
Jun 11 17:40:42 raspberrypi kernel: [   16.085848] Bluetooth: BNEP socket layer initialized
Jun 11 18:08:12 raspberrypi kernel: [    0.000000] Booting Linux on physical CPU 0x0
Jun 11 18:08:12 raspberrypi kernel: [    0.000000] Linux version 4.9.80-v7+ (harcok@cup) (gcc version 4.8.4 (Ubuntu/Linaro 4.8.4-2ubuntu1~14.04.1) ) #3 SMP Tue Jun 4 10:44:43 CEST 2019
Jun 11 18:08:12 raspberrypi kernel: [    0.000000] CPU: ARMv7 Processor [410fd034] revision 4 (ARMv7), cr=10c5383d
Jun 11 18:08:12 raspberrypi kernel: [    0.000000] CPU: div instructions available: patching division code
Jun 11 18:08:12 raspberrypi kernel: [    0.000000] CPU: PIPT / VIPT nonaliasing data cache, VIPT aliasing instruction cache
Jun 11 18:08:12 raspberrypi kernel: [    0.000000] OF: fdt:Machine model: Raspberry Pi 3 Model B Plus Rev 1.3
Jun 11 18:08:12 raspberrypi kernel: [    0.000000] Memory policy: Data cache writealloc
Jun 11 18:08:12 raspberrypi kernel: [    0.000000] On node 0 totalpages: 242688
Jun 11 18:08:12 raspberrypi kernel: [    0.000000] free_area_init_node: node 0, pgdat 80c769c0, node_mem_map baba6000
Jun 11 18:08:12 raspberrypi kernel: [    0.000000]   Normal zone: 2133 pages used for memmap
Jun 11 18:08:12 raspberrypi kernel: [    0.000000]   Normal zone: 0 pages reserved
Jun 11 18:08:12 raspberrypi kernel: [    0.000000]   Normal zone: 242688 pages, LIFO batch:31
Jun 11 18:08:12 raspberrypi kernel: [    0.000000] percpu: Embedded 17 pages/cpu @bab53000 s37952 r8192 d23488 u69632
Jun 11 18:08:12 raspberrypi kernel: [    0.000000] pcpu-alloc: s37952 r8192 d23488 u69632 alloc=17*4096
Jun 11 18:08:12 raspberrypi kernel: [    0.000000] pcpu-alloc: [0] 0 [0] 1 [0] 2 [0] 3 
Jun 11 18:08:12 raspberrypi kernel: [    0.000000] Built 1 zonelists in Zone order, mobility grouping on.  Total pages: 240555
Jun 11 18:08:12 raspberrypi kernel: [    0.000000] Kernel command line: 8250.nr_uarts=0 bcm2708_fb.fbwidth=1600 bcm2708_fb.fbheight=1200 bcm2708_fb.fbswap=1 vc_mem.mem_base=0x3ec00000 vc_mem.mem_size=0x40000000  dwc_otg.lpm_enable=0 console=ttyS0,115200 console=tty1 root=PARTUUID=b93bee23-02 rootfstype=ext4 elevator=deadline fsck.repair=yes rootwait
Jun 11 18:08:12 raspberrypi kernel: [    0.000000] PID hash table entries: 4096 (order: 2, 16384 bytes)
Jun 11 18:08:12 raspberrypi kernel: [    0.000000] Dentry cache hash table entries: 131072 (order: 7, 524288 bytes)
Jun 11 18:08:12 raspberrypi kernel: [    0.000000] Inode-cache hash table entries: 65536 (order: 6, 262144 bytes)
Jun 11 18:08:12 raspberrypi kernel: [    0.000000] Memory: 948444K/970752K available (7168K kernel code, 525K rwdata, 2064K rodata, 1024K init, 807K bss, 22308K reserved, 0K cma-reserved)
Jun 11 18:08:12 raspberrypi kernel: [    0.000000] Virtual kernel memory layout:
Jun 11 18:08:12 raspberrypi kernel: [    0.000000]     vector  : 0xffff0000 - 0xffff1000   (   4 kB)
Jun 11 18:08:12 raspberrypi kernel: [    0.000000]     fixmap  : 0xffc00000 - 0xfff00000   (3072 kB)
Jun 11 18:08:12 raspberrypi kernel: [    0.000000]     vmalloc : 0xbb800000 - 0xff800000   (1088 MB)
Jun 11 18:08:12 raspberrypi kernel: [    0.000000]     lowmem  : 0x80000000 - 0xbb400000   ( 948 MB)
Jun 11 18:08:12 raspberrypi kernel: [    0.000000]     modules : 0x7f000000 - 0x80000000   (  16 MB)
Jun 11 18:08:12 raspberrypi kernel: [    0.000000]       .text : 0x80008000 - 0x80800000   (8160 kB)
Jun 11 18:08:12 raspberrypi kernel: [    0.000000]       .init : 0x80b00000 - 0x80c00000   (1024 kB)
Jun 11 18:08:12 raspberrypi kernel: [    0.000000]       .data : 0x80c00000 - 0x80c835dc   ( 526 kB)
Jun 11 18:08:12 raspberrypi kernel: [    0.000000]        .bss : 0x80c85000 - 0x80d4ede4   ( 808 kB)
Jun 11 18:08:12 raspberrypi kernel: [    0.000000] SLUB: HWalign=64, Order=0-3, MinObjects=0, CPUs=4, Nodes=1
Jun 11 18:08:12 raspberrypi kernel: [    0.000000] Hierarchical RCU implementation.
Jun 11 18:08:12 raspberrypi kernel: [    0.000000] 	Build-time adjustment of leaf fanout to 32.
Jun 11 18:08:12 raspberrypi kernel: [    0.000000] NR_IRQS:16 nr_irqs:16 16
Jun 11 18:08:12 raspberrypi kernel: [    0.000000] arm_arch_timer: Architected cp15 timer(s) running at 19.20MHz (phys).
Jun 11 18:08:12 raspberrypi kernel: [    0.000000] I-pipe, 19.200 MHz clocksource, wrap in 960767920505705 ms
Jun 11 18:08:12 raspberrypi kernel: [    0.000000] clocksource: ipipe_tsc: mask: 0xffffffffffffffff max_cycles: 0x46d987e47, max_idle_ns: 440795202767 ns
Jun 11 18:08:12 raspberrypi kernel: [    0.000000] clocksource: arch_sys_counter: mask: 0xffffffffffffff max_cycles: 0x46d987e47, max_idle_ns: 440795202767 ns
Jun 11 18:08:12 raspberrypi kernel: [    0.000007] sched_clock: 56 bits at 19MHz, resolution 52ns, wraps every 4398046511078ns
Jun 11 18:08:12 raspberrypi kernel: [    0.000026] Switching to timer-based delay loop, resolution 52ns
Jun 11 18:08:12 raspberrypi kernel: [    0.001465] Interrupt pipeline (release #4)
Jun 11 18:08:12 raspberrypi kernel: [    0.001686] Console: colour dummy device 80x30
Jun 11 18:08:12 raspberrypi kernel: [    0.002920] console [tty1] enabled
Jun 11 18:08:12 raspberrypi kernel: [    0.002974] Calibrating delay loop (skipped), value calculated using timer frequency.. 38.40 BogoMIPS (lpj=192000)
Jun 11 18:08:12 raspberrypi kernel: [    0.003058] pid_max: default: 32768 minimum: 301
Jun 11 18:08:12 raspberrypi kernel: [    0.003291] Mount-cache hash table entries: 2048 (order: 1, 8192 bytes)
Jun 11 18:08:12 raspberrypi kernel: [    0.003344] Mountpoint-cache hash table entries: 2048 (order: 1, 8192 bytes)
Jun 11 18:08:12 raspberrypi kernel: [    0.004591] Disabling memory control group subsystem
Jun 11 18:08:12 raspberrypi kernel: [    0.004719] CPU: Testing write buffer coherency: ok
Jun 11 18:08:12 raspberrypi kernel: [    0.005309] CPU0: update cpu_capacity 1024
Jun 11 18:08:12 raspberrypi kernel: [    0.005354] CPU0: thread -1, cpu 0, socket 0, mpidr 80000000
Jun 11 18:08:12 raspberrypi kernel: [    0.005422] Setting up static identity map for 0x100000 - 0x100034
Jun 11 18:08:12 raspberrypi kernel: [    0.008393] CPU1: update cpu_capacity 1024
Jun 11 18:08:12 raspberrypi kernel: [    0.008402] CPU1: thread -1, cpu 1, socket 0, mpidr 80000001
Jun 11 18:08:12 raspberrypi kernel: [    0.009442] CPU2: update cpu_capacity 1024
Jun 11 18:08:12 raspberrypi kernel: [    0.009451] CPU2: thread -1, cpu 2, socket 0, mpidr 80000002
Jun 11 18:08:12 raspberrypi kernel: [    0.010547] CPU3: update cpu_capacity 1024
Jun 11 18:08:12 raspberrypi kernel: [    0.010555] CPU3: thread -1, cpu 3, socket 0, mpidr 80000003
Jun 11 18:08:12 raspberrypi kernel: [    0.010721] Brought up 4 CPUs
Jun 11 18:08:12 raspberrypi kernel: [    0.010967] SMP: Total of 4 processors activated (153.60 BogoMIPS).
Jun 11 18:08:12 raspberrypi kernel: [    0.011012] CPU: All CPU(s) started in HYP mode.
Jun 11 18:08:12 raspberrypi kernel: [    0.011052] CPU: Virtualization extensions available.
Jun 11 18:08:12 raspberrypi kernel: [    0.012802] devtmpfs: initialized
Jun 11 18:08:12 raspberrypi kernel: [    0.032129] VFP support v0.3: implementor 41 architecture 3 part 40 variant 3 rev 4
Jun 11 18:08:12 raspberrypi kernel: [    0.032629] clocksource: jiffies: mask: 0xffffffff max_cycles: 0xffffffff, max_idle_ns: 19112604462750000 ns
Jun 11 18:08:12 raspberrypi kernel: [    0.032715] futex hash table entries: 1024 (order: 4, 65536 bytes)
Jun 11 18:08:12 raspberrypi kernel: [    0.033033] pinctrl core: initialized pinctrl subsystem
Jun 11 18:08:12 raspberrypi kernel: [    0.034410] NET: Registered protocol family 16
Jun 11 18:08:12 raspberrypi kernel: [    0.036158] DMA: preallocated 1024 KiB pool for atomic coherent allocations
Jun 11 18:08:12 raspberrypi kernel: [    0.050246] hw-breakpoint: found 5 (+1 reserved) breakpoint and 4 watchpoint registers.
Jun 11 18:08:12 raspberrypi kernel: [    0.050315] hw-breakpoint: maximum watchpoint size is 8 bytes.
Jun 11 18:08:12 raspberrypi kernel: [    0.050565] Serial: AMBA PL011 UART driver
Jun 11 18:08:12 raspberrypi kernel: [    0.054016] bcm2835-mbox 3f00b880.mailbox: mailbox enabled
Jun 11 18:08:12 raspberrypi kernel: [    0.055035] uart-pl011 3f201000.serial: could not find pctldev for node /soc/gpio@7e200000/uart0_pins, deferring probe
Jun 11 18:08:12 raspberrypi kernel: [    0.151885] bcm2835-dma 3f007000.dma: DMA legacy API manager at bb90f000, dmachans=0x1
Jun 11 18:08:12 raspberrypi kernel: [    0.154883] SCSI subsystem initialized
Jun 11 18:08:12 raspberrypi kernel: [    0.155368] usbcore: registered new interface driver usbfs
Jun 11 18:08:12 raspberrypi kernel: [    0.155523] usbcore: registered new interface driver hub
Jun 11 18:08:12 raspberrypi kernel: [    0.155708] usbcore: registered new device driver usb
Jun 11 18:08:12 raspberrypi kernel: [    0.160202] raspberrypi-firmware soc:firmware: Attached to firmware from 2019-03-27 15:45
Jun 11 18:08:12 raspberrypi kernel: [    0.162369] clocksource: Switched to clocksource ipipe_tsc
Jun 11 18:08:12 raspberrypi kernel: [    0.234797] VFS: Disk quotas dquot_6.6.0
Jun 11 18:08:12 raspberrypi kernel: [    0.234945] VFS: Dquot-cache hash table entries: 1024 (order 0, 4096 bytes)
Jun 11 18:08:12 raspberrypi kernel: [    0.235300] FS-Cache: Loaded
Jun 11 18:08:12 raspberrypi kernel: [    0.235679] CacheFiles: Loaded
Jun 11 18:08:12 raspberrypi kernel: [    0.256275] NET: Registered protocol family 2
Jun 11 18:08:12 raspberrypi kernel: [    0.257443] TCP established hash table entries: 8192 (order: 3, 32768 bytes)
Jun 11 18:08:12 raspberrypi kernel: [    0.257600] TCP bind hash table entries: 8192 (order: 4, 65536 bytes)
Jun 11 18:08:12 raspberrypi kernel: [    0.257827] TCP: Hash tables configured (established 8192 bind 8192)
Jun 11 18:08:12 raspberrypi kernel: [    0.257968] UDP hash table entries: 512 (order: 2, 16384 bytes)
Jun 11 18:08:12 raspberrypi kernel: [    0.258053] UDP-Lite hash table entries: 512 (order: 2, 16384 bytes)
Jun 11 18:08:12 raspberrypi kernel: [    0.258403] NET: Registered protocol family 1
Jun 11 18:08:12 raspberrypi kernel: [    0.259082] RPC: Registered named UNIX socket transport module.
Jun 11 18:08:12 raspberrypi kernel: [    0.259130] RPC: Registered udp transport module.
Jun 11 18:08:12 raspberrypi kernel: [    0.259171] RPC: Registered tcp transport module.
Jun 11 18:08:12 raspberrypi kernel: [    0.259212] RPC: Registered tcp NFSv4.1 backchannel transport module.
Jun 11 18:08:12 raspberrypi kernel: [    0.260630] hw perfevents: enabled with armv7_cortex_a7 PMU driver, 7 counters available
Jun 11 18:08:12 raspberrypi kernel: [    0.263862] [Xenomai] scheduling class idle registered.
Jun 11 18:08:12 raspberrypi kernel: [    0.263908] [Xenomai] scheduling class rt registered.
Jun 11 18:08:12 raspberrypi kernel: [    0.264159] I-pipe: head domain Xenomai registered.
Jun 11 18:08:12 raspberrypi kernel: [    0.269062] [Xenomai] Cobalt v3.0.8 
Jun 11 18:08:12 raspberrypi kernel: [    0.269507] workingset: timestamp_bits=14 max_order=18 bucket_order=4
Jun 11 18:08:12 raspberrypi kernel: [    0.294721] FS-Cache: Netfs 'nfs' registered for caching
Jun 11 18:08:12 raspberrypi kernel: [    0.296279] NFS: Registering the id_resolver key type
Jun 11 18:08:12 raspberrypi kernel: [    0.296346] Key type id_resolver registered
Jun 11 18:08:12 raspberrypi kernel: [    0.296387] Key type id_legacy registered
Jun 11 18:08:12 raspberrypi kernel: [    0.300308] Block layer SCSI generic (bsg) driver version 0.4 loaded (major 249)
Jun 11 18:08:12 raspberrypi kernel: [    0.300564] io scheduler noop registered
Jun 11 18:08:12 raspberrypi kernel: [    0.300607] io scheduler deadline registered (default)
Jun 11 18:08:12 raspberrypi kernel: [    0.301042] io scheduler cfq registered
Jun 11 18:08:12 raspberrypi kernel: [    0.308880] BCM2708FB: allocated DMA memory f98f0000
Jun 11 18:08:12 raspberrypi kernel: [    0.308956] BCM2708FB: allocated DMA channel 0 @ bb90f000
Jun 11 18:08:12 raspberrypi kernel: [    0.363503] Console: switching to colour frame buffer device 200x75
Jun 11 18:08:12 raspberrypi kernel: [    0.398019] bcm2835-rng 3f104000.rng: hwrng registered
Jun 11 18:08:12 raspberrypi kernel: [    0.398358] vc-mem: phys_addr:0x00000000 mem_base=0x3ec00000 mem_size:0x40000000(1024 MiB)
Jun 11 18:08:12 raspberrypi kernel: [    0.399448] vc-sm: Videocore shared memory driver
Jun 11 18:08:12 raspberrypi kernel: [    0.424130] brd: module loaded
Jun 11 18:08:12 raspberrypi kernel: [    0.438578] loop: module loaded
Jun 11 18:08:12 raspberrypi kernel: [    0.438720] Loading iSCSI transport class v2.0-870.
Jun 11 18:08:12 raspberrypi kernel: [    0.440030] libphy: Fixed MDIO Bus: probed
Jun 11 18:08:12 raspberrypi kernel: [    0.440344] usbcore: registered new interface driver lan78xx
Jun 11 18:08:12 raspberrypi kernel: [    0.440653] usbcore: registered new interface driver smsc95xx
Jun 11 18:08:12 raspberrypi kernel: [    0.440851] dwc_otg: version 3.00a 10-AUG-2012 (platform bus)
Jun 11 18:08:12 raspberrypi kernel: [    0.669306] Core Release: 2.80a
Jun 11 18:08:12 raspberrypi kernel: [    0.669424] Setting default values for core params
Jun 11 18:08:12 raspberrypi kernel: [    0.669615] Finished setting default values for core params
Jun 11 18:08:12 raspberrypi kernel: [    0.870421] Using Buffer DMA mode
Jun 11 18:08:12 raspberrypi kernel: [    0.870541] Periodic Transfer Interrupt Enhancement - disabled
Jun 11 18:08:12 raspberrypi kernel: [    0.870725] Multiprocessor Interrupt Enhancement - disabled
Jun 11 18:08:12 raspberrypi kernel: [    0.870902] OTG VER PARAM: 0, OTG VER FLAG: 0
Jun 11 18:08:12 raspberrypi kernel: [    0.871051] Dedicated Tx FIFOs mode
Jun 11 18:08:12 raspberrypi kernel: [    0.871494] WARN::dwc_otg_hcd_init:1032: FIQ DMA bounce buffers: virt = 0xbc4fa000 dma = 0xf9ac0000 len=9024
Jun 11 18:08:12 raspberrypi kernel: [    0.871812] FIQ FSM acceleration enabled for :
Jun 11 18:08:12 raspberrypi kernel: [    0.871812] Non-periodic Split Transactions
Jun 11 18:08:12 raspberrypi kernel: [    0.871812] Periodic Split Transactions
Jun 11 18:08:12 raspberrypi kernel: [    0.871812] High-Speed Isochronous Endpoints
Jun 11 18:08:12 raspberrypi kernel: [    0.871812] Interrupt/Control Split Transaction hack enabled
Jun 11 18:08:12 raspberrypi kernel: [    0.872503] dwc_otg: Microframe scheduler enabled
Jun 11 18:08:12 raspberrypi kernel: [    0.872557] WARN::hcd_init_fiq:459: FIQ on core 1 at 0x805b40c0
Jun 11 18:08:12 raspberrypi kernel: [    0.872756] WARN::hcd_init_fiq:460: FIQ ASM at 0x805b4420 length 36
Jun 11 18:08:12 raspberrypi kernel: [    0.872961] WARN::hcd_init_fiq:486: MPHI regs_base at 0xbbd7b000
Jun 11 18:08:12 raspberrypi kernel: [    0.873233] dwc_otg 3f980000.usb: DWC OTG Controller
Jun 11 18:08:12 raspberrypi kernel: [    0.873434] dwc_otg 3f980000.usb: new USB bus registered, assigned bus number 1
Jun 11 18:08:12 raspberrypi kernel: [    0.873697] dwc_otg 3f980000.usb: irq 62, io mem 0x00000000
Jun 11 18:08:12 raspberrypi kernel: [    0.873929] Init: Port Power? op_state=1
Jun 11 18:08:12 raspberrypi kernel: [    0.874060] Init: Power Port (0)
Jun 11 18:08:12 raspberrypi kernel: [    0.874550] usb usb1: New USB device found, idVendor=1d6b, idProduct=0002
Jun 11 18:08:12 raspberrypi kernel: [    0.874769] usb usb1: New USB device strings: Mfr=3, Product=2, SerialNumber=1
Jun 11 18:08:12 raspberrypi kernel: [    0.874996] usb usb1: Product: DWC OTG Controller
Jun 11 18:08:12 raspberrypi kernel: [    0.875153] usb usb1: Manufacturer: Linux 4.9.80-v7+ dwc_otg_hcd
Jun 11 18:08:12 raspberrypi kernel: [    0.875344] usb usb1: SerialNumber: 3f980000.usb
Jun 11 18:08:12 raspberrypi kernel: [    0.876758] hub 1-0:1.0: USB hub found
Jun 11 18:08:12 raspberrypi kernel: [    0.876947] hub 1-0:1.0: 1 port detected
Jun 11 18:08:12 raspberrypi kernel: [    0.878062] dwc_otg: FIQ enabled
Jun 11 18:08:12 raspberrypi kernel: [    0.878070] dwc_otg: NAK holdoff enabled
Jun 11 18:08:12 raspberrypi kernel: [    0.878078] dwc_otg: FIQ split-transaction FSM enabled
Jun 11 18:08:12 raspberrypi kernel: [    0.878101] Module dwc_common_port init
Jun 11 18:08:12 raspberrypi kernel: [    0.878550] usbcore: registered new interface driver usb-storage
Jun 11 18:08:12 raspberrypi kernel: [    0.888475] mousedev: PS/2 mouse device common for all mice
Jun 11 18:08:12 raspberrypi kernel: [    0.899543] bcm2835-wdt 3f100000.watchdog: Broadcom BCM2835 watchdog timer
Jun 11 18:08:12 raspberrypi kernel: [    0.909558] sdhci: Secure Digital Host Controller Interface driver
Jun 11 18:08:12 raspberrypi kernel: [    0.919091] sdhci: Copyright(c) Pierre Ossman
Jun 11 18:08:12 raspberrypi kernel: [    0.928996] sdhost-bcm2835 3f202000.sdhost: could not get clk, deferring probe
Jun 11 18:08:12 raspberrypi kernel: [    0.940947] mmc-bcm2835 3f300000.mmc: could not get clk, deferring probe
Jun 11 18:08:12 raspberrypi kernel: [    0.950693] sdhci-pltfm: SDHCI platform and OF driver helper
Jun 11 18:08:12 raspberrypi kernel: [    0.962185] ledtrig-cpu: registered to indicate activity on CPUs
Jun 11 18:08:12 raspberrypi kernel: [    0.972092] hidraw: raw HID events driver (C) Jiri Kosina
Jun 11 18:08:12 raspberrypi kernel: [    0.982136] usbcore: registered new interface driver usbhid
Jun 11 18:08:12 raspberrypi kernel: [    0.991938] usbhid: USB HID core driver
Jun 11 18:08:12 raspberrypi kernel: [    1.002792] vchiq: vchiq_init_state: slot_zero = 0xbdb81000, is_master = 0
Jun 11 18:08:12 raspberrypi kernel: [    1.014388] [vc_sm_connected_init]: start
Jun 11 18:08:12 raspberrypi kernel: [    1.025062] [vc_sm_connected_init]: end - returning 0
Jun 11 18:08:12 raspberrypi kernel: [    1.036207] Initializing XFRM netlink socket
Jun 11 18:08:12 raspberrypi kernel: [    1.045972] NET: Registered protocol family 17
Jun 11 18:08:12 raspberrypi kernel: [    1.055838] Key type dns_resolver registered
Jun 11 18:08:12 raspberrypi kernel: [    1.066088] Registering SWP/SWPB emulation handler
Jun 11 18:08:12 raspberrypi kernel: [    1.076963] registered taskstats version 1
Jun 11 18:08:12 raspberrypi kernel: [    1.097980] uart-pl011 3f201000.serial: cts_event_workaround enabled
Jun 11 18:08:12 raspberrypi kernel: [    1.107827] 3f201000.serial: ttyAMA0 at MMIO 0x3f201000 (irq = 87, base_baud = 0) is a PL011 rev2
Jun 11 18:08:12 raspberrypi kernel: [    1.120286] sdhost: log_buf @ bdbc7000 (f9b6d000)
Jun 11 18:08:12 raspberrypi kernel: [    1.130512] Indeed it is in host mode hprt0 = 00021501
Jun 11 18:08:12 raspberrypi kernel: [    1.228780] random: fast init done
Jun 11 18:08:12 raspberrypi kernel: [    1.272421] mmc0: sdhost-bcm2835 loaded - DMA enabled (>1)
Jun 11 18:08:12 raspberrypi kernel: [    1.284796] mmc-bcm2835 3f300000.mmc: mmc_debug:0 mmc_debug2:0
Jun 11 18:08:12 raspberrypi kernel: [    1.294711] mmc-bcm2835 3f300000.mmc: DMA channel allocated
Jun 11 18:08:12 raspberrypi kernel: [    1.372429] usb 1-1: new high-speed USB device number 2 using dwc_otg
Jun 11 18:08:12 raspberrypi kernel: [    1.382652] of_cfs_init
Jun 11 18:08:12 raspberrypi kernel: [    1.382926] Indeed it is in host mode hprt0 = 00001101
Jun 11 18:08:12 raspberrypi kernel: [    1.402584] of_cfs_init: OK
Jun 11 18:08:12 raspberrypi kernel: [    1.413066] Waiting for root device PARTUUID=b93bee23-02...
Jun 11 18:08:12 raspberrypi kernel: [    1.451077] mmc0: host does not support reading read-only switch, assuming write-enable
Jun 11 18:08:12 raspberrypi kernel: [    1.466305] mmc0: new high speed SDHC card at address 59b4
Jun 11 18:08:12 raspberrypi kernel: [    1.477577] mmcblk0: mmc0:59b4 USDU1 7.31 GiB
Jun 11 18:08:12 raspberrypi kernel: [    1.489465]  mmcblk0: p1 p2
Jun 11 18:08:12 raspberrypi kernel: [    1.505266] mmc1: queuing unknown CIS tuple 0x80 (2 bytes)
Jun 11 18:08:12 raspberrypi kernel: [    1.516973] mmc1: queuing unknown CIS tuple 0x80 (3 bytes)
Jun 11 18:08:12 raspberrypi kernel: [    1.528636] mmc1: queuing unknown CIS tuple 0x80 (3 bytes)
Jun 11 18:08:12 raspberrypi kernel: [    1.541598] mmc1: queuing unknown CIS tuple 0x80 (7 bytes)
Jun 11 18:08:12 raspberrypi kernel: [    1.555422] EXT4-fs (mmcblk0p2): mounted filesystem with ordered data mode. Opts: (null)
Jun 11 18:08:12 raspberrypi kernel: [    1.565536] VFS: Mounted root (ext4 filesystem) readonly on device 179:2.
Jun 11 18:08:12 raspberrypi kernel: [    1.584755] devtmpfs: mounted
Jun 11 18:08:12 raspberrypi kernel: [    1.596667] Freeing unused kernel memory: 1024K
Jun 11 18:08:12 raspberrypi kernel: [    1.613124] usb 1-1: New USB device found, idVendor=0424, idProduct=2514
Jun 11 18:08:12 raspberrypi kernel: [    1.623177] usb 1-1: New USB device strings: Mfr=0, Product=0, SerialNumber=0
Jun 11 18:08:12 raspberrypi kernel: [    1.635257] hub 1-1:1.0: USB hub found
Jun 11 18:08:12 raspberrypi kernel: [    1.645557] hub 1-1:1.0: 4 ports detected
Jun 11 18:08:12 raspberrypi kernel: [    1.666347] mmc1: new high speed SDIO card at address 0001
Jun 11 18:08:12 raspberrypi kernel: [    1.972462] usb 1-1.1: new high-speed USB device number 3 using dwc_otg
Jun 11 18:08:12 raspberrypi kernel: [    2.112983] usb 1-1.1: New USB device found, idVendor=0424, idProduct=2514
Jun 11 18:08:12 raspberrypi kernel: [    2.123099] usb 1-1.1: New USB device strings: Mfr=0, Product=0, SerialNumber=0
Jun 11 18:08:12 raspberrypi kernel: [    2.134428] hub 1-1.1:1.0: USB hub found
Jun 11 18:08:12 raspberrypi kernel: [    2.144606] hub 1-1.1:1.0: 3 ports detected
Jun 11 18:08:12 raspberrypi kernel: [    2.195207] NET: Registered protocol family 10
Jun 11 18:08:12 raspberrypi kernel: [    2.217658] ip_tables: (C) 2000-2006 Netfilter Core Team
Jun 11 18:08:12 raspberrypi kernel: [    2.252458] usb 1-1.2: new low-speed USB device number 4 using dwc_otg
Jun 11 18:08:12 raspberrypi kernel: [    2.427926] usb 1-1.2: New USB device found, idVendor=03f0, idProduct=0024
Jun 11 18:08:12 raspberrypi kernel: [    2.439716] usb 1-1.2: New USB device strings: Mfr=1, Product=2, SerialNumber=0
Jun 11 18:08:12 raspberrypi kernel: [    2.451702] usb 1-1.2: Product: HP Basic USB Keyboard
Jun 11 18:08:12 raspberrypi kernel: [    2.463548] usb 1-1.2: Manufacturer: CHICONY
Jun 11 18:08:12 raspberrypi kernel: [    2.498155] input: CHICONY HP Basic USB Keyboard as /devices/platform/soc/3f980000.usb/usb1/1-1/1-1.2/1-1.2:1.0/0003:03F0:0024.0001/input/input0
Jun 11 18:08:12 raspberrypi kernel: [    2.573622] hid-generic 0003:03F0:0024.0001: input,hidraw0: USB HID v1.10 Keyboard [CHICONY HP Basic USB Keyboard] on usb-3f980000.usb-1.2/input0
Jun 11 18:08:12 raspberrypi kernel: [    2.682481] usb 1-1.3: new low-speed USB device number 5 using dwc_otg
Jun 11 18:08:12 raspberrypi kernel: [    2.838135] usb 1-1.3: New USB device found, idVendor=046d, idProduct=c077
Jun 11 18:08:12 raspberrypi kernel: [    2.849472] usb 1-1.3: New USB device strings: Mfr=1, Product=2, SerialNumber=0
Jun 11 18:08:12 raspberrypi kernel: [    2.860715] usb 1-1.3: Product: USB Optical Mouse
Jun 11 18:08:12 raspberrypi kernel: [    2.882924] usb 1-1.3: Manufacturer: Logitech
Jun 11 18:08:12 raspberrypi kernel: [    2.888093] input: Logitech USB Optical Mouse as /devices/platform/soc/3f980000.usb/usb1/1-1/1-1.3/1-1.3:1.0/0003:046D:C077.0002/input/input1
Jun 11 18:08:12 raspberrypi kernel: [    2.888700] hid-generic 0003:046D:C077.0002: input,hidraw1: USB HID v1.11 Mouse [Logitech USB Optical Mouse] on usb-3f980000.usb-1.3/input0
Jun 11 18:08:12 raspberrypi kernel: [    3.142515] usb 1-1.1.1: new high-speed USB device number 6 using dwc_otg
Jun 11 18:08:12 raspberrypi kernel: [    3.273259] usb 1-1.1.1: New USB device found, idVendor=0424, idProduct=7800
Jun 11 18:08:12 raspberrypi kernel: [    3.286768] usb 1-1.1.1: New USB device strings: Mfr=0, Product=0, SerialNumber=0
Jun 11 18:08:12 raspberrypi kernel: [    3.581195] libphy: lan78xx-mdiobus: probed
Jun 11 18:08:12 raspberrypi kernel: [    4.065523] EXT4-fs (mmcblk0p2): re-mounted. Opts: (null)
Jun 11 18:08:12 raspberrypi kernel: [    4.695036] gpiomem-bcm2835 3f200000.gpiomem: Initialised: Registers at 0x3f200000
Jun 11 18:08:12 raspberrypi kernel: [    4.955559] brcmfmac: F1 signature read @0x18000000=0x15264345
Jun 11 18:08:12 raspberrypi kernel: [    4.973380] usbcore: registered new interface driver brcmfmac
Jun 11 18:08:12 raspberrypi kernel: [    5.365347] brcmfmac: Firmware version = wl0: Feb 27 2018 03:15:32 version 7.45.154 (r684107 CY) FWID 01-4fbe0b04
Jun 11 18:08:12 raspberrypi kernel: [    5.366285] brcmfmac: brcmf_c_preinit_dcmds: CLM version = API: 12.2 Data: 9.10.105 Compiler: 1.29.4 ClmImport: 1.36.3 Creation: 2018-03-09 18:56:28 
Jun 11 18:08:12 raspberrypi kernel: [    5.415554] random: crng init done
Jun 11 18:08:12 raspberrypi kernel: [    6.358196] uart-pl011 3f201000.serial: no DMA platform data
Jun 11 18:08:12 raspberrypi kernel: [    7.170639] Adding 102396k swap on /var/swap.  Priority:-1 extents:1 across:102396k SSFS
Jun 11 18:08:13 raspberrypi kernel: [    7.484126] IPv6: ADDRCONF(NETDEV_UP): eth0: link is not ready
Jun 11 18:08:13 raspberrypi kernel: [    7.484496] lan78xx 1-1.1.1:1.0 eth0: kevent 4 may have been dropped
Jun 11 18:08:13 raspberrypi kernel: [    7.485507] lan78xx 1-1.1.1:1.0 eth0: kevent 4 may have been dropped
Jun 11 18:08:13 raspberrypi kernel: [    7.486487] lan78xx 1-1.1.1:1.0 eth0: kevent 4 may have been dropped
Jun 11 18:08:13 raspberrypi kernel: [    7.487559] lan78xx 1-1.1.1:1.0 eth0: kevent 4 may have been dropped
Jun 11 18:08:13 raspberrypi kernel: [    7.488547] lan78xx 1-1.1.1:1.0 eth0: kevent 4 may have been dropped
Jun 11 18:08:13 raspberrypi kernel: [    7.489444] lan78xx 1-1.1.1:1.0 eth0: kevent 4 may have been dropped
Jun 11 18:08:13 raspberrypi kernel: [    7.506672] IPv6: ADDRCONF(NETDEV_CHANGE): eth0: link becomes ready
Jun 11 18:08:18 raspberrypi kernel: [   12.849726] Bluetooth: Core ver 2.22
Jun 11 18:08:18 raspberrypi kernel: [   12.849814] NET: Registered protocol family 31
Jun 11 18:08:18 raspberrypi kernel: [   12.849819] Bluetooth: HCI device and connection manager initialized
Jun 11 18:08:18 raspberrypi kernel: [   12.849846] Bluetooth: HCI socket layer initialized
Jun 11 18:08:18 raspberrypi kernel: [   12.849865] Bluetooth: L2CAP socket layer initialized
Jun 11 18:08:18 raspberrypi kernel: [   12.849916] Bluetooth: SCO socket layer initialized
Jun 11 18:08:18 raspberrypi kernel: [   12.860939] Bluetooth: HCI UART driver ver 2.3
Jun 11 18:08:18 raspberrypi kernel: [   12.860950] Bluetooth: HCI UART protocol H4 registered
Jun 11 18:08:18 raspberrypi kernel: [   12.860960] Bluetooth: HCI UART protocol Three-wire (H5) registered
Jun 11 18:08:18 raspberrypi kernel: [   12.861314] Bluetooth: HCI UART protocol Broadcom registered
Jun 11 18:08:18 raspberrypi kernel: [   13.202643] Bluetooth: BNEP (Ethernet Emulation) ver 1.3
Jun 11 18:08:18 raspberrypi kernel: [   13.202657] Bluetooth: BNEP filters: protocol multicast
Jun 11 18:08:18 raspberrypi kernel: [   13.202683] Bluetooth: BNEP socket layer initialized
Jun 11 18:10:59 raspberrypi kernel: [  165.162006] IPv6: ADDRCONF(NETDEV_UP): wlan0: link is not ready
Jun 11 18:10:59 raspberrypi kernel: [  165.162027] brcmfmac: power management disabled
Jun 11 18:14:55 raspberrypi kernel: [    0.000000] Booting Linux on physical CPU 0x0
Jun 11 18:14:55 raspberrypi kernel: [    0.000000] Linux version 4.9.80-v7+ (harcok@cup) (gcc version 4.8.4 (Ubuntu/Linaro 4.8.4-2ubuntu1~14.04.1) ) #3 SMP Tue Jun 4 10:44:43 CEST 2019
Jun 11 18:14:55 raspberrypi kernel: [    0.000000] CPU: ARMv7 Processor [410fd034] revision 4 (ARMv7), cr=10c5383d
Jun 11 18:14:55 raspberrypi kernel: [    0.000000] CPU: div instructions available: patching division code
Jun 11 18:14:55 raspberrypi kernel: [    0.000000] CPU: PIPT / VIPT nonaliasing data cache, VIPT aliasing instruction cache
Jun 11 18:14:55 raspberrypi kernel: [    0.000000] OF: fdt:Machine model: Raspberry Pi 3 Model B Plus Rev 1.3
Jun 11 18:14:55 raspberrypi kernel: [    0.000000] Memory policy: Data cache writealloc
Jun 11 18:14:55 raspberrypi kernel: [    0.000000] On node 0 totalpages: 242688
Jun 11 18:14:55 raspberrypi kernel: [    0.000000] free_area_init_node: node 0, pgdat 80c769c0, node_mem_map baba6000
Jun 11 18:14:55 raspberrypi kernel: [    0.000000]   Normal zone: 2133 pages used for memmap
Jun 11 18:14:55 raspberrypi kernel: [    0.000000]   Normal zone: 0 pages reserved
Jun 11 18:14:55 raspberrypi kernel: [    0.000000]   Normal zone: 242688 pages, LIFO batch:31
Jun 11 18:14:55 raspberrypi kernel: [    0.000000] percpu: Embedded 17 pages/cpu @bab53000 s37952 r8192 d23488 u69632
Jun 11 18:14:55 raspberrypi kernel: [    0.000000] pcpu-alloc: s37952 r8192 d23488 u69632 alloc=17*4096
Jun 11 18:14:55 raspberrypi kernel: [    0.000000] pcpu-alloc: [0] 0 [0] 1 [0] 2 [0] 3 
Jun 11 18:14:55 raspberrypi kernel: [    0.000000] Built 1 zonelists in Zone order, mobility grouping on.  Total pages: 240555
Jun 11 18:14:55 raspberrypi kernel: [    0.000000] Kernel command line: 8250.nr_uarts=0 bcm2708_fb.fbwidth=1600 bcm2708_fb.fbheight=1200 bcm2708_fb.fbswap=1 vc_mem.mem_base=0x3ec00000 vc_mem.mem_size=0x40000000  dwc_otg.lpm_enable=0 console=ttyS0,115200 console=tty1 root=PARTUUID=b93bee23-02 rootfstype=ext4 elevator=deadline fsck.repair=yes rootwait
Jun 11 18:14:55 raspberrypi kernel: [    0.000000] PID hash table entries: 4096 (order: 2, 16384 bytes)
Jun 11 18:14:55 raspberrypi kernel: [    0.000000] Dentry cache hash table entries: 131072 (order: 7, 524288 bytes)
Jun 11 18:14:55 raspberrypi kernel: [    0.000000] Inode-cache hash table entries: 65536 (order: 6, 262144 bytes)
Jun 11 18:14:55 raspberrypi kernel: [    0.000000] Memory: 948444K/970752K available (7168K kernel code, 525K rwdata, 2064K rodata, 1024K init, 807K bss, 22308K reserved, 0K cma-reserved)
Jun 11 18:14:55 raspberrypi kernel: [    0.000000] Virtual kernel memory layout:
Jun 11 18:14:55 raspberrypi kernel: [    0.000000]     vector  : 0xffff0000 - 0xffff1000   (   4 kB)
Jun 11 18:14:55 raspberrypi kernel: [    0.000000]     fixmap  : 0xffc00000 - 0xfff00000   (3072 kB)
Jun 11 18:14:55 raspberrypi kernel: [    0.000000]     vmalloc : 0xbb800000 - 0xff800000   (1088 MB)
Jun 11 18:14:55 raspberrypi kernel: [    0.000000]     lowmem  : 0x80000000 - 0xbb400000   ( 948 MB)
Jun 11 18:14:55 raspberrypi kernel: [    0.000000]     modules : 0x7f000000 - 0x80000000   (  16 MB)
Jun 11 18:14:55 raspberrypi kernel: [    0.000000]       .text : 0x80008000 - 0x80800000   (8160 kB)
Jun 11 18:14:55 raspberrypi kernel: [    0.000000]       .init : 0x80b00000 - 0x80c00000   (1024 kB)
Jun 11 18:14:55 raspberrypi kernel: [    0.000000]       .data : 0x80c00000 - 0x80c835dc   ( 526 kB)
Jun 11 18:14:55 raspberrypi kernel: [    0.000000]        .bss : 0x80c85000 - 0x80d4ede4   ( 808 kB)
Jun 11 18:14:55 raspberrypi kernel: [    0.000000] SLUB: HWalign=64, Order=0-3, MinObjects=0, CPUs=4, Nodes=1
Jun 11 18:14:55 raspberrypi kernel: [    0.000000] Hierarchical RCU implementation.
Jun 11 18:14:55 raspberrypi kernel: [    0.000000] 	Build-time adjustment of leaf fanout to 32.
Jun 11 18:14:55 raspberrypi kernel: [    0.000000] NR_IRQS:16 nr_irqs:16 16
Jun 11 18:14:55 raspberrypi kernel: [    0.000000] arm_arch_timer: Architected cp15 timer(s) running at 19.20MHz (phys).
Jun 11 18:14:55 raspberrypi kernel: [    0.000000] I-pipe, 19.200 MHz clocksource, wrap in 960767920505705 ms
Jun 11 18:14:55 raspberrypi kernel: [    0.000000] clocksource: ipipe_tsc: mask: 0xffffffffffffffff max_cycles: 0x46d987e47, max_idle_ns: 440795202767 ns
Jun 11 18:14:55 raspberrypi kernel: [    0.000000] clocksource: arch_sys_counter: mask: 0xffffffffffffff max_cycles: 0x46d987e47, max_idle_ns: 440795202767 ns
Jun 11 18:14:55 raspberrypi kernel: [    0.000007] sched_clock: 56 bits at 19MHz, resolution 52ns, wraps every 4398046511078ns
Jun 11 18:14:55 raspberrypi kernel: [    0.000026] Switching to timer-based delay loop, resolution 52ns
Jun 11 18:14:55 raspberrypi kernel: [    0.001468] Interrupt pipeline (release #4)
Jun 11 18:14:55 raspberrypi kernel: [    0.001687] Console: colour dummy device 80x30
Jun 11 18:14:55 raspberrypi kernel: [    0.002919] console [tty1] enabled
Jun 11 18:14:55 raspberrypi kernel: [    0.002974] Calibrating delay loop (skipped), value calculated using timer frequency.. 38.40 BogoMIPS (lpj=192000)
Jun 11 18:14:55 raspberrypi kernel: [    0.003058] pid_max: default: 32768 minimum: 301
Jun 11 18:14:55 raspberrypi kernel: [    0.003290] Mount-cache hash table entries: 2048 (order: 1, 8192 bytes)
Jun 11 18:14:55 raspberrypi kernel: [    0.003344] Mountpoint-cache hash table entries: 2048 (order: 1, 8192 bytes)
Jun 11 18:14:55 raspberrypi kernel: [    0.004590] Disabling memory control group subsystem
Jun 11 18:14:55 raspberrypi kernel: [    0.004717] CPU: Testing write buffer coherency: ok
Jun 11 18:14:55 raspberrypi kernel: [    0.005307] CPU0: update cpu_capacity 1024
Jun 11 18:14:55 raspberrypi kernel: [    0.005351] CPU0: thread -1, cpu 0, socket 0, mpidr 80000000
Jun 11 18:14:55 raspberrypi kernel: [    0.005420] Setting up static identity map for 0x100000 - 0x100034
Jun 11 18:14:55 raspberrypi kernel: [    0.008392] CPU1: update cpu_capacity 1024
Jun 11 18:14:55 raspberrypi kernel: [    0.008401] CPU1: thread -1, cpu 1, socket 0, mpidr 80000001
Jun 11 18:14:55 raspberrypi kernel: [    0.009445] CPU2: update cpu_capacity 1024
Jun 11 18:14:55 raspberrypi kernel: [    0.009454] CPU2: thread -1, cpu 2, socket 0, mpidr 80000002
Jun 11 18:14:55 raspberrypi kernel: [    0.010551] CPU3: update cpu_capacity 1024
Jun 11 18:14:55 raspberrypi kernel: [    0.010559] CPU3: thread -1, cpu 3, socket 0, mpidr 80000003
Jun 11 18:14:55 raspberrypi kernel: [    0.010725] Brought up 4 CPUs
Jun 11 18:14:55 raspberrypi kernel: [    0.010970] SMP: Total of 4 processors activated (153.60 BogoMIPS).
Jun 11 18:14:55 raspberrypi kernel: [    0.011016] CPU: All CPU(s) started in HYP mode.
Jun 11 18:14:55 raspberrypi kernel: [    0.011055] CPU: Virtualization extensions available.
Jun 11 18:14:55 raspberrypi kernel: [    0.012813] devtmpfs: initialized
Jun 11 18:14:55 raspberrypi kernel: [    0.032154] VFP support v0.3: implementor 41 architecture 3 part 40 variant 3 rev 4
Jun 11 18:14:55 raspberrypi kernel: [    0.032653] clocksource: jiffies: mask: 0xffffffff max_cycles: 0xffffffff, max_idle_ns: 19112604462750000 ns
Jun 11 18:14:55 raspberrypi kernel: [    0.032739] futex hash table entries: 1024 (order: 4, 65536 bytes)
Jun 11 18:14:55 raspberrypi kernel: [    0.033057] pinctrl core: initialized pinctrl subsystem
Jun 11 18:14:55 raspberrypi kernel: [    0.034436] NET: Registered protocol family 16
Jun 11 18:14:55 raspberrypi kernel: [    0.036185] DMA: preallocated 1024 KiB pool for atomic coherent allocations
Jun 11 18:14:55 raspberrypi kernel: [    0.050244] hw-breakpoint: found 5 (+1 reserved) breakpoint and 4 watchpoint registers.
Jun 11 18:14:55 raspberrypi kernel: [    0.050313] hw-breakpoint: maximum watchpoint size is 8 bytes.
Jun 11 18:14:55 raspberrypi kernel: [    0.050561] Serial: AMBA PL011 UART driver
Jun 11 18:14:55 raspberrypi kernel: [    0.054013] bcm2835-mbox 3f00b880.mailbox: mailbox enabled
Jun 11 18:14:55 raspberrypi kernel: [    0.055032] uart-pl011 3f201000.serial: could not find pctldev for node /soc/gpio@7e200000/uart0_pins, deferring probe
Jun 11 18:14:55 raspberrypi kernel: [    0.151913] bcm2835-dma 3f007000.dma: DMA legacy API manager at bb90f000, dmachans=0x1
Jun 11 18:14:55 raspberrypi kernel: [    0.154913] SCSI subsystem initialized
Jun 11 18:14:55 raspberrypi kernel: [    0.155399] usbcore: registered new interface driver usbfs
Jun 11 18:14:55 raspberrypi kernel: [    0.155554] usbcore: registered new interface driver hub
Jun 11 18:14:55 raspberrypi kernel: [    0.155740] usbcore: registered new device driver usb
Jun 11 18:14:55 raspberrypi kernel: [    0.160226] raspberrypi-firmware soc:firmware: Attached to firmware from 2019-03-27 15:45
Jun 11 18:14:55 raspberrypi kernel: [    0.162398] clocksource: Switched to clocksource ipipe_tsc
Jun 11 18:14:55 raspberrypi kernel: [    0.234750] VFS: Disk quotas dquot_6.6.0
Jun 11 18:14:55 raspberrypi kernel: [    0.234896] VFS: Dquot-cache hash table entries: 1024 (order 0, 4096 bytes)
Jun 11 18:14:55 raspberrypi kernel: [    0.235252] FS-Cache: Loaded
Jun 11 18:14:55 raspberrypi kernel: [    0.235631] CacheFiles: Loaded
Jun 11 18:14:55 raspberrypi kernel: [    0.256329] NET: Registered protocol family 2
Jun 11 18:14:55 raspberrypi kernel: [    0.257501] TCP established hash table entries: 8192 (order: 3, 32768 bytes)
Jun 11 18:14:55 raspberrypi kernel: [    0.257658] TCP bind hash table entries: 8192 (order: 4, 65536 bytes)
Jun 11 18:14:55 raspberrypi kernel: [    0.257885] TCP: Hash tables configured (established 8192 bind 8192)
Jun 11 18:14:55 raspberrypi kernel: [    0.258025] UDP hash table entries: 512 (order: 2, 16384 bytes)
Jun 11 18:14:55 raspberrypi kernel: [    0.258109] UDP-Lite hash table entries: 512 (order: 2, 16384 bytes)
Jun 11 18:14:55 raspberrypi kernel: [    0.258458] NET: Registered protocol family 1
Jun 11 18:14:55 raspberrypi kernel: [    0.259138] RPC: Registered named UNIX socket transport module.
Jun 11 18:14:55 raspberrypi kernel: [    0.259186] RPC: Registered udp transport module.
Jun 11 18:14:55 raspberrypi kernel: [    0.259227] RPC: Registered tcp transport module.
Jun 11 18:14:55 raspberrypi kernel: [    0.259268] RPC: Registered tcp NFSv4.1 backchannel transport module.
Jun 11 18:14:55 raspberrypi kernel: [    0.260686] hw perfevents: enabled with armv7_cortex_a7 PMU driver, 7 counters available
Jun 11 18:14:55 raspberrypi kernel: [    0.263918] [Xenomai] scheduling class idle registered.
Jun 11 18:14:55 raspberrypi kernel: [    0.263964] [Xenomai] scheduling class rt registered.
Jun 11 18:14:55 raspberrypi kernel: [    0.264215] I-pipe: head domain Xenomai registered.
Jun 11 18:14:55 raspberrypi kernel: [    0.269144] [Xenomai] Cobalt v3.0.8 
Jun 11 18:14:55 raspberrypi kernel: [    0.269609] workingset: timestamp_bits=14 max_order=18 bucket_order=4
Jun 11 18:14:55 raspberrypi kernel: [    0.294837] FS-Cache: Netfs 'nfs' registered for caching
Jun 11 18:14:55 raspberrypi kernel: [    0.296396] NFS: Registering the id_resolver key type
Jun 11 18:14:55 raspberrypi kernel: [    0.296467] Key type id_resolver registered
Jun 11 18:14:55 raspberrypi kernel: [    0.296508] Key type id_legacy registered
Jun 11 18:14:55 raspberrypi kernel: [    0.300420] Block layer SCSI generic (bsg) driver version 0.4 loaded (major 249)
Jun 11 18:14:55 raspberrypi kernel: [    0.300675] io scheduler noop registered
Jun 11 18:14:55 raspberrypi kernel: [    0.300719] io scheduler deadline registered (default)
Jun 11 18:14:55 raspberrypi kernel: [    0.301155] io scheduler cfq registered
Jun 11 18:14:55 raspberrypi kernel: [    0.308997] BCM2708FB: allocated DMA memory f98f0000
Jun 11 18:14:55 raspberrypi kernel: [    0.309072] BCM2708FB: allocated DMA channel 0 @ bb90f000
Jun 11 18:14:55 raspberrypi kernel: [    0.363648] Console: switching to colour frame buffer device 200x75
Jun 11 18:14:55 raspberrypi kernel: [    0.398159] bcm2835-rng 3f104000.rng: hwrng registered
Jun 11 18:14:55 raspberrypi kernel: [    0.398497] vc-mem: phys_addr:0x00000000 mem_base=0x3ec00000 mem_size:0x40000000(1024 MiB)
Jun 11 18:14:55 raspberrypi kernel: [    0.399594] vc-sm: Videocore shared memory driver
Jun 11 18:14:55 raspberrypi kernel: [    0.424330] brd: module loaded
Jun 11 18:14:55 raspberrypi kernel: [    0.438715] loop: module loaded
Jun 11 18:14:55 raspberrypi kernel: [    0.438862] Loading iSCSI transport class v2.0-870.
Jun 11 18:14:55 raspberrypi kernel: [    0.440112] libphy: Fixed MDIO Bus: probed
Jun 11 18:14:55 raspberrypi kernel: [    0.440434] usbcore: registered new interface driver lan78xx
Jun 11 18:14:55 raspberrypi kernel: [    0.440755] usbcore: registered new interface driver smsc95xx
Jun 11 18:14:55 raspberrypi kernel: [    0.440951] dwc_otg: version 3.00a 10-AUG-2012 (platform bus)
Jun 11 18:14:55 raspberrypi kernel: [    0.669472] Core Release: 2.80a
Jun 11 18:14:55 raspberrypi kernel: [    0.669596] Setting default values for core params
Jun 11 18:14:55 raspberrypi kernel: [    0.669786] Finished setting default values for core params
Jun 11 18:14:55 raspberrypi kernel: [    0.870585] Using Buffer DMA mode
Jun 11 18:14:55 raspberrypi kernel: [    0.870706] Periodic Transfer Interrupt Enhancement - disabled
Jun 11 18:14:55 raspberrypi kernel: [    0.870890] Multiprocessor Interrupt Enhancement - disabled
Jun 11 18:14:55 raspberrypi kernel: [    0.871067] OTG VER PARAM: 0, OTG VER FLAG: 0
Jun 11 18:14:55 raspberrypi kernel: [    0.871225] Dedicated Tx FIFOs mode
Jun 11 18:14:55 raspberrypi kernel: [    0.871655] WARN::dwc_otg_hcd_init:1032: FIQ DMA bounce buffers: virt = 0xbc4fa000 dma = 0xf9ab4000 len=9024
Jun 11 18:14:55 raspberrypi kernel: [    0.871972] FIQ FSM acceleration enabled for :
Jun 11 18:14:55 raspberrypi kernel: [    0.871972] Non-periodic Split Transactions
Jun 11 18:14:55 raspberrypi kernel: [    0.871972] Periodic Split Transactions
Jun 11 18:14:55 raspberrypi kernel: [    0.871972] High-Speed Isochronous Endpoints
Jun 11 18:14:55 raspberrypi kernel: [    0.871972] Interrupt/Control Split Transaction hack enabled
Jun 11 18:14:55 raspberrypi kernel: [    0.872666] dwc_otg: Microframe scheduler enabled
Jun 11 18:14:55 raspberrypi kernel: [    0.872721] WARN::hcd_init_fiq:459: FIQ on core 1 at 0x805b40c0
Jun 11 18:14:55 raspberrypi kernel: [    0.872920] WARN::hcd_init_fiq:460: FIQ ASM at 0x805b4420 length 36
Jun 11 18:14:55 raspberrypi kernel: [    0.873125] WARN::hcd_init_fiq:486: MPHI regs_base at 0xbbd7b000
Jun 11 18:14:55 raspberrypi kernel: [    0.873396] dwc_otg 3f980000.usb: DWC OTG Controller
Jun 11 18:14:55 raspberrypi kernel: [    0.873595] dwc_otg 3f980000.usb: new USB bus registered, assigned bus number 1
Jun 11 18:14:55 raspberrypi kernel: [    0.873858] dwc_otg 3f980000.usb: irq 62, io mem 0x00000000
Jun 11 18:14:55 raspberrypi kernel: [    0.874094] Init: Port Power? op_state=1
Jun 11 18:14:55 raspberrypi kernel: [    0.874225] Init: Power Port (0)
Jun 11 18:14:55 raspberrypi kernel: [    0.874702] usb usb1: New USB device found, idVendor=1d6b, idProduct=0002
Jun 11 18:14:55 raspberrypi kernel: [    0.874920] usb usb1: New USB device strings: Mfr=3, Product=2, SerialNumber=1
Jun 11 18:14:55 raspberrypi kernel: [    0.875146] usb usb1: Product: DWC OTG Controller
Jun 11 18:14:55 raspberrypi kernel: [    0.875303] usb usb1: Manufacturer: Linux 4.9.80-v7+ dwc_otg_hcd
Jun 11 18:14:55 raspberrypi kernel: [    0.875495] usb usb1: SerialNumber: 3f980000.usb
Jun 11 18:14:55 raspberrypi kernel: [    0.876921] hub 1-0:1.0: USB hub found
Jun 11 18:14:55 raspberrypi kernel: [    0.877111] hub 1-0:1.0: 1 port detected
Jun 11 18:14:55 raspberrypi kernel: [    0.878322] dwc_otg: FIQ enabled
Jun 11 18:14:55 raspberrypi kernel: [    0.878330] dwc_otg: NAK holdoff enabled
Jun 11 18:14:55 raspberrypi kernel: [    0.878338] dwc_otg: FIQ split-transaction FSM enabled
Jun 11 18:14:55 raspberrypi kernel: [    0.878360] Module dwc_common_port init
Jun 11 18:14:55 raspberrypi kernel: [    0.878790] usbcore: registered new interface driver usb-storage
Jun 11 18:14:55 raspberrypi kernel: [    0.888719] mousedev: PS/2 mouse device common for all mice
Jun 11 18:14:55 raspberrypi kernel: [    0.899743] bcm2835-wdt 3f100000.watchdog: Broadcom BCM2835 watchdog timer
Jun 11 18:14:55 raspberrypi kernel: [    0.909760] sdhci: Secure Digital Host Controller Interface driver
Jun 11 18:14:55 raspberrypi kernel: [    0.919296] sdhci: Copyright(c) Pierre Ossman
Jun 11 18:14:55 raspberrypi kernel: [    0.929204] sdhost-bcm2835 3f202000.sdhost: could not get clk, deferring probe
Jun 11 18:14:55 raspberrypi kernel: [    0.941152] mmc-bcm2835 3f300000.mmc: could not get clk, deferring probe
Jun 11 18:14:55 raspberrypi kernel: [    0.950917] sdhci-pltfm: SDHCI platform and OF driver helper
Jun 11 18:14:55 raspberrypi kernel: [    0.962509] ledtrig-cpu: registered to indicate activity on CPUs
Jun 11 18:14:55 raspberrypi kernel: [    0.972455] hidraw: raw HID events driver (C) Jiri Kosina
Jun 11 18:14:55 raspberrypi kernel: [    0.982682] usbcore: registered new interface driver usbhid
Jun 11 18:14:55 raspberrypi kernel: [    0.992475] usbhid: USB HID core driver
Jun 11 18:14:55 raspberrypi kernel: [    1.003177] vchiq: vchiq_init_state: slot_zero = 0xbdb81000, is_master = 0
Jun 11 18:14:55 raspberrypi kernel: [    1.014846] [vc_sm_connected_init]: start
Jun 11 18:14:55 raspberrypi kernel: [    1.025497] [vc_sm_connected_init]: end - returning 0
Jun 11 18:14:55 raspberrypi kernel: [    1.036660] Initializing XFRM netlink socket
Jun 11 18:14:55 raspberrypi kernel: [    1.046424] NET: Registered protocol family 17
Jun 11 18:14:55 raspberrypi kernel: [    1.056297] Key type dns_resolver registered
Jun 11 18:14:55 raspberrypi kernel: [    1.066546] Registering SWP/SWPB emulation handler
Jun 11 18:14:55 raspberrypi kernel: [    1.077443] registered taskstats version 1
Jun 11 18:14:55 raspberrypi kernel: [    1.098499] uart-pl011 3f201000.serial: cts_event_workaround enabled
Jun 11 18:14:55 raspberrypi kernel: [    1.108379] 3f201000.serial: ttyAMA0 at MMIO 0x3f201000 (irq = 87, base_baud = 0) is a PL011 rev2
Jun 11 18:14:55 raspberrypi kernel: [    1.120907] sdhost: log_buf @ bdbc7000 (f9b6f000)
Jun 11 18:14:55 raspberrypi kernel: [    1.131138] Indeed it is in host mode hprt0 = 00021501
Jun 11 18:14:55 raspberrypi kernel: [    1.229388] random: fast init done
Jun 11 18:14:55 raspberrypi kernel: [    1.282458] mmc0: sdhost-bcm2835 loaded - DMA enabled (>1)
Jun 11 18:14:55 raspberrypi kernel: [    1.294942] mmc-bcm2835 3f300000.mmc: mmc_debug:0 mmc_debug2:0
Jun 11 18:14:55 raspberrypi kernel: [    1.304827] mmc-bcm2835 3f300000.mmc: DMA channel allocated
Jun 11 18:14:55 raspberrypi kernel: [    1.362548] usb 1-1: new high-speed USB device number 2 using dwc_otg
Jun 11 18:14:55 raspberrypi kernel: [    1.372714] Indeed it is in host mode hprt0 = 00001101
Jun 11 18:14:55 raspberrypi kernel: [    1.442994] of_cfs_init
Jun 11 18:14:55 raspberrypi kernel: [    1.452452] mmc0: host does not support reading read-only switch, assuming write-enable
Jun 11 18:14:55 raspberrypi kernel: [    1.456628] mmc0: new high speed SDHC card at address 59b4
Jun 11 18:14:55 raspberrypi kernel: [    1.457730] mmcblk0: mmc0:59b4 USDU1 7.31 GiB
Jun 11 18:14:55 raspberrypi kernel: [    1.467819] mmc1: queuing unknown CIS tuple 0x80 (2 bytes)
Jun 11 18:14:55 raspberrypi kernel: [    1.469613] mmc1: queuing unknown CIS tuple 0x80 (3 bytes)
Jun 11 18:14:55 raspberrypi kernel: [    1.471395] mmc1: queuing unknown CIS tuple 0x80 (3 bytes)
Jun 11 18:14:55 raspberrypi kernel: [    1.474588] mmc1: queuing unknown CIS tuple 0x80 (7 bytes)
Jun 11 18:14:55 raspberrypi kernel: [    1.522766] of_cfs_init: OK
Jun 11 18:14:55 raspberrypi kernel: [    1.523739]  mmcblk0: p1 p2
Jun 11 18:14:55 raspberrypi kernel: [    1.549111] mmc1: new high speed SDIO card at address 0001
Jun 11 18:14:55 raspberrypi kernel: [    1.560868] EXT4-fs (mmcblk0p2): mounted filesystem with ordered data mode. Opts: (null)
Jun 11 18:14:55 raspberrypi kernel: [    1.571013] VFS: Mounted root (ext4 filesystem) readonly on device 179:2.
Jun 11 18:14:55 raspberrypi kernel: [    1.590281] devtmpfs: mounted
Jun 11 18:14:55 raspberrypi kernel: [    1.602058] Freeing unused kernel memory: 1024K
Jun 11 18:14:55 raspberrypi kernel: [    1.622990] usb 1-1: New USB device found, idVendor=0424, idProduct=2514
Jun 11 18:14:55 raspberrypi kernel: [    1.632987] usb 1-1: New USB device strings: Mfr=0, Product=0, SerialNumber=0
Jun 11 18:14:55 raspberrypi kernel: [    1.644211] hub 1-1:1.0: USB hub found
Jun 11 18:14:55 raspberrypi kernel: [    1.654398] hub 1-1:1.0: 4 ports detected
Jun 11 18:14:55 raspberrypi kernel: [    1.982490] usb 1-1.1: new high-speed USB device number 3 using dwc_otg
Jun 11 18:14:55 raspberrypi kernel: [    2.123017] usb 1-1.1: New USB device found, idVendor=0424, idProduct=2514
Jun 11 18:14:55 raspberrypi kernel: [    2.133064] usb 1-1.1: New USB device strings: Mfr=0, Product=0, SerialNumber=0
Jun 11 18:14:55 raspberrypi kernel: [    2.144334] hub 1-1.1:1.0: USB hub found
Jun 11 18:14:55 raspberrypi kernel: [    2.154481] hub 1-1.1:1.0: 3 ports detected
Jun 11 18:14:55 raspberrypi kernel: [    2.200512] NET: Registered protocol family 10
Jun 11 18:14:55 raspberrypi kernel: [    2.222839] ip_tables: (C) 2000-2006 Netfilter Core Team
Jun 11 18:14:55 raspberrypi kernel: [    2.262492] usb 1-1.2: new low-speed USB device number 4 using dwc_otg
Jun 11 18:14:55 raspberrypi kernel: [    2.432235] usb 1-1.2: New USB device found, idVendor=03f0, idProduct=0024
Jun 11 18:14:55 raspberrypi kernel: [    2.444365] usb 1-1.2: New USB device strings: Mfr=1, Product=2, SerialNumber=0
Jun 11 18:14:55 raspberrypi kernel: [    2.456164] usb 1-1.2: Product: HP Basic USB Keyboard
Jun 11 18:14:55 raspberrypi kernel: [    2.468064] usb 1-1.2: Manufacturer: CHICONY
Jun 11 18:14:55 raspberrypi kernel: [    2.498865] input: CHICONY HP Basic USB Keyboard as /devices/platform/soc/3f980000.usb/usb1/1-1/1-1.2/1-1.2:1.0/0003:03F0:0024.0001/input/input0
Jun 11 18:14:55 raspberrypi kernel: [    2.573614] hid-generic 0003:03F0:0024.0001: input,hidraw0: USB HID v1.10 Keyboard [CHICONY HP Basic USB Keyboard] on usb-3f980000.usb-1.2/input0
Jun 11 18:14:55 raspberrypi kernel: [    2.682494] usb 1-1.3: new low-speed USB device number 5 using dwc_otg
Jun 11 18:14:55 raspberrypi kernel: [    2.828345] usb 1-1.3: New USB device found, idVendor=046d, idProduct=c077
Jun 11 18:14:55 raspberrypi kernel: [    2.839635] usb 1-1.3: New USB device strings: Mfr=1, Product=2, SerialNumber=0
Jun 11 18:14:55 raspberrypi kernel: [    2.850854] usb 1-1.3: Product: USB Optical Mouse
Jun 11 18:14:55 raspberrypi kernel: [    2.861985] usb 1-1.3: Manufacturer: Logitech
Jun 11 18:14:55 raspberrypi kernel: [    2.878452] input: Logitech USB Optical Mouse as /devices/platform/soc/3f980000.usb/usb1/1-1/1-1.3/1-1.3:1.0/0003:046D:C077.0002/input/input1
Jun 11 18:14:55 raspberrypi kernel: [    2.902009] hid-generic 0003:046D:C077.0002: input,hidraw1: USB HID v1.11 Mouse [Logitech USB Optical Mouse] on usb-3f980000.usb-1.3/input0
Jun 11 18:14:55 raspberrypi kernel: [    3.162502] usb 1-1.1.1: new high-speed USB device number 6 using dwc_otg
Jun 11 18:14:55 raspberrypi kernel: [    3.313614] usb 1-1.1.1: New USB device found, idVendor=0424, idProduct=7800
Jun 11 18:14:55 raspberrypi kernel: [    3.313635] usb 1-1.1.1: New USB device strings: Mfr=0, Product=0, SerialNumber=0
Jun 11 18:14:55 raspberrypi kernel: [    3.613761] libphy: lan78xx-mdiobus: probed
Jun 11 18:14:55 raspberrypi kernel: [    4.073032] EXT4-fs (mmcblk0p2): re-mounted. Opts: (null)
Jun 11 18:14:55 raspberrypi kernel: [    4.645173] gpiomem-bcm2835 3f200000.gpiomem: Initialised: Registers at 0x3f200000
Jun 11 18:14:55 raspberrypi kernel: [    4.921082] brcmfmac: F1 signature read @0x18000000=0x15264345
Jun 11 18:14:55 raspberrypi kernel: [    4.941059] usbcore: registered new interface driver brcmfmac
Jun 11 18:14:55 raspberrypi kernel: [    5.356403] brcmfmac: Firmware version = wl0: Feb 27 2018 03:15:32 version 7.45.154 (r684107 CY) FWID 01-4fbe0b04
Jun 11 18:14:55 raspberrypi kernel: [    5.357419] brcmfmac: brcmf_c_preinit_dcmds: CLM version = API: 12.2 Data: 9.10.105 Compiler: 1.29.4 ClmImport: 1.36.3 Creation: 2018-03-09 18:56:28 
Jun 11 18:14:55 raspberrypi kernel: [    5.358164] random: crng init done
Jun 11 18:14:55 raspberrypi kernel: [    6.611777] uart-pl011 3f201000.serial: no DMA platform data
Jun 11 18:14:55 raspberrypi kernel: [    7.169359] Adding 102396k swap on /var/swap.  Priority:-1 extents:1 across:102396k SSFS
Jun 11 18:14:55 raspberrypi kernel: [    7.221317] IPv6: ADDRCONF(NETDEV_UP): wlan0: link is not ready
Jun 11 18:14:55 raspberrypi kernel: [    7.221337] brcmfmac: power management disabled
Jun 11 18:14:56 raspberrypi kernel: [    7.595669] IPv6: ADDRCONF(NETDEV_UP): eth0: link is not ready
Jun 11 18:14:56 raspberrypi kernel: [    7.597397] lan78xx 1-1.1.1:1.0 eth0: kevent 4 may have been dropped
Jun 11 18:14:56 raspberrypi kernel: [    7.598334] lan78xx 1-1.1.1:1.0 eth0: kevent 4 may have been dropped
Jun 11 18:14:56 raspberrypi kernel: [    7.599250] lan78xx 1-1.1.1:1.0 eth0: kevent 4 may have been dropped
Jun 11 18:14:56 raspberrypi kernel: [    7.600256] lan78xx 1-1.1.1:1.0 eth0: kevent 4 may have been dropped
Jun 11 18:14:56 raspberrypi kernel: [    7.601311] lan78xx 1-1.1.1:1.0 eth0: kevent 4 may have been dropped
Jun 11 18:14:56 raspberrypi kernel: [    7.632836] IPv6: ADDRCONF(NETDEV_CHANGE): eth0: link becomes ready
Jun 11 18:15:01 raspberrypi kernel: [   13.231443] Bluetooth: Core ver 2.22
Jun 11 18:15:01 raspberrypi kernel: [   13.231551] NET: Registered protocol family 31
Jun 11 18:15:01 raspberrypi kernel: [   13.231561] Bluetooth: HCI device and connection manager initialized
Jun 11 18:15:01 raspberrypi kernel: [   13.231588] Bluetooth: HCI socket layer initialized
Jun 11 18:15:01 raspberrypi kernel: [   13.231609] Bluetooth: L2CAP socket layer initialized
Jun 11 18:15:01 raspberrypi kernel: [   13.231663] Bluetooth: SCO socket layer initialized
Jun 11 18:15:01 raspberrypi kernel: [   13.240053] Bluetooth: HCI UART driver ver 2.3
Jun 11 18:15:01 raspberrypi kernel: [   13.240075] Bluetooth: HCI UART protocol H4 registered
Jun 11 18:15:01 raspberrypi kernel: [   13.240089] Bluetooth: HCI UART protocol Three-wire (H5) registered
Jun 11 18:15:01 raspberrypi kernel: [   13.240375] Bluetooth: HCI UART protocol Broadcom registered
Jun 11 18:15:02 raspberrypi kernel: [   13.524603] Bluetooth: BNEP (Ethernet Emulation) ver 1.3
Jun 11 18:15:02 raspberrypi kernel: [   13.524622] Bluetooth: BNEP filters: protocol multicast
Jun 11 18:15:02 raspberrypi kernel: [   13.524650] Bluetooth: BNEP socket layer initialized
Jun 11 18:25:34 raspberrypi kernel: [    0.000000] Booting Linux on physical CPU 0x0
Jun 11 18:25:34 raspberrypi kernel: [    0.000000] Linux version 4.9.80-v7+ (harcok@cup) (gcc version 4.8.4 (Ubuntu/Linaro 4.8.4-2ubuntu1~14.04.1) ) #3 SMP Tue Jun 4 10:44:43 CEST 2019
Jun 11 18:25:34 raspberrypi kernel: [    0.000000] CPU: ARMv7 Processor [410fd034] revision 4 (ARMv7), cr=10c5383d
Jun 11 18:25:34 raspberrypi kernel: [    0.000000] CPU: div instructions available: patching division code
Jun 11 18:25:34 raspberrypi kernel: [    0.000000] CPU: PIPT / VIPT nonaliasing data cache, VIPT aliasing instruction cache
Jun 11 18:25:34 raspberrypi kernel: [    0.000000] OF: fdt:Machine model: Raspberry Pi 3 Model B Plus Rev 1.3
Jun 11 18:25:34 raspberrypi kernel: [    0.000000] Memory policy: Data cache writealloc
Jun 11 18:25:34 raspberrypi kernel: [    0.000000] On node 0 totalpages: 242688
Jun 11 18:25:34 raspberrypi kernel: [    0.000000] free_area_init_node: node 0, pgdat 80c769c0, node_mem_map baba6000
Jun 11 18:25:34 raspberrypi kernel: [    0.000000]   Normal zone: 2133 pages used for memmap
Jun 11 18:25:34 raspberrypi kernel: [    0.000000]   Normal zone: 0 pages reserved
Jun 11 18:25:34 raspberrypi kernel: [    0.000000]   Normal zone: 242688 pages, LIFO batch:31
Jun 11 18:25:34 raspberrypi kernel: [    0.000000] percpu: Embedded 17 pages/cpu @bab53000 s37952 r8192 d23488 u69632
Jun 11 18:25:34 raspberrypi kernel: [    0.000000] pcpu-alloc: s37952 r8192 d23488 u69632 alloc=17*4096
Jun 11 18:25:34 raspberrypi kernel: [    0.000000] pcpu-alloc: [0] 0 [0] 1 [0] 2 [0] 3 
Jun 11 18:25:34 raspberrypi kernel: [    0.000000] Built 1 zonelists in Zone order, mobility grouping on.  Total pages: 240555
Jun 11 18:25:34 raspberrypi kernel: [    0.000000] Kernel command line: 8250.nr_uarts=0 bcm2708_fb.fbwidth=1600 bcm2708_fb.fbheight=1200 bcm2708_fb.fbswap=1 vc_mem.mem_base=0x3ec00000 vc_mem.mem_size=0x40000000  dwc_otg.lpm_enable=0 console=ttyS0,115200 console=tty1 root=PARTUUID=b93bee23-02 rootfstype=ext4 elevator=deadline fsck.repair=yes rootwait
Jun 11 18:25:34 raspberrypi kernel: [    0.000000] PID hash table entries: 4096 (order: 2, 16384 bytes)
Jun 11 18:25:34 raspberrypi kernel: [    0.000000] Dentry cache hash table entries: 131072 (order: 7, 524288 bytes)
Jun 11 18:25:34 raspberrypi kernel: [    0.000000] Inode-cache hash table entries: 65536 (order: 6, 262144 bytes)
Jun 11 18:25:34 raspberrypi kernel: [    0.000000] Memory: 948444K/970752K available (7168K kernel code, 525K rwdata, 2064K rodata, 1024K init, 807K bss, 22308K reserved, 0K cma-reserved)
Jun 11 18:25:34 raspberrypi kernel: [    0.000000] Virtual kernel memory layout:
Jun 11 18:25:34 raspberrypi kernel: [    0.000000]     vector  : 0xffff0000 - 0xffff1000   (   4 kB)
Jun 11 18:25:34 raspberrypi kernel: [    0.000000]     fixmap  : 0xffc00000 - 0xfff00000   (3072 kB)
Jun 11 18:25:34 raspberrypi kernel: [    0.000000]     vmalloc : 0xbb800000 - 0xff800000   (1088 MB)
Jun 11 18:25:34 raspberrypi kernel: [    0.000000]     lowmem  : 0x80000000 - 0xbb400000   ( 948 MB)
Jun 11 18:25:34 raspberrypi kernel: [    0.000000]     modules : 0x7f000000 - 0x80000000   (  16 MB)
Jun 11 18:25:34 raspberrypi kernel: [    0.000000]       .text : 0x80008000 - 0x80800000   (8160 kB)
Jun 11 18:25:34 raspberrypi kernel: [    0.000000]       .init : 0x80b00000 - 0x80c00000   (1024 kB)
Jun 11 18:25:34 raspberrypi kernel: [    0.000000]       .data : 0x80c00000 - 0x80c835dc   ( 526 kB)
Jun 11 18:25:34 raspberrypi kernel: [    0.000000]        .bss : 0x80c85000 - 0x80d4ede4   ( 808 kB)
Jun 11 18:25:34 raspberrypi kernel: [    0.000000] SLUB: HWalign=64, Order=0-3, MinObjects=0, CPUs=4, Nodes=1
Jun 11 18:25:34 raspberrypi kernel: [    0.000000] Hierarchical RCU implementation.
Jun 11 18:25:34 raspberrypi kernel: [    0.000000] 	Build-time adjustment of leaf fanout to 32.
Jun 11 18:25:34 raspberrypi kernel: [    0.000000] NR_IRQS:16 nr_irqs:16 16
Jun 11 18:25:34 raspberrypi kernel: [    0.000000] arm_arch_timer: Architected cp15 timer(s) running at 19.20MHz (phys).
Jun 11 18:25:34 raspberrypi kernel: [    0.000000] I-pipe, 19.200 MHz clocksource, wrap in 960767920505705 ms
Jun 11 18:25:34 raspberrypi kernel: [    0.000000] clocksource: ipipe_tsc: mask: 0xffffffffffffffff max_cycles: 0x46d987e47, max_idle_ns: 440795202767 ns
Jun 11 18:25:34 raspberrypi kernel: [    0.000000] clocksource: arch_sys_counter: mask: 0xffffffffffffff max_cycles: 0x46d987e47, max_idle_ns: 440795202767 ns
Jun 11 18:25:34 raspberrypi kernel: [    0.000007] sched_clock: 56 bits at 19MHz, resolution 52ns, wraps every 4398046511078ns
Jun 11 18:25:34 raspberrypi kernel: [    0.000026] Switching to timer-based delay loop, resolution 52ns
Jun 11 18:25:34 raspberrypi kernel: [    0.001460] Interrupt pipeline (release #4)
Jun 11 18:25:34 raspberrypi kernel: [    0.001680] Console: colour dummy device 80x30
Jun 11 18:25:34 raspberrypi kernel: [    0.002910] console [tty1] enabled
Jun 11 18:25:34 raspberrypi kernel: [    0.002965] Calibrating delay loop (skipped), value calculated using timer frequency.. 38.40 BogoMIPS (lpj=192000)
Jun 11 18:25:34 raspberrypi kernel: [    0.003049] pid_max: default: 32768 minimum: 301
Jun 11 18:25:34 raspberrypi kernel: [    0.003280] Mount-cache hash table entries: 2048 (order: 1, 8192 bytes)
Jun 11 18:25:34 raspberrypi kernel: [    0.003334] Mountpoint-cache hash table entries: 2048 (order: 1, 8192 bytes)
Jun 11 18:25:34 raspberrypi kernel: [    0.004584] Disabling memory control group subsystem
Jun 11 18:25:34 raspberrypi kernel: [    0.004712] CPU: Testing write buffer coherency: ok
Jun 11 18:25:34 raspberrypi kernel: [    0.005300] CPU0: update cpu_capacity 1024
Jun 11 18:25:34 raspberrypi kernel: [    0.005344] CPU0: thread -1, cpu 0, socket 0, mpidr 80000000
Jun 11 18:25:34 raspberrypi kernel: [    0.005412] Setting up static identity map for 0x100000 - 0x100034
Jun 11 18:25:34 raspberrypi kernel: [    0.008386] CPU1: update cpu_capacity 1024
Jun 11 18:25:34 raspberrypi kernel: [    0.008395] CPU1: thread -1, cpu 1, socket 0, mpidr 80000001
Jun 11 18:25:34 raspberrypi kernel: [    0.009438] CPU2: update cpu_capacity 1024
Jun 11 18:25:34 raspberrypi kernel: [    0.009447] CPU2: thread -1, cpu 2, socket 0, mpidr 80000002
Jun 11 18:25:34 raspberrypi kernel: [    0.010542] CPU3: update cpu_capacity 1024
Jun 11 18:25:34 raspberrypi kernel: [    0.010550] CPU3: thread -1, cpu 3, socket 0, mpidr 80000003
Jun 11 18:25:34 raspberrypi kernel: [    0.010716] Brought up 4 CPUs
Jun 11 18:25:34 raspberrypi kernel: [    0.010961] SMP: Total of 4 processors activated (153.60 BogoMIPS).
Jun 11 18:25:34 raspberrypi kernel: [    0.011007] CPU: All CPU(s) started in HYP mode.
Jun 11 18:25:34 raspberrypi kernel: [    0.011046] CPU: Virtualization extensions available.
Jun 11 18:25:34 raspberrypi kernel: [    0.012800] devtmpfs: initialized
Jun 11 18:25:34 raspberrypi kernel: [    0.032135] VFP support v0.3: implementor 41 architecture 3 part 40 variant 3 rev 4
Jun 11 18:25:34 raspberrypi kernel: [    0.032635] clocksource: jiffies: mask: 0xffffffff max_cycles: 0xffffffff, max_idle_ns: 19112604462750000 ns
Jun 11 18:25:34 raspberrypi kernel: [    0.032722] futex hash table entries: 1024 (order: 4, 65536 bytes)
Jun 11 18:25:34 raspberrypi kernel: [    0.033039] pinctrl core: initialized pinctrl subsystem
Jun 11 18:25:34 raspberrypi kernel: [    0.034415] NET: Registered protocol family 16
Jun 11 18:25:34 raspberrypi kernel: [    0.036165] DMA: preallocated 1024 KiB pool for atomic coherent allocations
Jun 11 18:25:34 raspberrypi kernel: [    0.050211] hw-breakpoint: found 5 (+1 reserved) breakpoint and 4 watchpoint registers.
Jun 11 18:25:34 raspberrypi kernel: [    0.050280] hw-breakpoint: maximum watchpoint size is 8 bytes.
Jun 11 18:25:34 raspberrypi kernel: [    0.050529] Serial: AMBA PL011 UART driver
Jun 11 18:25:34 raspberrypi kernel: [    0.053983] bcm2835-mbox 3f00b880.mailbox: mailbox enabled
Jun 11 18:25:34 raspberrypi kernel: [    0.055002] uart-pl011 3f201000.serial: could not find pctldev for node /soc/gpio@7e200000/uart0_pins, deferring probe
Jun 11 18:25:34 raspberrypi kernel: [    0.151893] bcm2835-dma 3f007000.dma: DMA legacy API manager at bb90f000, dmachans=0x1
Jun 11 18:25:34 raspberrypi kernel: [    0.154898] SCSI subsystem initialized
Jun 11 18:25:34 raspberrypi kernel: [    0.155386] usbcore: registered new interface driver usbfs
Jun 11 18:25:34 raspberrypi kernel: [    0.155541] usbcore: registered new interface driver hub
Jun 11 18:25:34 raspberrypi kernel: [    0.155727] usbcore: registered new device driver usb
Jun 11 18:25:34 raspberrypi kernel: [    0.160206] raspberrypi-firmware soc:firmware: Attached to firmware from 2019-03-27 15:45
Jun 11 18:25:34 raspberrypi kernel: [    0.162375] clocksource: Switched to clocksource ipipe_tsc
Jun 11 18:25:34 raspberrypi kernel: [    0.234749] VFS: Disk quotas dquot_6.6.0
Jun 11 18:25:34 raspberrypi kernel: [    0.234896] VFS: Dquot-cache hash table entries: 1024 (order 0, 4096 bytes)
Jun 11 18:25:34 raspberrypi kernel: [    0.235252] FS-Cache: Loaded
Jun 11 18:25:34 raspberrypi kernel: [    0.235632] CacheFiles: Loaded
Jun 11 18:25:34 raspberrypi kernel: [    0.256333] NET: Registered protocol family 2
Jun 11 18:25:34 raspberrypi kernel: [    0.257502] TCP established hash table entries: 8192 (order: 3, 32768 bytes)
Jun 11 18:25:34 raspberrypi kernel: [    0.257659] TCP bind hash table entries: 8192 (order: 4, 65536 bytes)
Jun 11 18:25:34 raspberrypi kernel: [    0.257887] TCP: Hash tables configured (established 8192 bind 8192)
Jun 11 18:25:34 raspberrypi kernel: [    0.258026] UDP hash table entries: 512 (order: 2, 16384 bytes)
Jun 11 18:25:34 raspberrypi kernel: [    0.258111] UDP-Lite hash table entries: 512 (order: 2, 16384 bytes)
Jun 11 18:25:34 raspberrypi kernel: [    0.258460] NET: Registered protocol family 1
Jun 11 18:25:34 raspberrypi kernel: [    0.259144] RPC: Registered named UNIX socket transport module.
Jun 11 18:25:34 raspberrypi kernel: [    0.259192] RPC: Registered udp transport module.
Jun 11 18:25:34 raspberrypi kernel: [    0.259233] RPC: Registered tcp transport module.
Jun 11 18:25:34 raspberrypi kernel: [    0.259274] RPC: Registered tcp NFSv4.1 backchannel transport module.
Jun 11 18:25:34 raspberrypi kernel: [    0.260698] hw perfevents: enabled with armv7_cortex_a7 PMU driver, 7 counters available
Jun 11 18:25:34 raspberrypi kernel: [    0.263928] [Xenomai] scheduling class idle registered.
Jun 11 18:25:34 raspberrypi kernel: [    0.263974] [Xenomai] scheduling class rt registered.
Jun 11 18:25:34 raspberrypi kernel: [    0.264226] I-pipe: head domain Xenomai registered.
Jun 11 18:25:34 raspberrypi kernel: [    0.269160] [Xenomai] Cobalt v3.0.8 
Jun 11 18:25:34 raspberrypi kernel: [    0.269626] workingset: timestamp_bits=14 max_order=18 bucket_order=4
Jun 11 18:25:34 raspberrypi kernel: [    0.294833] FS-Cache: Netfs 'nfs' registered for caching
Jun 11 18:25:34 raspberrypi kernel: [    0.296386] NFS: Registering the id_resolver key type
Jun 11 18:25:34 raspberrypi kernel: [    0.296453] Key type id_resolver registered
Jun 11 18:25:34 raspberrypi kernel: [    0.296494] Key type id_legacy registered
Jun 11 18:25:34 raspberrypi kernel: [    0.300409] Block layer SCSI generic (bsg) driver version 0.4 loaded (major 249)
Jun 11 18:25:34 raspberrypi kernel: [    0.300665] io scheduler noop registered
Jun 11 18:25:34 raspberrypi kernel: [    0.300708] io scheduler deadline registered (default)
Jun 11 18:25:34 raspberrypi kernel: [    0.301144] io scheduler cfq registered
Jun 11 18:25:34 raspberrypi kernel: [    0.308980] BCM2708FB: allocated DMA memory f98f0000
Jun 11 18:25:34 raspberrypi kernel: [    0.309054] BCM2708FB: allocated DMA channel 0 @ bb90f000
Jun 11 18:25:34 raspberrypi kernel: [    0.363474] Console: switching to colour frame buffer device 200x75
Jun 11 18:25:34 raspberrypi kernel: [    0.397971] bcm2835-rng 3f104000.rng: hwrng registered
Jun 11 18:25:34 raspberrypi kernel: [    0.398309] vc-mem: phys_addr:0x00000000 mem_base=0x3ec00000 mem_size:0x40000000(1024 MiB)
Jun 11 18:25:34 raspberrypi kernel: [    0.399400] vc-sm: Videocore shared memory driver
Jun 11 18:25:34 raspberrypi kernel: [    0.424191] brd: module loaded
Jun 11 18:25:34 raspberrypi kernel: [    0.438593] loop: module loaded
Jun 11 18:25:34 raspberrypi kernel: [    0.438732] Loading iSCSI transport class v2.0-870.
Jun 11 18:25:34 raspberrypi kernel: [    0.439982] libphy: Fixed MDIO Bus: probed
Jun 11 18:25:34 raspberrypi kernel: [    0.440306] usbcore: registered new interface driver lan78xx
Jun 11 18:25:34 raspberrypi kernel: [    0.440628] usbcore: registered new interface driver smsc95xx
Jun 11 18:25:34 raspberrypi kernel: [    0.440826] dwc_otg: version 3.00a 10-AUG-2012 (platform bus)
Jun 11 18:25:34 raspberrypi kernel: [    0.669356] Core Release: 2.80a
Jun 11 18:25:34 raspberrypi kernel: [    0.669479] Setting default values for core params
Jun 11 18:25:34 raspberrypi kernel: [    0.669672] Finished setting default values for core params
Jun 11 18:25:34 raspberrypi kernel: [    0.870507] Using Buffer DMA mode
Jun 11 18:25:34 raspberrypi kernel: [    0.870627] Periodic Transfer Interrupt Enhancement - disabled
Jun 11 18:25:34 raspberrypi kernel: [    0.870812] Multiprocessor Interrupt Enhancement - disabled
Jun 11 18:25:34 raspberrypi kernel: [    0.870989] OTG VER PARAM: 0, OTG VER FLAG: 0
Jun 11 18:25:34 raspberrypi kernel: [    0.871146] Dedicated Tx FIFOs mode
Jun 11 18:25:34 raspberrypi kernel: [    0.871565] WARN::dwc_otg_hcd_init:1032: FIQ DMA bounce buffers: virt = 0xbc4fa000 dma = 0xf9ab4000 len=9024
Jun 11 18:25:34 raspberrypi kernel: [    0.871871] FIQ FSM acceleration enabled for :
Jun 11 18:25:34 raspberrypi kernel: [    0.871871] Non-periodic Split Transactions
Jun 11 18:25:34 raspberrypi kernel: [    0.871871] Periodic Split Transactions
Jun 11 18:25:34 raspberrypi kernel: [    0.871871] High-Speed Isochronous Endpoints
Jun 11 18:25:34 raspberrypi kernel: [    0.871871] Interrupt/Control Split Transaction hack enabled
Jun 11 18:25:34 raspberrypi kernel: [    0.872560] dwc_otg: Microframe scheduler enabled
Jun 11 18:25:34 raspberrypi kernel: [    0.872615] WARN::hcd_init_fiq:459: FIQ on core 1 at 0x805b40c0
Jun 11 18:25:34 raspberrypi kernel: [    0.872814] WARN::hcd_init_fiq:460: FIQ ASM at 0x805b4420 length 36
Jun 11 18:25:34 raspberrypi kernel: [    0.873019] WARN::hcd_init_fiq:486: MPHI regs_base at 0xbbd7b000
Jun 11 18:25:34 raspberrypi kernel: [    0.873289] dwc_otg 3f980000.usb: DWC OTG Controller
Jun 11 18:25:34 raspberrypi kernel: [    0.873490] dwc_otg 3f980000.usb: new USB bus registered, assigned bus number 1
Jun 11 18:25:34 raspberrypi kernel: [    0.873752] dwc_otg 3f980000.usb: irq 62, io mem 0x00000000
Jun 11 18:25:34 raspberrypi kernel: [    0.873985] Init: Port Power? op_state=1
Jun 11 18:25:34 raspberrypi kernel: [    0.874118] Init: Power Port (0)
Jun 11 18:25:34 raspberrypi kernel: [    0.874591] usb usb1: New USB device found, idVendor=1d6b, idProduct=0002
Jun 11 18:25:34 raspberrypi kernel: [    0.874810] usb usb1: New USB device strings: Mfr=3, Product=2, SerialNumber=1
Jun 11 18:25:34 raspberrypi kernel: [    0.875038] usb usb1: Product: DWC OTG Controller
Jun 11 18:25:34 raspberrypi kernel: [    0.875196] usb usb1: Manufacturer: Linux 4.9.80-v7+ dwc_otg_hcd
Jun 11 18:25:34 raspberrypi kernel: [    0.875389] usb usb1: SerialNumber: 3f980000.usb
Jun 11 18:25:34 raspberrypi kernel: [    0.876813] hub 1-0:1.0: USB hub found
Jun 11 18:25:34 raspberrypi kernel: [    0.877005] hub 1-0:1.0: 1 port detected
Jun 11 18:25:34 raspberrypi kernel: [    0.878214] dwc_otg: FIQ enabled
Jun 11 18:25:34 raspberrypi kernel: [    0.878223] dwc_otg: NAK holdoff enabled
Jun 11 18:25:34 raspberrypi kernel: [    0.878230] dwc_otg: FIQ split-transaction FSM enabled
Jun 11 18:25:34 raspberrypi kernel: [    0.878254] Module dwc_common_port init
Jun 11 18:25:34 raspberrypi kernel: [    0.878681] usbcore: registered new interface driver usb-storage
Jun 11 18:25:34 raspberrypi kernel: [    0.888602] mousedev: PS/2 mouse device common for all mice
Jun 11 18:25:34 raspberrypi kernel: [    0.899676] bcm2835-wdt 3f100000.watchdog: Broadcom BCM2835 watchdog timer
Jun 11 18:25:34 raspberrypi kernel: [    0.909686] sdhci: Secure Digital Host Controller Interface driver
Jun 11 18:25:34 raspberrypi kernel: [    0.919233] sdhci: Copyright(c) Pierre Ossman
Jun 11 18:25:34 raspberrypi kernel: [    0.929130] sdhost-bcm2835 3f202000.sdhost: could not get clk, deferring probe
Jun 11 18:25:34 raspberrypi kernel: [    0.941079] mmc-bcm2835 3f300000.mmc: could not get clk, deferring probe
Jun 11 18:25:34 raspberrypi kernel: [    0.950833] sdhci-pltfm: SDHCI platform and OF driver helper
Jun 11 18:25:34 raspberrypi kernel: [    0.962412] ledtrig-cpu: registered to indicate activity on CPUs
Jun 11 18:25:34 raspberrypi kernel: [    0.972265] hidraw: raw HID events driver (C) Jiri Kosina
Jun 11 18:25:34 raspberrypi kernel: [    0.982573] usbcore: registered new interface driver usbhid
Jun 11 18:25:34 raspberrypi kernel: [    0.992313] usbhid: USB HID core driver
Jun 11 18:25:34 raspberrypi kernel: [    1.003084] vchiq: vchiq_init_state: slot_zero = 0xbdb81000, is_master = 0
Jun 11 18:25:34 raspberrypi kernel: [    1.014723] [vc_sm_connected_init]: start
Jun 11 18:25:34 raspberrypi kernel: [    1.025365] [vc_sm_connected_init]: end - returning 0
Jun 11 18:25:34 raspberrypi kernel: [    1.036548] Initializing XFRM netlink socket
Jun 11 18:25:34 raspberrypi kernel: [    1.046289] NET: Registered protocol family 17
Jun 11 18:25:34 raspberrypi kernel: [    1.056166] Key type dns_resolver registered
Jun 11 18:25:34 raspberrypi kernel: [    1.066416] Registering SWP/SWPB emulation handler
Jun 11 18:25:34 raspberrypi kernel: [    1.077308] registered taskstats version 1
Jun 11 18:25:34 raspberrypi kernel: [    1.098332] uart-pl011 3f201000.serial: cts_event_workaround enabled
Jun 11 18:25:34 raspberrypi kernel: [    1.108211] 3f201000.serial: ttyAMA0 at MMIO 0x3f201000 (irq = 87, base_baud = 0) is a PL011 rev2
Jun 11 18:25:34 raspberrypi kernel: [    1.120775] sdhost: log_buf @ bdbc7000 (f9b6f000)
Jun 11 18:25:34 raspberrypi kernel: [    1.130992] Indeed it is in host mode hprt0 = 00021501
Jun 11 18:25:34 raspberrypi kernel: [    1.229254] random: fast init done
Jun 11 18:25:34 raspberrypi kernel: [    1.272437] mmc0: sdhost-bcm2835 loaded - DMA enabled (>1)
Jun 11 18:25:34 raspberrypi kernel: [    1.284787] mmc-bcm2835 3f300000.mmc: mmc_debug:0 mmc_debug2:0
