 Started Load/Save RF Kill Switch Status.
Jun 11 18:25:34 raspberrypi kernel: [    7.117801] IPv6: ADDRCONF(NETDEV_UP): wlan0: link is not ready
Jun 11 18:25:34 raspberrypi kernel: [    7.117916] brcmfmac: power management disabled
Jun 11 18:25:34 raspberrypi dphys-swapfile[345]: want /var/swap=100MByte, checking existing: keeping it
Jun 11 18:25:34 raspberrypi /usr/sbin/gpm[454]: *** info [daemon/startup.c(131)]:
Jun 11 18:25:34 raspberrypi gpm[333]: Starting mouse interface server: gpm.
Jun 11 18:25:34 raspberrypi /usr/sbin/gpm[454]: Started gpm successfully. Entered daemon mode.
Jun 11 18:25:34 raspberrypi systemd[1]: Started LSB: gpm sysv init script.
Jun 11 18:25:34 raspberrypi kernel: [    7.317358] Adding 102396k swap on /var/swap.  Priority:-1 extents:1 across:102396k SSFS
Jun 11 18:25:34 raspberrypi dphys-swapfile[345]: done.
Jun 11 18:25:34 raspberrypi systemd[1]: Started LSB: Autogenerate and use a swap file.
Jun 11 18:25:35 raspberrypi dhcpcd[356]: eth0: waiting for carrier
Jun 11 18:25:35 raspberrypi dhcpcd[356]: wlan0: waiting for carrier
Jun 11 18:25:35 raspberrypi dhcpcd[356]: wlan0: carrier acquired
Jun 11 18:25:35 raspberrypi kernel: [    7.533304] IPv6: ADDRCONF(NETDEV_UP): eth0: link is not ready
Jun 11 18:25:35 raspberrypi kernel: [    7.535404] lan78xx 1-1.1.1:1.0 eth0: kevent 4 may have been dropped
Jun 11 18:25:35 raspberrypi kernel: [    7.536394] lan78xx 1-1.1.1:1.0 eth0: kevent 4 may have been dropped
Jun 11 18:25:35 raspberrypi kernel: [    7.537419] lan78xx 1-1.1.1:1.0 eth0: kevent 4 may have been dropped
Jun 11 18:25:35 raspberrypi kernel: [    7.538394] lan78xx 1-1.1.1:1.0 eth0: kevent 4 may have been dropped
Jun 11 18:25:35 raspberrypi kernel: [    7.557601] IPv6: ADDRCONF(NETDEV_CHANGE): eth0: link becomes ready
Jun 11 18:25:35 raspberrypi dhcpcd[356]: DUID 00:01:00:01:24:3d:de:29:b8:27:eb:de:05:30
Jun 11 18:25:35 raspberrypi dhcpcd[356]: wlan0: IAID eb:de:05:30
Jun 11 18:25:35 raspberrypi dhcpcd[356]: wlan0: adding address fe80::690e:a875:9ced:b218
Jun 11 18:25:35 raspberrypi dhcpcd[356]: wlan0: carrier lost
Jun 11 18:25:35 raspberrypi dhcpcd[356]: wlan0: deleting address fe80::690e:a875:9ced:b218
Jun 11 18:25:35 raspberrypi dhcpcd[356]: eth0: carrier acquired
Jun 11 18:25:35 raspberrypi dhcpcd[356]: eth0: IAID eb:8b:50:65
Jun 11 18:25:35 raspberrypi dhcpcd[356]: eth0: adding address fe80::99bd:84fe:733:8d76
Jun 11 18:25:35 raspberrypi raspi-config[329]: Checking if shift key is held down: No. Switching to ondemand scaling governor.
Jun 11 18:25:35 raspberrypi systemd[1]: Started LSB: Switch to ondemand cpu governor (unless shift key is pressed).
Jun 11 18:25:35 raspberrypi dhcpcd[356]: eth0: soliciting an IPv6 router
Jun 11 18:25:35 raspberrypi dhcpcd[356]: eth0: rebinding lease of 131.174.142.112
Jun 11 18:25:35 raspberrypi dhcpcd[356]: eth0: probing address 131.174.142.112/24
Jun 11 18:25:36 raspberrypi avahi-daemon[375]: Joining mDNS multicast group on interface eth0.IPv6 with address fe80::99bd:84fe:733:8d76.
Jun 11 18:25:36 raspberrypi avahi-daemon[375]: New relevant interface eth0.IPv6 for mDNS.
Jun 11 18:25:36 raspberrypi avahi-daemon[375]: Registering new address record for fe80::99bd:84fe:733:8d76 on eth0.*.
Jun 11 18:25:40 raspberrypi kernel: [   13.199193] Bluetooth: Core ver 2.22
Jun 11 18:25:40 raspberrypi kernel: [   13.199366] NET: Registered protocol family 31
Jun 11 18:25:40 raspberrypi kernel: [   13.199380] Bluetooth: HCI device and connection manager initialized
Jun 11 18:25:40 raspberrypi kernel: [   13.201537] Bluetooth: HCI socket layer initialized
Jun 11 18:25:40 raspberrypi kernel: [   13.201563] Bluetooth: L2CAP socket layer initialized
Jun 11 18:25:40 raspberrypi kernel: [   13.201628] Bluetooth: SCO socket layer initialized
Jun 11 18:25:40 raspberrypi kernel: [   13.212119] Bluetooth: HCI UART driver ver 2.3
Jun 11 18:25:40 raspberrypi kernel: [   13.212137] Bluetooth: HCI UART protocol H4 registered
Jun 11 18:25:40 raspberrypi kernel: [   13.212146] Bluetooth: HCI UART protocol Three-wire (H5) registered
Jun 11 18:25:40 raspberrypi btuart[361]: bcm43xx_init
Jun 11 18:25:40 raspberrypi btuart[361]: Flash firmware /lib/firmware/brcm/BCM4345C0.hcd
Jun 11 18:25:40 raspberrypi btuart[361]: Set BDADDR UART: b8:27:eb:21:fa:cf
Jun 11 18:25:40 raspberrypi btuart[361]: Set Controller UART speed to 3000000 bit/s
Jun 11 18:25:40 raspberrypi btuart[361]: Device setup complete
Jun 11 18:25:40 raspberrypi systemd[1]: Starting Load/Save RF Kill Switch Status...
Jun 11 18:25:40 raspberrypi kernel: [   13.214140] Bluetooth: HCI UART protocol Broadcom registered
Jun 11 18:25:40 raspberrypi dhcpcd[356]: eth0: leased 131.174.142.112 for 49362 seconds
Jun 11 18:25:40 raspberrypi avahi-daemon[375]: Joining mDNS multicast group on interface eth0.IPv4 with address 131.174.142.112.
Jun 11 18:25:40 raspberrypi avahi-daemon[375]: New relevant interface eth0.IPv4 for mDNS.
Jun 11 18:25:40 raspberrypi dhcpcd[356]: eth0: adding route to 131.174.142.0/24
Jun 11 18:25:40 raspberrypi avahi-daemon[375]: Registering new address record for 131.174.142.112 on eth0.IPv4.
Jun 11 18:25:40 raspberrypi dhcpcd[356]: eth0: adding default route via 131.174.142.1
Jun 11 18:25:40 raspberrypi systemd[1]: Started Configure Bluetooth Modems connected by UART.
Jun 11 18:25:40 raspberrypi systemd[1]: Started Load/Save RF Kill Switch Status.
Jun 11 18:25:40 raspberrypi systemd[1]: Created slice system-bthelper.slice.
Jun 11 18:25:40 raspberrypi systemd[1]: Starting Bluetooth service...
Jun 11 18:25:40 raspberrypi bluetoothd[500]: Bluetooth daemon 5.43
Jun 11 18:25:40 raspberrypi systemd[1]: Started Bluetooth service.
Jun 11 18:25:41 raspberrypi systemd[1]: Started Raspberry Pi bluetooth helper.
Jun 11 18:25:41 raspberrypi bluetoothd[500]: Starting SDP server
Jun 11 18:25:41 raspberrypi systemd[1]: Reached target Bluetooth.
Jun 11 18:25:41 raspberrypi kernel: [   13.529587] Bluetooth: BNEP (Ethernet Emulation) ver 1.3
Jun 11 18:25:41 raspberrypi kernel: [   13.529604] Bluetooth: BNEP filters: protocol multicast
Jun 11 18:25:41 raspberrypi kernel: [   13.529633] Bluetooth: BNEP socket layer initialized
Jun 11 18:25:41 raspberrypi bluetoothd[500]: Bluetooth management interface 1.14 initialized
Jun 11 18:25:41 raspberrypi bluetoothd[500]: Failed to obtain handles for "Service Changed" characteristic
Jun 11 18:25:41 raspberrypi dbus[383]: [system] Activating via systemd: service name='org.freedesktop.hostname1' unit='dbus-org.freedesktop.hostname1.service'
Jun 11 18:25:41 raspberrypi bluetoothd[500]: Sap driver initialization failed.
Jun 11 18:25:41 raspberrypi bluetoothd[500]: sap-server: Operation not permitted (1)
Jun 11 18:25:41 raspberrypi systemd[1]: Starting Hostname Service...
Jun 11 18:25:41 raspberrypi bluetoothd[500]: Failed to set privacy: Rejected (0x0b)
Jun 11 18:25:41 raspberrypi dhcpcd[356]: Failed to get unit file state for ntp.service: No such file or directory
Jun 11 18:25:41 raspberrypi dhcpcd[356]: forked to background, child pid 557
Jun 11 18:25:41 raspberrypi systemd[1]: Started dhcpcd on all interfaces.
Jun 11 18:25:41 raspberrypi systemd[1]: Reached target Network.
Jun 11 18:25:41 raspberrypi systemd[1]: Starting Permit User Sessions...
Jun 11 18:25:41 raspberrypi systemd[1]: Starting OpenBSD Secure Shell server...
Jun 11 18:25:41 raspberrypi systemd[1]: Reached target Network is Online.
Jun 11 18:25:41 raspberrypi systemd[1]: Starting Samba NMB Daemon...
Jun 11 18:25:41 raspberrypi systemd[1]: Starting /etc/rc.local Compatibility...
Jun 11 18:25:41 raspberrypi systemd[1]: Started Permit User Sessions.
Jun 11 18:25:41 raspberrypi dbus[383]: [system] Successfully activated service 'org.freedesktop.hostname1'
Jun 11 18:25:41 raspberrypi systemd[1]: Started Hostname Service.
Jun 11 18:25:41 raspberrypi systemd[1]: Started OpenBSD Secure Shell server.
Jun 11 18:25:43 raspberrypi systemd[1]: nmbd.service: Supervising process 603 which is not our child. We'll most likely not notice when it exits.
Jun 11 18:25:43 raspberrypi systemd[1]: Started Samba NMB Daemon.
Jun 11 18:25:43 raspberrypi systemd[1]: Starting Samba SMB Daemon...
Jun 11 18:25:43 raspberrypi systemd[1]: smbd.service: Supervising process 605 which is not our child. We'll most likely not notice when it exits.
Jun 11 18:25:44 raspberrypi systemd[1]: Started Samba SMB Daemon.
Jun 11 18:25:47 raspberrypi systemd[1]: Started /etc/rc.local Compatibility.
Jun 11 18:25:47 raspberrypi systemd[1]: Starting Terminate Plymouth Boot Screen...
Jun 11 18:25:47 raspberrypi systemd[1]: Starting Hold until boot process finishes up...
Jun 11 18:25:47 raspberrypi systemd[1]: Received SIGRTMIN+21 from PID 210 (plymouthd).
Jun 11 18:25:47 raspberrypi systemd[1]: Started Terminate Plymouth Boot Screen.
Jun 11 18:25:47 raspberrypi systemd[1]: Started Hold until boot process finishes up.
Jun 11 18:25:47 raspberrypi systemd[1]: Started Getty on tty1.
Jun 11 18:25:47 raspberrypi systemd[1]: Reached target Login Prompts.
Jun 11 18:25:47 raspberrypi systemd[1]: Reached target Multi-User System.
Jun 11 18:25:47 raspberrypi systemd[1]: Reached target Graphical Interface.
Jun 11 18:25:47 raspberrypi systemd[1]: Starting Update UTMP about System Runlevel Changes...
Jun 11 18:25:47 raspberrypi systemd[1]: Started Update UTMP about System Runlevel Changes.
Jun 11 18:25:47 raspberrypi systemd[1]: Startup finished in 2.019s (kernel) + 17.799s (userspace) = 19.819s.
Jun 11 18:25:47 raspberrypi systemd[1]: Created slice User Slice of root.
Jun 11 18:25:47 raspberrypi systemd[1]: Starting User Manager for UID 0...
Jun 11 18:25:47 raspberrypi systemd[1]: Started Session c1 of user root.
Jun 11 18:25:47 raspberrypi systemd[646]: Reached target Paths.
Jun 11 18:25:47 raspberrypi systemd[646]: Listening on GnuPG cryptographic agent (access for web browsers).
Jun 11 18:25:47 raspberrypi systemd[646]: Listening on GnuPG cryptographic agent and passphrase cache (restricted).
Jun 11 18:25:47 raspberrypi systemd[646]: Listening on GnuPG cryptographic agent and passphrase cache.
Jun 11 18:25:47 raspberrypi systemd[646]: Listening on GnuPG cryptographic agent (ssh-agent emulation).
Jun 11 18:25:47 raspberrypi systemd[646]: Reached target Timers.
Jun 11 18:25:47 raspberrypi systemd[646]: Reached target Sockets.
Jun 11 18:25:47 raspberrypi systemd[646]: Reached target Basic System.
Jun 11 18:25:47 raspberrypi systemd[646]: Reached target Default.
Jun 11 18:25:47 raspberrypi systemd[646]: Startup finished in 104ms.
Jun 11 18:25:47 raspberrypi systemd[1]: Started User Manager for UID 0.
Jun 11 18:25:49 raspberrypi dhcpcd[557]: eth0: no IPv6 Routers available
Jun 11 18:26:12 raspberrypi systemd[1]: Time has been changed
Jun 11 18:26:12 raspberrypi systemd[646]: Time has been changed
Jun 11 18:26:12 raspberrypi systemd-timesyncd[285]: Synchronized to time server 149.210.199.182:123 (2.debian.pool.ntp.org).
Jun 11 18:26:12 raspberrypi systemd[1]: apt-daily-upgrade.timer: Adding 12min 155.303ms random time.
Jun 11 18:26:12 raspberrypi systemd[1]: apt-daily.timer: Adding 6h 6min 52.206076s random time.
Jun 11 18:27:06 raspberrypi systemd[1]: Started Session c2 of user root.
Jun 11 18:27:49 raspberrypi fake-hwclock[110]: Tue 11 Jun 16:25:31 UTC 2019
Jun 11 18:27:49 raspberrypi systemd[1]: Started File System Check Daemon to report status.
Jun 11 18:27:49 raspberrypi systemd[1]: Started Apply Kernel Variables.
Jun 11 18:27:49 raspberrypi systemd[1]: Started Create Static Device Nodes in /dev.
Jun 11 18:27:49 raspberrypi systemd[1]: Starting udev Kernel Device Manager...
Jun 11 18:27:49 raspberrypi systemd-fsck[145]: e2fsck 1.43.4 (31-Jan-2017)
Jun 11 18:27:49 raspberrypi systemd-fsck[145]: rootfs: clean, 53684/451232 files, 412194/1904384 blocks
Jun 11 18:27:49 raspberrypi systemd[1]: Started File System Check on Root Device.
Jun 11 18:27:49 raspberrypi systemd[1]: Starting Remount Root and Kernel File Systems...
Jun 11 18:27:49 raspberrypi systemd[1]: Started Remount Root and Kernel File Systems.
Jun 11 18:27:49 raspberrypi systemd[1]: Starting udev Coldplug all Devices...
Jun 11 18:27:49 raspberrypi systemd[1]: Starting Flush Journal to Persistent Storage...
Jun 11 18:27:49 raspberrypi systemd[1]: Starting Load/Save Random Seed...
Jun 11 18:27:49 raspberrypi systemd[1]: Started udev Kernel Device Manager.
Jun 11 18:27:49 raspberrypi systemd[1]: Started Set the console keyboard layout.
Jun 11 18:27:49 raspberrypi systemd[1]: Reached target Local File Systems (Pre).
Jun 11 18:27:49 raspberrypi systemd[1]: Started Load/Save Random Seed.
Jun 11 18:27:49 raspberrypi systemd[1]: Started Flush Journal to Persistent Storage.
Jun 11 18:27:49 raspberrypi systemd[1]: Started udev Coldplug all Devices.
Jun 11 18:27:49 raspberrypi systemd[1]: Starting Show Plymouth Boot Screen...
Jun 11 18:27:49 raspberrypi systemd[1]: Received SIGRTMIN+20 from PID 211 (plymouthd).
Jun 11 18:27:49 raspberrypi systemd[1]: Started Show Plymouth Boot Screen.
Jun 11 18:27:49 raspberrypi systemd[1]: Reached target Paths.
Jun 11 18:27:49 raspberrypi systemd[1]: Reached target Encrypted Volumes.
Jun 11 18:27:49 raspberrypi systemd[1]: Started Forward Password Requests to Plymouth Directory Watch.
Jun 11 18:27:49 raspberrypi systemd[1]: Found device /dev/serial1.
Jun 11 18:27:49 raspberrypi systemd[1]: Found device /dev/disk/by-partuuid/b93bee23-01.
Jun 11 18:27:49 raspberrypi systemd[1]: Starting File System Check on /dev/disk/by-partuuid/b93bee23-01...
Jun 11 18:27:49 raspberrypi mtp-probe: checking bus 1, device 4: "/sys/devices/platform/soc/3f980000.usb/usb1/1-1/1-1.1/1-1.1.1"
Jun 11 18:27:49 raspberrypi mtp-probe: bus: 1, device: 4 was not an MTP device
Jun 11 18:27:49 raspberrypi systemd[1]: Reached target Sound Card.
Jun 11 18:27:49 raspberrypi systemd[1]: Listening on Load/Save RF Kill Switch Status /dev/rfkill Watch.
Jun 11 18:27:49 raspberrypi systemd-fsck[243]: fsck.fat 4.1 (2017-01-24)
Jun 11 18:27:49 raspberrypi systemd-fsck[243]: 0x41: Dirty bit is set. Fs was not properly unmounted and some data may be corrupt.
Jun 11 18:27:49 raspberrypi systemd-fsck[243]:  Automatically removing dirty bit.
Jun 11 18:27:49 raspberrypi systemd-fsck[243]: Performing changes.
Jun 11 18:27:49 raspberrypi systemd-fsck[243]: /dev/mmcblk0p1: 310 files, 63163/86467 clusters
Jun 11 18:27:49 raspberrypi systemd[1]: Started File System Check on /dev/disk/by-partuuid/b93bee23-01.
Jun 11 18:27:49 raspberrypi systemd[1]: Mounting /boot...
Jun 11 18:27:49 raspberrypi systemd[1]: Mounted /boot.
Jun 11 18:27:49 raspberrypi systemd[1]: Reached target Local File Systems.
Jun 11 18:27:49 raspberrypi systemd[1]: Starting Create Volatile Files and Directories...
Jun 11 18:27:49 raspberrypi systemd[1]: Starting Tell Plymouth To Write Out Runtime Data...
Jun 11 18:27:49 raspberrypi systemd[1]: Starting Raise network interfaces...
Jun 11 18:27:49 raspberrypi systemd[1]: Starting Set console font and keymap...
Jun 11 18:27:49 raspberrypi systemd[1]: Starting Preprocess NFS configuration...
Jun 11 18:27:49 raspberrypi systemd[1]: Started Tell Plymouth To Write Out Runtime Data.
Jun 11 18:27:49 raspberrypi systemd[1]: Started Create Volatile Files and Directories.
Jun 11 18:27:49 raspberrypi systemd[1]: Starting Network Time Synchronization...
Jun 11 18:27:49 raspberrypi systemd[1]: Starting Update UTMP about System Boot/Shutdown...
Jun 11 18:27:49 raspberrypi systemd[1]: Started Set console font and keymap.
Jun 11 18:27:49 raspberrypi systemd[1]: Started Preprocess NFS configuration.
Jun 11 18:27:49 raspberrypi systemd[1]: Reached target NFS client services.
Jun 11 18:27:49 raspberrypi systemd[1]: Reached target Remote File Systems (Pre).
Jun 11 18:27:49 raspberrypi systemd[1]: Reached target Remote File Systems.
Jun 11 18:27:49 raspberrypi systemd[1]: Started Update UTMP about System Boot/Shutdown.
Jun 11 18:27:49 raspberrypi systemd-timesyncd[287]: System clock time unset or jumped backwards, restoring from recorded timestamp: Tue 2019-06-11 18:27:49 CEST
Jun 11 18:27:49 raspberrypi systemd[1]: Time has been changed
Jun 11 18:27:49 raspberrypi systemd[1]: Started Network Time Synchronization.
Jun 11 18:27:49 raspberrypi systemd[1]: Reached target System Time Synchronized.
Jun 11 18:27:49 raspberrypi systemd[1]: Reached target System Initialization.
Jun 11 18:27:49 raspberrypi systemd[1]: Listening on Avahi mDNS/DNS-SD Stack Activation Socket.
Jun 11 18:27:49 raspberrypi systemd[1]: apt-daily.timer: Adding 9h 19.042139s random time.
Jun 11 18:27:49 raspberrypi systemd[1]: Started Daily apt download activities.
Jun 11 18:27:49 raspberrypi systemd[1]: apt-daily-upgrade.timer: Adding 19min 28.590508s random time.
Jun 11 18:27:49 raspberrypi systemd[1]: Started Daily apt upgrade and clean activities.
Jun 11 18:27:49 raspberrypi systemd[1]: Listening on D-Bus System Message Bus Socket.
Jun 11 18:27:49 raspberrypi systemd[1]: Listening on triggerhappy.socket.
Jun 11 18:27:49 raspberrypi systemd[1]: Reached target Sockets.
Jun 11 18:27:49 raspberrypi systemd[1]: Started Daily Cleanup of Temporary Directories.
Jun 11 18:27:49 raspberrypi systemd[1]: Reached target Timers.
Jun 11 18:27:49 raspberrypi systemd[1]: Reached target Basic System.
Jun 11 18:27:49 raspberrypi systemd[1]: Starting System Logging Service...
Jun 11 18:27:49 raspberrypi systemd[1]: Starting triggerhappy global hotkey daemon...
Jun 11 18:27:49 raspberrypi systemd[1]: Started Regular background program processing daemon.
Jun 11 18:27:49 raspberrypi systemd[1]: Starting Login Service...
Jun 11 18:27:49 raspberrypi systemd[1]: Starting Configure Bluetooth Modems connected by UART...
Jun 11 18:27:49 raspberrypi systemd[1]: Starting LSB: Switch to ondemand cpu governor (unless shift key is pressed)...
Jun 11 18:27:49 raspberrypi systemd[1]: Starting rng-tools.service...
Jun 11 18:27:49 raspberrypi cron[347]: (CRON) INFO (pidfile fd = 3)
Jun 11 18:27:49 raspberrypi systemd[1]: Starting Avahi mDNS/DNS-SD Stack...
Jun 11 18:27:49 raspberrypi systemd[1]: Starting LSB: Autogenerate and use a swap file...
Jun 11 18:27:49 raspberrypi cron[347]: (CRON) INFO (Running @reboot jobs)
Jun 11 18:27:49 raspberrypi systemd[1]: Starting Save/Restore Sound Card State...
Jun 11 18:27:49 raspberrypi systemd[1]: Started D-Bus System Message Bus.
Jun 11 18:27:49 raspberrypi thd[346]: Found socket passed from systemd
Jun 11 18:27:49 raspberrypi rng-tools[351]: Starting Hardware RNG entropy gatherer daemon: rngd.
Jun 11 18:27:49 raspberrypi rngd[365]: rngd 2-unofficial-mt.14 starting up...
Jun 11 18:27:49 raspberrypi rngd[365]: entropy feed to the kernel ready
Jun 11 18:27:49 raspberrypi avahi-daemon[354]: Found user 'avahi' (UID 108) and group 'avahi' (GID 112).
Jun 11 18:27:49 raspberrypi avahi-daemon[354]: Successfully dropped root privileges.
Jun 11 18:27:49 raspberrypi avahi-daemon[354]: avahi-daemon 0.6.32 starting up.
Jun 11 18:27:49 raspberrypi liblogging-stdlog:  [origin software="rsyslogd" swVersion="8.24.0" x-pid="345" x-info="http://www.rsyslog.com"] start
Jun 11 18:27:49 raspberrypi kernel: [    0.000000] Booting Linux on physical CPU 0x0
Jun 11 18:27:49 raspberrypi kernel: [    0.000000] Linux version 4.9.80-v7+ (harcok@cup) (gcc version 4.8.4 (Ubuntu/Linaro 4.8.4-2ubuntu1~14.04.1) ) #3 SMP Tue Jun 4 10:44:43 CEST 2019
Jun 11 18:27:49 raspberrypi kernel: [    0.000000] CPU: ARMv7 Processor [410fd034] revision 4 (ARMv7), cr=10c5383d
Jun 11 18:27:49 raspberrypi kernel: [    0.000000] CPU: div instructions available: patching division code
Jun 11 18:27:49 raspberrypi kernel: [    0.000000] CPU: PIPT / VIPT nonaliasing data cache, VIPT aliasing instruction cache
Jun 11 18:27:49 raspberrypi kernel: [    0.000000] OF: fdt:Machine model: Raspberry Pi 3 Model B Plus Rev 1.3
Jun 11 18:27:49 raspberrypi kernel: [    0.000000] Memory policy: Data cache writealloc
Jun 11 18:27:49 raspberrypi kernel: [    0.000000] On node 0 totalpages: 242688
Jun 11 18:27:49 raspberrypi kernel: [    0.000000] free_area_init_node: node 0, pgdat 80c769c0, node_mem_map baba6000
Jun 11 18:27:49 raspberrypi kernel: [    0.000000]   Normal zone: 2133 pages used for memmap
Jun 11 18:27:49 raspberrypi kernel: [    0.000000]   Normal zone: 0 pages reserved
Jun 11 18:27:49 raspberrypi kernel: [    0.000000]   Normal zone: 242688 pages, LIFO batch:31
Jun 11 18:27:49 raspberrypi kernel: [    0.000000] percpu: Embedded 17 pages/cpu @bab53000 s37952 r8192 d23488 u69632
Jun 11 18:27:49 raspberrypi kernel: [    0.000000] pcpu-alloc: s37952 r8192 d23488 u69632 alloc=17*4096
Jun 11 18:27:49 raspberrypi kernel: [    0.000000] pcpu-alloc: [0] 0 [0] 1 [0] 2 [0] 3 
Jun 11 18:27:49 raspberrypi kernel: [    0.000000] Built 1 zonelists in Zone order, mobility grouping on.  Total pages: 240555
Jun 11 18:27:49 raspberrypi kernel: [    0.000000] Kernel command line: 8250.nr_uarts=0 bcm2708_fb.fbwidth=656 bcm2708_fb.fbheight=416 bcm2708_fb.fbswap=1 vc_mem.mem_base=0x3ec00000 vc_mem.mem_size=0x40000000  dwc_otg.lpm_enable=0 console=ttyS0,115200 console=tty1 root=PARTUUID=b93bee23-02 rootfstype=ext4 elevator=deadline fsck.repair=yes rootwait
Jun 11 18:27:49 raspberrypi kernel: [    0.000000] PID hash table entries: 4096 (order: 2, 16384 bytes)
Jun 11 18:27:49 raspberrypi kernel: [    0.000000] Dentry cache hash table entries: 131072 (order: 7, 524288 bytes)
Jun 11 18:27:49 raspberrypi kernel: [    0.000000] Inode-cache hash table entries: 65536 (order: 6, 262144 bytes)
Jun 11 18:27:49 raspberrypi kernel: [    0.000000] Memory: 948444K/970752K available (7168K kernel code, 525K rwdata, 2064K rodata, 1024K init, 807K bss, 22308K reserved, 0K cma-reserved)
Jun 11 18:27:49 raspberrypi kernel: [    0.000000] Virtual kernel memory layout:
Jun 11 18:27:49 raspberrypi kernel: [    0.000000]     vector  : 0xffff0000 - 0xffff1000   (   4 kB)
Jun 11 18:27:49 raspberrypi kernel: [    0.000000]     fixmap  : 0xffc00000 - 0xfff00000   (3072 kB)
Jun 11 18:27:49 raspberrypi kernel: [    0.000000]     vmalloc : 0xbb800000 - 0xff800000   (1088 MB)
Jun 11 18:27:49 raspberrypi kernel: [    0.000000]     lowmem  : 0x80000000 - 0xbb400000   ( 948 MB)
Jun 11 18:27:49 raspberrypi kernel: [    0.000000]     modules : 0x7f000000 - 0x80000000   (  16 MB)
Jun 11 18:27:49 raspberrypi kernel: [    0.000000]       .text : 0x80008000 - 0x80800000   (8160 kB)
Jun 11 18:27:49 raspberrypi kernel: [    0.000000]       .init : 0x80b00000 - 0x80c00000   (1024 kB)
Jun 11 18:27:49 raspberrypi kernel: [    0.000000]       .data : 0x80c00000 - 0x80c835dc   ( 526 kB)
Jun 11 18:27:49 raspberrypi kernel: [    0.000000]        .bss : 0x80c85000 - 0x80d4ede4   ( 808 kB)
Jun 11 18:27:49 raspberrypi kernel: [    0.000000] SLUB: HWalign=64, Order=0-3, MinObjects=0, CPUs=4, Nodes=1
Jun 11 18:27:49 raspberrypi kernel: [    0.000000] Hierarchical RCU implementation.
Jun 11 18:27:49 raspberrypi kernel: [    0.000000] 	Build-time adjustment of leaf fanout to 32.
Jun 11 18:27:49 raspberrypi kernel: [    0.000000] NR_IRQS:16 nr_irqs:16 16
Jun 11 18:27:49 raspberrypi kernel: [    0.000000] arm_arch_timer: Architected cp15 timer(s) running at 19.20MHz (phys).
Jun 11 18:27:49 raspberrypi kernel: [    0.000000] I-pipe, 19.200 MHz clocksource, wrap in 960767920505705 ms
Jun 11 18:27:49 raspberrypi kernel: [    0.000000] clocksource: ipipe_tsc: mask: 0xffffffffffffffff max_cycles: 0x46d987e47, max_idle_ns: 440795202767 ns
Jun 11 18:27:49 raspberrypi kernel: [    0.000000] clocksource: arch_sys_counter: mask: 0xffffffffffffff max_cycles: 0x46d987e47, max_idle_ns: 440795202767 ns
Jun 11 18:27:49 raspberrypi kernel: [    0.000008] sched_clock: 56 bits at 19MHz, resolution 52ns, wraps every 4398046511078ns
Jun 11 18:27:49 raspberrypi kernel: [    0.000026] Switching to timer-based delay loop, resolution 52ns
Jun 11 18:27:49 raspberrypi kernel: [    0.001458] Interrupt pipeline (release #4)
Jun 11 18:27:49 raspberrypi kernel: [    0.001677] Console: colour dummy device 80x30
Jun 11 18:27:49 raspberrypi kernel: [    0.002908] console [tty1] enabled
Jun 11 18:27:49 raspberrypi kernel: [    0.002962] Calibrating delay loop (skipped), value calculated using timer frequency.. 38.40 BogoMIPS (lpj=192000)
Jun 11 18:27:49 raspberrypi kernel: [    0.003045] pid_max: default: 32768 minimum: 301
Jun 11 18:27:49 raspberrypi kernel: [    0.003275] Mount-cache hash table entries: 2048 (order: 1, 8192 bytes)
Jun 11 18:27:49 raspberrypi kernel: [    0.003329] Mountpoint-cache hash table entries: 2048 (order: 1, 8192 bytes)
Jun 11 18:27:49 raspberrypi kernel: [    0.004572] Disabling memory control group subsystem
Jun 11 18:27:49 raspberrypi kernel: [    0.004700] CPU: Testing write buffer coherency: ok
Jun 11 18:27:49 raspberrypi kernel: [    0.005290] CPU0: update cpu_capacity 1024
Jun 11 18:27:49 raspberrypi kernel: [    0.005334] CPU0: thread -1, cpu 0, socket 0, mpidr 80000000
Jun 11 18:27:49 raspberrypi kernel: [    0.005404] Setting up static identity map for 0x100000 - 0x100034
Jun 11 18:27:49 raspberrypi kernel: [    0.008373] CPU1: update cpu_capacity 1024
Jun 11 18:27:49 raspberrypi kernel: [    0.008381] CPU1: thread -1, cpu 1, socket 0, mpidr 80000001
Jun 11 18:27:49 raspberrypi kernel: [    0.009425] CPU2: update cpu_capacity 1024
Jun 11 18:27:49 raspberrypi kernel: [    0.009434] CPU2: thread -1, cpu 2, socket 0, mpidr 80000002
Jun 11 18:27:49 raspberrypi kernel: [    0.010530] CPU3: update cpu_capacity 1024
Jun 11 18:27:49 raspberrypi kernel: [    0.010538] CPU3: thread -1, cpu 3, socket 0, mpidr 80000003
Jun 11 18:27:49 raspberrypi kernel: [    0.010705] Brought up 4 CPUs
Jun 11 18:27:49 raspberrypi kernel: [    0.010951] SMP: Total of 4 processors activated (153.60 BogoMIPS).
Jun 11 18:27:49 raspberrypi kernel: [    0.010996] CPU: All CPU(s) started in HYP mode.
Jun 11 18:27:49 raspberrypi kernel: [    0.011036] CPU: Virtualization extensions available.
Jun 11 18:27:49 raspberrypi kernel: [    0.012791] devtmpfs: initialized
Jun 11 18:27:49 raspberrypi kernel: [    0.032129] VFP support v0.3: implementor 41 architecture 3 part 40 variant 3 rev 4
Jun 11 18:27:49 raspberrypi kernel: [    0.032627] clocksource: jiffies: mask: 0xffffffff max_cycles: 0xffffffff, max_idle_ns: 19112604462750000 ns
Jun 11 18:27:49 raspberrypi kernel: [    0.032713] futex hash table entries: 1024 (order: 4, 65536 bytes)
Jun 11 18:27:49 raspberrypi kernel: [    0.033030] pinctrl core: initialized pinctrl subsystem
Jun 11 18:27:49 raspberrypi kernel: [    0.034408] NET: Registered protocol family 16
Jun 11 18:27:49 raspberrypi kernel: [    0.036156] DMA: preallocated 1024 KiB pool for atomic coherent allocations
Jun 11 18:27:49 raspberrypi kernel: [    0.050210] hw-breakpoint: found 5 (+1 reserved) breakpoint and 4 watchpoint registers.
Jun 11 18:27:49 raspberrypi kernel: [    0.050279] hw-breakpoint: maximum watchpoint size is 8 bytes.
Jun 11 18:27:49 raspberrypi kernel: [    0.050526] Serial: AMBA PL011 UART driver
Jun 11 18:27:49 raspberrypi kernel: [    0.053977] bcm2835-mbox 3f00b880.mailbox: mailbox enabled
Jun 11 18:27:49 raspberrypi kernel: [    0.054996] uart-pl011 3f201000.serial: could not find pctldev for node /soc/gpio@7e200000/uart0_pins, deferring probe
Jun 11 18:27:49 raspberrypi kernel: [    0.161906] bcm2835-dma 3f007000.dma: DMA legacy API manager at bb90f000, dmachans=0x1
Jun 11 18:27:49 raspberrypi kernel: [    0.164908] SCSI subsystem initialized
Jun 11 18:27:49 raspberrypi kernel: [    0.165395] usbcore: registered new interface driver usbfs
Jun 11 18:27:49 raspberrypi kernel: [    0.165551] usbcore: registered new interface driver hub
Jun 11 18:27:49 raspberrypi kernel: [    0.165736] usbcore: registered new device driver usb
Jun 11 18:27:49 raspberrypi kernel: [    0.170225] raspberrypi-firmware soc:firmware: Attached to firmware from 2019-03-27 15:45
Jun 11 18:27:49 raspberrypi kernel: [    0.172394] clocksource: Switched to clocksource ipipe_tsc
Jun 11 18:27:49 raspberrypi kernel: [    0.244842] VFS: Disk quotas dquot_6.6.0
Jun 11 18:27:49 raspberrypi kernel: [    0.244989] VFS: Dquot-cache hash table entries: 1024 (order 0, 4096 bytes)
Jun 11 18:27:49 raspberrypi kernel: [    0.245344] FS-Cache: Loaded
Jun 11 18:27:49 raspberrypi kernel: [    0.245724] CacheFiles: Loaded
Jun 11 18:27:49 raspberrypi kernel: [    0.266429] NET: Registered protocol family 2
Jun 11 18:27:49 raspberrypi kernel: [    0.267604] TCP established hash table entries: 8192 (order: 3, 32768 bytes)
Jun 11 18:27:49 raspberrypi kernel: [    0.267760] TCP bind hash table entries: 8192 (order: 4, 65536 bytes)
Jun 11 18:27:49 raspberrypi kernel: [    0.267987] TCP: Hash tables configured (established 8192 bind 8192)
Jun 11 18:27:49 raspberrypi kernel: [    0.268127] UDP hash table entries: 512 (order: 2, 16384 bytes)
Jun 11 18:27:49 raspberrypi kernel: [    0.268212] UDP-Lite hash table entries: 512 (order: 2, 16384 bytes)
Jun 11 18:27:49 raspberrypi kernel: [    0.268560] NET: Registered protocol family 1
Jun 11 18:27:49 raspberrypi kernel: [    0.269244] RPC: Registered named UNIX socket transport module.
Jun 11 18:27:49 raspberrypi kernel: [    0.269292] RPC: Registered udp transport module.
Jun 11 18:27:49 raspberrypi kernel: [    0.269333] RPC: Registered tcp transport module.
Jun 11 18:27:49 raspberrypi kernel: [    0.269374] RPC: Registered tcp NFSv4.1 backchannel transport module.
Jun 11 18:27:49 raspberrypi kernel: [    0.270791] hw perfevents: enabled with armv7_cortex_a7 PMU driver, 7 counters available
Jun 11 18:27:49 raspberrypi kernel: [    0.274021] [Xenomai] scheduling class idle registered.
Jun 11 18:27:49 raspberrypi kernel: [    0.274067] [Xenomai] scheduling class rt registered.
Jun 11 18:27:49 raspberrypi kernel: [    0.274317] I-pipe: head domain Xenomai registered.
Jun 11 18:27:49 raspberrypi kernel: [    0.279230] [Xenomai] Cobalt v3.0.8 
Jun 11 18:27:49 raspberrypi kernel: [    0.279698] workingset: timestamp_bits=14 max_order=18 bucket_order=4
Jun 11 18:27:49 raspberrypi kernel: [    0.304913] FS-Cache: Netfs 'nfs' registered for caching
Jun 11 18:27:49 raspberrypi kernel: [    0.306468] NFS: Registering the id_resolver key type
Jun 11 18:27:49 raspberrypi kernel: [    0.306543] Key type id_resolver registered
Jun 11 18:27:49 raspberrypi kernel: [    0.306584] Key type id_legacy registered
Jun 11 18:27:49 raspberrypi kernel: [    0.310497] Block layer SCSI generic (bsg) driver version 0.4 loaded (major 249)
Jun 11 18:27:49 raspberrypi kernel: [    0.310754] io scheduler noop registered
Jun 11 18:27:49 raspberrypi kernel: [    0.310797] io scheduler deadline registered (default)
Jun 11 18:27:49 raspberrypi kernel: [    0.311234] io scheduler cfq registered
Jun 11 18:27:49 raspberrypi kernel: [    0.319081] BCM2708FB: allocated DMA memory f98f0000
Jun 11 18:27:49 raspberrypi kernel: [    0.319155] BCM2708FB: allocated DMA channel 0 @ bb90f000
Jun 11 18:27:49 raspberrypi kernel: [    0.328435] Console: switching to colour frame buffer device 82x26
Jun 11 18:27:49 raspberrypi kernel: [    0.338452] bcm2835-rng 3f104000.rng: hwrng registered
Jun 11 18:27:49 raspberrypi kernel: [    0.341146] vc-mem: phys_addr:0x00000000 mem_base=0x3ec00000 mem_size:0x40000000(1024 MiB)
Jun 11 18:27:49 raspberrypi kernel: [    0.347003] vc-sm: Videocore shared memory driver
Jun 11 18:27:49 raspberrypi kernel: [    0.373908] brd: module loaded
Jun 11 18:27:49 raspberrypi kernel: [    0.390543] loop: module loaded
Jun 11 18:27:49 raspberrypi kernel: [    0.393140] Loading iSCSI transport class v2.0-870.
Jun 11 18:27:49 raspberrypi kernel: [    0.396765] libphy: Fixed MDIO Bus: probed
Jun 11 18:27:49 raspberrypi kernel: [    0.399409] usbcore: registered new interface driver lan78xx
Jun 11 18:27:49 raspberrypi kernel: [    0.402038] usbcore: registered new interface driver smsc95xx
Jun 11 18:27:49 raspberrypi kernel: [    0.404552] dwc_otg: version 3.00a 10-AUG-2012 (platform bus)
Jun 11 18:27:49 raspberrypi kernel: [    0.635317] Core Release: 2.80a
Jun 11 18:27:49 raspberrypi kernel: [    0.637771] Setting default values for core params
Jun 11 18:27:49 raspberrypi kernel: [    0.640224] Finished setting default values for core params
Jun 11 18:27:49 raspberrypi kernel: [    0.843272] Using Buffer DMA mode
Jun 11 18:27:49 raspberrypi kernel: [    0.845631] Periodic Transfer Interrupt Enhancement - disabled
Jun 11 18:27:49 raspberrypi kernel: [    0.848096] Multiprocessor Interrupt Enhancement - disabled
Jun 11 18:27:49 raspberrypi kernel: [    0.850598] OTG VER PARAM: 0, OTG VER FLAG: 0
Jun 11 18:27:49 raspberrypi kernel: [    0.853137] Dedicated Tx FIFOs mode
Jun 11 18:27:49 raspberrypi kernel: [    0.855933] WARN::dwc_otg_hcd_init:1032: FIQ DMA bounce buffers: virt = 0xbbefa000 dma = 0xf9ab4000 len=9024
Jun 11 18:27:49 raspberrypi kernel: [    0.861095] FIQ FSM acceleration enabled for :
Jun 11 18:27:49 raspberrypi kernel: [    0.861095] Non-periodic Split Transactions
Jun 11 18:27:49 raspberrypi kernel: [    0.861095] Periodic Split Transactions
Jun 11 18:27:49 raspberrypi kernel: [    0.861095] High-Speed Isochronous Endpoints
Jun 11 18:27:49 raspberrypi kernel: [    0.861095] Interrupt/Control Split Transaction hack enabled
Jun 11 18:27:49 raspberrypi kernel: [    0.873237] dwc_otg: Microframe scheduler enabled
Jun 11 18:27:49 raspberrypi kernel: [    0.873291] WARN::hcd_init_fiq:459: FIQ on core 1 at 0x805b40c0
Jun 11 18:27:49 raspberrypi kernel: [    0.875802] WARN::hcd_init_fiq:460: FIQ ASM at 0x805b4420 length 36
Jun 11 18:27:49 raspberrypi kernel: [    0.878293] WARN::hcd_init_fiq:486: MPHI regs_base at 0xbbd7b000
Jun 11 18:27:49 raspberrypi kernel: [    0.880819] dwc_otg 3f980000.usb: DWC OTG Controller
Jun 11 18:27:49 raspberrypi kernel: [    0.883411] dwc_otg 3f980000.usb: new USB bus registered, assigned bus number 1
Jun 11 18:27:49 raspberrypi kernel: [    0.886010] dwc_otg 3f980000.usb: irq 62, io mem 0x00000000
Jun 11 18:27:49 raspberrypi kernel: [    0.888568] Init: Port Power? op_state=1
Jun 11 18:27:49 raspberrypi kernel: [    0.891046] Init: Power Port (0)
Jun 11 18:27:49 raspberrypi kernel: [    0.893847] usb usb1: New USB device found, idVendor=1d6b, idProduct=0002
Jun 11 18:27:49 raspberrypi kernel: [    0.896383] usb usb1: New USB device strings: Mfr=3, Product=2, SerialNumber=1
Jun 11 18:27:49 raspberrypi kernel: [    0.898904] usb usb1: Product: DWC OTG Controller
Jun 11 18:27:49 raspberrypi kernel: [    0.901371] usb usb1: Manufacturer: Linux 4.9.80-v7+ dwc_otg_hcd
Jun 11 18:27:49 raspberrypi kernel: [    0.903908] usb usb1: SerialNumber: 3f980000.usb
Jun 11 18:27:49 raspberrypi kernel: [    0.907633] hub 1-0:1.0: USB hub found
Jun 11 18:27:49 raspberrypi kernel: [    0.910076] hub 1-0:1.0: 1 port detected
Jun 11 18:27:49 raspberrypi kernel: [    0.913494] dwc_otg: FIQ enabled
Jun 11 18:27:49 raspberrypi kernel: [    0.913503] dwc_otg: NAK holdoff enabled
Jun 11 18:27:49 raspberrypi kernel: [    0.913511] dwc_otg: FIQ split-transaction FSM enabled
Jun 11 18:27:49 raspberrypi kernel: [    0.913532] Module dwc_common_port init
Jun 11 18:27:49 raspberrypi kernel: [    0.913948] usbcore: registered new interface driver usb-storage
Jun 11 18:27:49 raspberrypi kernel: [    0.916605] mousedev: PS/2 mouse device common for all mice
Jun 11 18:27:49 raspberrypi kernel: [    0.920357] bcm2835-wdt 3f100000.watchdog: Broadcom BCM2835 watchdog timer
Jun 11 18:27:49 raspberrypi kernel: [    0.923348] sdhci: Secure Digital Host Controller Interface driver
Jun 11 18:27:49 raspberrypi kernel: [    0.925877] sdhci: Copyright(c) Pierre Ossman
Jun 11 18:27:49 raspberrypi kernel: [    0.928782] sdhost-bcm2835 3f202000.sdhost: could not get clk, deferring probe
Jun 11 18:27:49 raspberrypi kernel: [    0.933752] mmc-bcm2835 3f300000.mmc: could not get clk, deferring probe
Jun 11 18:27:49 raspberrypi kernel: [    0.936565] sdhci-pltfm: SDHCI platform and OF driver helper
Jun 11 18:27:49 raspberrypi kernel: [    0.941105] ledtrig-cpu: registered to indicate activity on CPUs
Jun 11 18:27:49 raspberrypi kernel: [    0.944067] hidraw: raw HID events driver (C) Jiri Kosina
Jun 11 18:27:49 raspberrypi kernel: [    0.947046] usbcore: registered new interface driver usbhid
Jun 11 18:27:49 raspberrypi kernel: [    0.949727] usbhid: USB HID core driver
Jun 11 18:27:49 raspberrypi kernel: [    0.953299] vchiq: vchiq_init_state: slot_zero = 0xbc18c000, is_master = 0
Jun 11 18:27:49 raspberrypi kernel: [    0.957801] [vc_sm_connected_init]: start
Jun 11 18:27:49 raspberrypi kernel: [    0.966761] [vc_sm_connected_init]: end - returning 0
Jun 11 18:27:49 raspberrypi kernel: [    0.970710] Initializing XFRM netlink socket
Jun 11 18:27:49 raspberrypi kernel: [    0.973449] NET: Registered protocol family 17
Jun 11 18:27:49 raspberrypi kernel: [    0.976212] Key type dns_resolver registered
Jun 11 18:27:49 raspberrypi kernel: [    0.979389] Registering SWP/SWPB emulation handler
Jun 11 18:27:49 raspberrypi kernel: [    0.983145] registered taskstats version 1
Jun 11 18:27:49 raspberrypi kernel: [    0.997239] uart-pl011 3f201000.serial: cts_event_workaround enabled
Jun 11 18:27:49 raspberrypi kernel: [    1.000075] 3f201000.serial: ttyAMA0 at MMIO 0x3f201000 (irq = 87, base_baud = 0) is a PL011 rev2
Jun 11 18:27:49 raspberrypi kernel: [    1.007899] sdhost: log_buf @ bc04b000 (f9b72000)
Jun 11 18:27:49 raspberrypi kernel: [    1.092460] mmc0: sdhost-bcm2835 loaded - DMA enabled (>1)
Jun 11 18:27:49 raspberrypi kernel: [    1.097628] mmc-bcm2835 3f300000.mmc: mmc_debug:0 mmc_debug2:0
Jun 11 18:27:49 raspberrypi kernel: [    1.100345] mmc-bcm2835 3f300000.mmc: DMA channel allocated
Jun 11 18:27:49 raspberrypi kernel: [    1.141409] Indeed it is in host mode hprt0 = 00021501
Jun 11 18:27:49 raspberrypi kernel: [    1.211822] mmc0: host does not support reading read-only switch, assuming write-enable
Jun 11 18:27:49 raspberrypi kernel: [    1.220253] mmc0: new high speed SDHC card at address 59b4
Jun 11 18:27:49 raspberrypi kernel: [    1.224093] mmcblk0: mmc0:59b4 USDU1 7.31 GiB
Jun 11 18:27:49 raspberrypi kernel: [    1.228410]  mmcblk0: p1 p2
Jun 11 18:27:49 raspberrypi kernel: [    1.232697] of_cfs_init
Jun 11 18:27:49 raspberrypi kernel: [    1.234117] random: fast init done
Jun 11 18:27:49 raspberrypi kernel: [    1.237768] of_cfs_init: OK
Jun 11 18:27:49 raspberrypi kernel: [    1.243432] EXT4-fs (mmcblk0p2): INFO: recovery required on readonly filesystem
Jun 11 18:27:49 raspberrypi kernel: [    1.246075] EXT4-fs (mmcblk0p2): write access will be enabled during recovery
Jun 11 18:27:49 raspberrypi kernel: [    1.249784] mmc1: queuing unknown CIS tuple 0x80 (2 bytes)
Jun 11 18:27:49 raspberrypi kernel: [    1.254273] mmc1: queuing unknown CIS tuple 0x80 (3 bytes)
Jun 11 18:27:49 raspberrypi kernel: [    1.258613] mmc1: queuing unknown CIS tuple 0x80 (3 bytes)
Jun 11 18:27:49 raspberrypi kernel: [    1.264197] mmc1: queuing unknown CIS tuple 0x80 (7 bytes)
Jun 11 18:27:49 raspberrypi kernel: [    1.339922] mmc1: new high speed SDIO card at address 0001
Jun 11 18:27:49 raspberrypi kernel: [    1.342465] usb 1-1: new high-speed USB device number 2 using dwc_otg
Jun 11 18:27:49 raspberrypi kernel: [    1.345002] Indeed it is in host mode hprt0 = 00001101
Jun 11 18:27:49 raspberrypi kernel: [    1.572972] usb 1-1: New USB device found, idVendor=0424, idProduct=2514
Jun 11 18:27:49 raspberrypi kernel: [    1.575383] usb 1-1: New USB device strings: Mfr=0, Product=0, SerialNumber=0
Jun 11 18:27:49 raspberrypi kernel: [    1.578977] hub 1-1:1.0: USB hub found
Jun 11 18:27:49 raspberrypi kernel: [    1.581528] hub 1-1:1.0: 4 ports detected
Jun 11 18:27:49 raspberrypi kernel: [    1.902458] usb 1-1.1: new high-speed USB device number 3 using dwc_otg
Jun 11 18:27:49 raspberrypi kernel: [    2.032921] usb 1-1.1: New USB device found, idVendor=0424, idProduct=2514
Jun 11 18:27:49 raspberrypi kernel: [    2.035223] usb 1-1.1: New USB device strings: Mfr=0, Product=0, SerialNumber=0
Jun 11 18:27:49 raspberrypi kernel: [    2.038602] hub 1-1.1:1.0: USB hub found
Jun 11 18:27:49 raspberrypi kernel: [    2.041020] hub 1-1.1:1.0: 3 ports detected
Jun 11 18:27:49 raspberrypi kernel: [    2.396728] dwc_otg_handle_wakeup_detected_intr lxstate = 2
Jun 11 18:27:49 raspberrypi kernel: [    2.822455] usb 1-1.1.1: new high-speed USB device number 4 using dwc_otg
Jun 11 18:27:49 raspberrypi kernel: [    2.953266] usb 1-1.1.1: New USB device found, idVendor=0424, idProduct=7800
Jun 11 18:27:49 raspberrypi kernel: [    2.955725] usb 1-1.1.1: New USB device strings: Mfr=0, Product=0, SerialNumber=0
Jun 11 18:27:49 raspberrypi kernel: [    3.239159] libphy: lan78xx-mdiobus: probed
Jun 11 18:27:49 raspberrypi kernel: [    3.274363] EXT4-fs (mmcblk0p2): recovery complete
Jun 11 18:27:49 raspberrypi kernel: [    3.351093] EXT4-fs (mmcblk0p2): mounted filesystem with ordered data mode. Opts: (null)
Jun 11 18:27:49 raspberrypi kernel: [    3.356477] VFS: Mounted root (ext4 filesystem) readonly on device 179:2.
Jun 11 18:27:49 raspberrypi kernel: [    3.367922] devtmpfs: mounted
Jun 11 18:27:49 raspberrypi kernel: [    3.372312] Freeing unused kernel memory: 1024K
Jun 11 18:27:49 raspberrypi kernel: [    3.930434] NET: Registered protocol family 10
Jun 11 18:27:49 raspberrypi kernel: [    3.945374] ip_tables: (C) 2000-2006 Netfilter Core Team
Jun 11 18:27:49 raspberrypi kernel: [    5.251564] EXT4-fs (mmcblk0p2): re-mounted. Opts: (null)
Jun 11 18:27:49 raspberrypi kernel: [    5.757535] gpiomem-bcm2835 3f200000.gpiomem: Initialised: Registers at 0x3f200000
Jun 11 18:27:49 raspberrypi kernel: [    6.051928] brcmfmac: F1 signature read @0x18000000=0x15264345
Jun 11 18:27:49 raspberrypi kernel: [    6.066917] usbcore: registered new interface driver brcmfmac
Jun 11 18:27:49 raspberrypi kernel: [    6.447303] brcmfmac: Firmware version = wl0: Feb 27 2018 03:15:32 version 7.45.154 (r684107 CY) FWID 01-4fbe0b04
Jun 11 18:27:49 raspberrypi kernel: [    6.448272] brcmfmac: brcmf_c_preinit_dcmds: CLM version = API: 12.2 Data: 9.10.105 Compiler: 1.29.4 ClmImport: 1.36.3 Creation: 2018-03-09 18:56:28 
Jun 11 18:27:49 raspberrypi kernel: [    6.505593] random: crng init done
Jun 11 18:27:49 raspberrypi kernel: [    7.446537] uart-pl011 3f201000.serial: no DMA platform data
Jun 11 18:27:49 raspberrypi dbus[360]: [system] Successfully activated service 'org.freedesktop.systemd1'
Jun 11 18:27:49 raspberrypi systemd[1]: Started Avahi mDNS/DNS-SD Stack.
Jun 11 18:27:49 raspberrypi avahi-daemon[354]: Successfully called chroot().
Jun 11 18:27:49 raspberrypi systemd[1]: Starting Disable WiFi if country not set...
Jun 11 18:27:49 raspberrypi avahi-daemon[354]: Successfully dropped remaining capabilities.
Jun 11 18:27:49 raspberrypi systemd[1]: Starting WPA supplicant...
Jun 11 18:27:49 raspberrypi avahi-daemon[354]: No service file found in /etc/avahi/services.
Jun 11 18:27:49 raspberrypi systemd[1]: Starting dhcpcd on all interfaces...
Jun 11 18:27:49 raspberrypi avahi-daemon[354]: Network interface enumeration completed.
Jun 11 18:27:49 raspberrypi systemd[1]: Starting LSB: gpm sysv init script...
Jun 11 18:27:49 raspberrypi avahi-daemon[354]: Server startup complete. Host name is raspberrypi.local. Local service cookie is 620396094.
Jun 11 18:27:49 raspberrypi systemd[1]: Started triggerhappy global hotkey daemon.
Jun 11 18:27:49 raspberrypi systemd[1]: Started System Logging Service.
Jun 11 18:27:49 raspberrypi systemd[1]: Started rng-tools.service.
Jun 11 18:27:49 raspberrypi systemd[1]: Started Save/Restore Sound Card State.
Jun 11 18:27:49 raspberrypi systemd[1]: Started Disable WiFi if country not set.
Jun 11 18:27:49 raspberrypi dhcpcd[392]: dev: loaded udev
Jun 11 18:27:49 raspberrypi wpa_supplicant[391]: Successfully initialized wpa_supplicant
Jun 11 18:27:49 raspberrypi raspi-config[350]: Checking if shift key is held down:Error opening '/dev/input/event*': No such file or directory
Jun 11 18:27:49 raspberrypi systemd[1]: Started WPA supplicant.
Jun 11 18:27:49 raspberrypi systemd[1]: Started Login Service.
Jun 11 18:27:49 raspberrypi dphys-swapfile[356]: Starting dphys-swapfile swapfile setup ...
Jun 11 18:27:49 raspberrypi systemd[1]: Starting Load/Save RF Kill Switch Status...
Jun 11 18:27:49 raspberrypi raspi-config[350]:  No. Switching to ondemand scaling governor.
Jun 11 18:27:49 raspberrypi systemd[1]: Started Raise network interfaces.
Jun 11 18:27:49 raspberrypi systemd[1]: Started LSB: Switch to ondemand cpu governor (unless shift key is pressed).
Jun 11 18:27:49 raspberrypi systemd[1]: Started Load/Save RF Kill Switch Status.
Jun 11 18:27:49 raspberrypi /usr/sbin/gpm[439]: *** info [daemon/startup.c(131)]:
Jun 11 18:27:49 raspberrypi gpm[393]: Starting mouse interface server: gpm.
Jun 11 18:27:49 raspberrypi systemd[1]: Started LSB: gpm sysv init script.
Jun 11 18:27:49 raspberrypi /usr/sbin/gpm[439]: Started gpm successfully. Entered daemon mode.
Jun 11 18:27:49 raspberrypi dphys-swapfile[356]: want /var/swap=100MByte, checking existing: keeping it
Jun 11 18:27:49 raspberrypi dhcpcd[392]: wlan0: starting wpa_supplicant
Jun 11 18:27:49 raspberrypi dhcpcd-run-hooks[445]: wlan0: starting wpa_supplicant
Jun 11 18:27:50 raspberrypi kernel: [    8.059650] Adding 102396k swap on /var/swap.  Priority:-1 extents:1 across:102396k SSFS
Jun 11 18:27:50 raspberrypi dphys-swapfile[356]: done.
Jun 11 18:27:50 raspberrypi systemd[1]: Started LSB: Autogenerate and use a swap file.
Jun 11 18:27:50 raspberrypi kernel: [    8.080070] IPv6: ADDRCONF(NETDEV_UP): wlan0: link is not ready
Jun 11 18:27:50 raspberrypi kernel: [    8.080089] brcmfmac: power management disabled
Jun 11 18:27:50 raspberrypi dhcpcd[392]: eth0: waiting for carrier
Jun 11 18:27:50 raspberrypi dhcpcd[392]: wlan0: waiting for carrier
Jun 11 18:27:50 raspberrypi dhcpcd[392]: wlan0: carrier acquired
Jun 11 18:27:50 raspberrypi kernel: [    8.464043] IPv6: ADDRCONF(NETDEV_UP): eth0: link is not ready
Jun 11 18:27:50 raspberrypi dhcpcd[392]: DUID 00:01:00:01:24:3d:de:29:b8:27:eb:de:05:30
Jun 11 18:27:50 raspberrypi dhcpcd[392]: wlan0: IAID eb:de:05:30
Jun 11 18:27:50 raspberrypi dhcpcd[392]: wlan0: adding address fe80::690e:a875:9ced:b218
Jun 11 18:27:50 raspberrypi dhcpcd[392]: wlan0: carrier lost
Jun 11 18:27:50 raspberrypi dhcpcd[392]: wlan0: deleting address fe80::690e:a875:9ced:b218
Jun 11 18:27:56 raspberrypi kernel: [   13.929299] Bluetooth: Core ver 2.22
Jun 11 18:27:56 raspberrypi kernel: [   13.929449] NET: Registered protocol family 31
Jun 11 18:27:56 raspberrypi kernel: [   13.929463] Bluetooth: HCI device and connection manager initialized
Jun 11 18:27:56 raspberrypi kernel: [   13.931441] Bluetooth: HCI socket layer initialized
Jun 11 18:27:56 raspberrypi kernel: [   13.931466] Bluetooth: L2CAP socket layer initialized
Jun 11 18:27:56 raspberrypi kernel: [   13.931529] Bluetooth: SCO socket layer initialized
Jun 11 18:27:56 raspberrypi kernel: [   13.941649] Bluetooth: HCI UART driver ver 2.3
Jun 11 18:27:56 raspberrypi kernel: [   13.941666] Bluetooth: HCI UART protocol H4 registered
Jun 11 18:27:56 raspberrypi kernel: [   13.941675] Bluetooth: HCI UART protocol Three-wire (H5) registered
Jun 11 18:27:56 raspberrypi kernel: [   13.941875] Bluetooth: HCI UART protocol Broadcom registered
Jun 11 18:27:56 raspberrypi btuart[349]: bcm43xx_init
Jun 11 18:27:56 raspberrypi btuart[349]: Flash firmware /lib/firmware/brcm/BCM4345C0.hcd
Jun 11 18:27:56 raspberrypi btuart[349]: Set BDADDR UART: b8:27:eb:21:fa:cf
Jun 11 18:27:56 raspberrypi btuart[349]: Set Controller UART speed to 3000000 bit/s
Jun 11 18:27:56 raspberrypi btuart[349]: Device setup complete
Jun 11 18:27:56 raspberrypi systemd[1]: Starting Load/Save RF Kill Switch Status...
Jun 11 18:27:56 raspberrypi systemd[1]: Started Configure Bluetooth Modems connected by UART.
Jun 11 18:27:56 raspberrypi systemd[1]: Started Load/Save RF Kill Switch Status.
Jun 11 18:27:56 raspberrypi systemd[1]: Starting Bluetooth service...
Jun 11 18:27:56 raspberrypi systemd[1]: Created slice system-bthelper.slice.
Jun 11 18:27:56 raspberrypi bluetoothd[483]: Bluetooth daemon 5.43
Jun 11 18:27:56 raspberrypi systemd[1]: Started Bluetooth service.
Jun 11 18:27:56 raspberrypi systemd[1]: Reached target Bluetooth.
Jun 11 18:27:56 raspberrypi systemd[1]: Started Raspberry Pi bluetooth helper.
Jun 11 18:27:56 raspberrypi bluetoothd[483]: Starting SDP server
Jun 11 18:27:56 raspberrypi kernel: [   14.189096] Bluetooth: BNEP (Ethernet Emulation) ver 1.3
Jun 11 18:27:56 raspberrypi kernel: [   14.189114] Bluetooth: BNEP filters: protocol multicast
Jun 11 18:27:56 raspberrypi kernel: [   14.189141] Bluetooth: BNEP socket layer initialized
Jun 11 18:27:56 raspberrypi dbus[360]: [system] Activating via systemd: service name='org.freedesktop.hostname1' unit='dbus-org.freedesktop.hostname1.service'
Jun 11 18:27:56 raspberrypi bluetoothd[483]: Bluetooth management interface 1.14 initialized
Jun 11 18:27:56 raspberrypi bluetoothd[483]: Failed to obtain handles for "Service Changed" characteristic
Jun 11 18:27:56 raspberrypi bluetoothd[483]: Sap driver initialization failed.
Jun 11 18:27:56 raspberrypi bluetoothd[483]: sap-server: Operation not permitted (1)
Jun 11 18:27:56 raspberrypi systemd[1]: Starting Hostname Service...
Jun 11 18:27:56 raspberrypi bluetoothd[483]: Failed to set privacy: Rejected (0x0b)
Jun 11 18:27:56 raspberrypi dbus[360]: [system] Successfully activated service 'org.freedesktop.hostname1'
Jun 11 18:27:56 raspberrypi systemd[1]: Started Hostname Service.
Jun 11 18:28:20 raspberrypi dhcpcd[392]: timed out
Jun 11 18:28:20 raspberrypi dhcpcd[392]: forked to background, child pid 497
Jun 11 18:28:20 raspberrypi systemd[1]: Started dhcpcd on all interfaces.
Jun 11 18:28:20 raspberrypi systemd[1]: Reached target Network.
Jun 11 18:28:20 raspberrypi systemd[1]: Starting OpenBSD Secure Shell server...
Jun 11 18:28:20 raspberrypi systemd[1]: Starting Permit User Sessions...
Jun 11 18:28:20 raspberrypi systemd[1]: Reached target Network is Online.
Jun 11 18:28:20 raspberrypi systemd[1]: Starting Samba NMB Daemon...
Jun 11 18:28:20 raspberrypi systemd[1]: Starting /etc/rc.local Compatibility...
Jun 11 18:28:20 raspberrypi systemd[1]: Started Permit User Sessions.
Jun 11 18:28:21 raspberrypi systemd[1]: Started OpenBSD Secure Shell server.
Jun 11 18:28:21 raspberrypi systemd[1]: nmbd.service: Supervising process 543 which is not our child. We'll most likely not notice when it exits.
Jun 11 18:28:26 raspberrypi systemd[1]: Started /etc/rc.local Compatibility.
Jun 11 18:28:26 raspberrypi systemd[1]: Starting Terminate Plymouth Boot Screen...
Jun 11 18:28:26 raspberrypi systemd[1]: Starting Hold until boot process finishes up...
Jun 11 18:28:26 raspberrypi systemd[1]: Received SIGRTMIN+21 from PID 211 (plymouthd).
Jun 11 18:28:26 raspberrypi systemd[1]: Started Hold until boot process finishes up.
Jun 11 18:28:26 raspberrypi systemd[1]: Started Terminate Plymouth Boot Screen.
Jun 11 18:28:26 raspberrypi systemd[1]: Started Getty on tty1.
Jun 11 18:28:26 raspberrypi systemd[1]: Reached target Login Prompts.
Jun 11 18:28:31 raspberrypi systemd[1]: Created slice User Slice of root.
Jun 11 18:28:31 raspberrypi systemd[1]: Starting User Manager for UID 0...
Jun 11 18:28:31 raspberrypi systemd[1]: Started Session c1 of user root.
Jun 11 18:28:31 raspberrypi systemd[580]: Listening on GnuPG cryptographic agent (access for web browsers).
Jun 11 18:28:31 raspberrypi systemd[580]: Reached target Paths.
Jun 11 18:28:31 raspberrypi systemd[580]: Listening on GnuPG cryptographic agent and passphrase cache.
Jun 11 18:28:31 raspberrypi systemd[580]: Listening on GnuPG cryptographic agent (ssh-agent emulation).
Jun 11 18:28:31 raspberrypi systemd[580]: Listening on GnuPG cryptographic agent and passphrase cache (restricted).
Jun 11 18:28:31 raspberrypi systemd[580]: Reached target Sockets.
Jun 11 18:28:31 raspberrypi systemd[580]: Reached target Timers.
Jun 11 18:28:31 raspberrypi systemd[580]: Reached target Basic System.
Jun 11 18:28:31 raspberrypi systemd[580]: Reached target Default.
Jun 11 18:28:31 raspberrypi systemd[580]: Startup finished in 102ms.
Jun 11 18:28:31 raspberrypi systemd[1]: Started User Manager for UID 0.
Jun 11 18:28:40 raspberrypi dhcpcd[497]: wlan0: carrier acquired
Jun 11 18:28:40 raspberrypi kernel: [   58.623126] IPv6: ADDRCONF(NETDEV_CHANGE): wlan0: link becomes ready
Jun 11 18:28:40 raspberrypi dhcpcd[497]: wlan0: IAID eb:de:05:30
Jun 11 18:28:40 raspberrypi dhcpcd[497]: wlan0: adding address fe80::6992:1a45:7092:72a6
Jun 11 18:28:40 raspberrypi dhcpcd[497]: wlan0: soliciting a DHCP lease
Jun 11 18:28:41 raspberrypi dhcpcd[497]: wlan0: soliciting an IPv6 router
Jun 11 18:28:41 raspberrypi avahi-daemon[354]: Joining mDNS multicast group on interface wlan0.IPv6 with address fe80::6992:1a45:7092:72a6.
Jun 11 18:28:41 raspberrypi avahi-daemon[354]: New relevant interface wlan0.IPv6 for mDNS.
Jun 11 18:28:41 raspberrypi avahi-daemon[354]: Registering new address record for fe80::6992:1a45:7092:72a6 on wlan0.*.
Jun 11 18:28:43 raspberrypi dhcpcd[497]: wlan0: offered 192.168.1.231 from 192.168.1.1
Jun 11 18:28:43 raspberrypi dhcpcd[497]: wlan0: probing address 192.168.1.231/24
Jun 11 18:28:48 raspberrypi dhcpcd[497]: wlan0: leased 192.168.1.231 for 86400 seconds
Jun 11 18:28:48 raspberrypi avahi-daemon[354]: Joining mDNS multicast group on interface wlan0.IPv4 with address 192.168.1.231.
Jun 11 18:28:48 raspberrypi avahi-daemon[354]: New relevant interface wlan0.IPv4 for mDNS.
Jun 11 18:28:48 raspberrypi dhcpcd[497]: wlan0: adding route to 192.168.1.0/24
Jun 11 18:28:48 raspberrypi avahi-daemon[354]: Registering new address record for 192.168.1.231 on wlan0.IPv4.
Jun 11 18:28:48 raspberrypi dhcpcd[497]: wlan0: adding default route via 192.168.1.1
Jun 11 18:31:47 raspberrypi systemd[1]: Time has been changed
Jun 11 18:31:47 raspberrypi systemd[580]: Time has been changed
Jun 11 18:31:47 raspberrypi systemd-timesyncd[287]: Synchronized to time server 185.51.192.34:123 (0.debian.pool.ntp.org).
Jun 11 18:31:47 raspberrypi systemd[1]: apt-daily-upgrade.timer: Adding 3.064854s random time.
Jun 11 18:31:47 raspberrypi systemd[1]: apt-daily.timer: Adding 2h 31min 25.199981s random time.
Jun 11 18:31:49 raspberrypi systemd[1]: Started Samba NMB Daemon.
Jun 11 18:31:49 raspberrypi systemd[1]: Starting Samba SMB Daemon...
Jun 11 18:31:50 raspberrypi systemd[1]: smbd.service: Supervising process 657 which is not our child. We'll most likely not notice when it exits.
Jun 11 18:31:50 raspberrypi systemd[1]: Started Samba SMB Daemon.
Jun 11 18:31:50 raspberrypi systemd[1]: Reached target Multi-User System.
Jun 11 18:31:50 raspberrypi systemd[1]: Reached target Graphical Interface.
Jun 11 18:31:50 raspberrypi systemd[1]: Starting Update UTMP about System Runlevel Changes...
Jun 11 18:31:50 raspberrypi systemd[1]: Started Update UTMP about System Runlevel Changes.
Jun 11 18:31:50 raspberrypi systemd[1]: Startup finished in 3.754s (kernel) + 1min 6.712s (userspace) = 1min 10.466s.
Jun 11 18:31:51 raspberrypi dhcpcd[497]: wlan0: no IPv6 Routers available
Jun 11 18:32:20 raspberrypi kernel: [    0.000000] Booting Linux on physical CPU 0x0
Jun 11 18:32:20 raspberrypi kernel: [    0.000000] Linux version 4.9.80-v7+ (harcok@cup) (gcc version 4.8.4 (Ubuntu/Linaro 4.8.4-2ubuntu1~14.04.1) ) #3 SMP Tue Jun 4 10:44:43 CEST 2019
Jun 11 18:32:20 raspberrypi kernel: [    0.000000] CPU: ARMv7 Processor [410fd034] revision 4 (ARMv7), cr=10c5383d
Jun 11 18:32:20 raspberrypi kernel: [    0.000000] CPU: div instructions available: patching division code
Jun 11 18:32:20 raspberrypi kernel: [    0.000000] CPU: PIPT / VIPT nonaliasing data cache, VIPT aliasing instruction cache
Jun 11 18:32:20 raspberrypi kernel: [    0.000000] OF: fdt:Machine model: Raspberry Pi 3 Model B Plus Rev 1.3
Jun 11 18:32:20 raspberrypi kernel: [    0.000000] Memory policy: Data cache writealloc
Jun 11 18:32:20 raspberrypi kernel: [    0.000000] On node 0 totalpages: 242688
Jun 11 18:32:20 raspberrypi kernel: [    0.000000] free_area_init_node: node 0, pgdat 80c769c0, node_mem_map baba6000
Jun 11 18:32:20 raspberrypi kernel: [    0.000000]   Normal zone: 2133 pages used for memmap
Jun 11 18:32:20 raspberrypi kernel: [    0.000000]   Normal zone: 0 pages reserved
Jun 11 18:32:20 raspberrypi kernel: [    0.000000]   Normal zone: 242688 pages, LIFO batch:31
Jun 11 18:32:20 raspberrypi kernel: [    0.000000] percpu: Embedded 17 pages/cpu @bab53000 s37952 r8192 d23488 u69632
Jun 11 18:32:20 raspberrypi kernel: [    0.000000] pcpu-alloc: s37952 r8192 d23488 u69632 alloc=17*4096
Jun 11 18:32:20 raspberrypi kernel: [    0.000000] pcpu-alloc: [0] 0 [0] 1 [0] 2 [0] 3 
Jun 11 18:32:20 raspberrypi kernel: [    0.000000] Built 1 zonelists in Zone order, mobility grouping on.  Total pages: 240555
Jun 11 18:32:20 raspberrypi kernel: [    0.000000] Kernel command line: 8250.nr_uarts=0 bcm2708_fb.fbwidth=656 bcm2708_fb.fbheight=416 bcm2708_fb.fbswap=1 vc_mem.mem_base=0x3ec00000 vc_mem.mem_size=0x40000000  dwc_otg.lpm_enable=0 console=ttyS0,115200 console=tty1 root=PARTUUID=b93bee23-02 rootfstype=ext4 elevator=deadline fsck.repair=yes rootwait
Jun 11 18:32:20 raspberrypi kernel: [    0.000000] PID hash table entries: 4096 (order: 2, 16384 bytes)
Jun 11 18:32:20 raspberrypi kernel: [    0.000000] Dentry cache hash table entries: 131072 (order: 7, 524288 bytes)
Jun 11 18:32:20 raspberrypi kernel: [    0.000000] Inode-cache hash table entries: 65536 (order: 6, 262144 bytes)
Jun 11 18:32:20 raspberrypi kernel: [    0.000000] Memory: 948444K/970752K available (7168K kernel code, 525K rwdata, 2064K rodata, 1024K init, 807K bss, 22308K reserved, 0K cma-reserved)
Jun 11 18:32:20 raspberrypi kernel: [    0.000000] Virtual kernel memory layout:
Jun 11 18:32:20 raspberrypi kernel: [    0.000000]     vector  : 0xffff0000 - 0xffff1000   (   4 kB)
Jun 11 18:32:20 raspberrypi kernel: [    0.000000]     fixmap  : 0xffc00000 - 0xfff00000   (3072 kB)
Jun 11 18:32:20 raspberrypi kernel: [    0.000000]     vmalloc : 0xbb800000 - 0xff800000   (1088 MB)
Jun 11 18:32:20 raspberrypi kernel: [    0.000000]     lowmem  : 0x80000000 - 0xbb400000   ( 948 MB)
Jun 11 18:32:20 raspberrypi kernel: [    0.000000]     modules : 0x7f000000 - 0x80000000   (  16 MB)
Jun 11 18:32:20 raspberrypi kernel: [    0.000000]       .text : 0x80008000 - 0x80800000   (8160 kB)
Jun 11 18:32:20 raspberrypi kernel: [    0.000000]       .init : 0x80b00000 - 0x80c00000   (1024 kB)
Jun 11 18:32:20 raspberrypi kernel: [    0.000000]       .data : 0x80c00000 - 0x80c835dc   ( 526 kB)
Jun 11 18:32:20 raspberrypi kernel: [    0.000000]        .bss : 0x80c85000 - 0x80d4ede4   ( 808 kB)
Jun 11 18:32:20 raspberrypi kernel: [    0.000000] SLUB: HWalign=64, Order=0-3, MinObjects=0, CPUs=4, Nodes=1
Jun 11 18:32:20 raspberrypi kernel: [    0.000000] Hierarchical RCU implementation.
Jun 11 18:32:20 raspberrypi kernel: [    0.000000] 	Build-time adjustment of leaf fanout to 32.
Jun 11 18:32:20 raspberrypi kernel: [    0.000000] NR_IRQS:16 nr_irqs:16 16
Jun 11 18:32:20 raspberrypi kernel: [    0.000000] arm_arch_timer: Architected cp15 timer(s) running at 19.20MHz (phys).
Jun 11 18:32:20 raspberrypi kernel: [    0.000000] I-pipe, 19.200 MHz clocksource, wrap in 960767920505705 ms
Jun 11 18:32:20 raspberrypi kernel: [    0.000000] clocksource: ipipe_tsc: mask: 0xffffffffffffffff max_cycles: 0x46d987e47, max_idle_ns: 440795202767 ns
Jun 11 18:32:20 raspberrypi kernel: [    0.000000] clocksource: arch_sys_counter: mask: 0xffffffffffffff max_cycles: 0x46d987e47, max_idle_ns: 440795202767 ns
Jun 11 18:32:20 raspberrypi kernel: [    0.000007] sched_clock: 56 bits at 19MHz, resolution 52ns, wraps every 4398046511078ns
Jun 11 18:32:20 raspberrypi kernel: [    0.000026] Switching to timer-based delay loop, resolution 52ns
Jun 11 18:32:20 raspberrypi kernel: [    0.001474] Interrupt pipeline (release #4)
Jun 11 18:32:20 raspberrypi kernel: [    0.001698] Console: colour dummy device 80x30
Jun 11 18:32:20 raspberrypi kernel: [    0.002929] console [tty1] enabled
Jun 11 18:32:20 raspberrypi kernel: [    0.002985] Calibrating delay loop (skipped), value calculated using timer frequency.. 38.40 BogoMIPS (lpj=192000)
Jun 11 18:32:20 raspberrypi kernel: [    0.003069] pid_max: default: 32768 minimum: 301
Jun 11 18:32:20 raspberrypi kernel: [    0.003301] Mount-cache hash table entries: 2048 (order: 1, 8192 bytes)
Jun 11 18:32:20 raspberrypi kernel: [    0.003354] Mountpoint-cache hash table entries: 2048 (order: 1, 8192 bytes)
Jun 11 18:32:20 raspberrypi kernel: [    0.004604] Disabling memory control group subsystem
Jun 11 18:32:20 raspberrypi kernel: [    0.004731] CPU: Testing write buffer coherency: ok
Jun 11 18:32:20 raspberrypi kernel: [    0.005322] CPU0: update cpu_capacity 1024
Jun 11 18:32:20 raspberrypi kernel: [    0.005366] CPU0: thread -1, cpu 0, socket 0, mpidr 80000000
Jun 11 18:32:20 raspberrypi kernel: [    0.005435] Setting up static identity map for 0x100000 - 0x100034
Jun 11 18:32:20 raspberrypi kernel: [    0.008402] CPU1: update cpu_capacity 1024
Jun 11 18:32:20 raspberrypi kernel: [    0.008411] CPU1: thread -1, cpu 1, socket 0, mpidr 80000001
Jun 11 18:32:20 raspberrypi kernel: [    0.009456] CPU2: update cpu_capacity 1024
Jun 11 18:32:20 raspberrypi kernel: [    0.009465] CPU2: thread -1, cpu 2, socket 0, mpidr 80000002
Jun 11 18:32:20 raspberrypi kernel: [    0.010560] CPU3: update cpu_capacity 1024
Jun 11 18:32:20 raspberrypi kernel: [    0.010569] CPU3: thread -1, cpu 3, socket 0, mpidr 80000003
Jun 11 18:32:20 raspberrypi kernel: [    0.010735] Brought up 4 CPUs
Jun 11 18:32:20 raspberrypi kernel: [    0.010980] SMP: Total of 4 processors activated (153.60 BogoMIPS).
Jun 11 18:32:20 raspberrypi kernel: [    0.011026] CPU: All CPU(s) started in HYP mode.
Jun 11 18:32:20 raspberrypi kernel: [    0.011065] CPU: Virtualization extensions available.
Jun 11 18:32:20 raspberrypi kernel: [    0.012820] devtmpfs: initialized
Jun 11 18:32:20 raspberrypi kernel: [    0.032167] VFP support v0.3: implementor 41 architecture 3 part 40 variant 3 rev 4
Jun 11 18:32:20 raspberrypi kernel: [    0.032668] clocksource: jiffies: mask: 0xffffffff max_cycles: 0xffffffff, max_idle_ns: 19112604462750000 ns
Jun 11 18:32:20 raspberrypi kernel: [    0.032755] futex hash table entries: 1024 (order: 4, 65536 bytes)
Jun 11 18:32:20 raspberrypi kernel: [    0.033072] pinctrl core: initialized pinctrl subsystem
Jun 11 18:32:20 raspberrypi kernel: [    0.034453] NET: Registered protocol family 16
Jun 11 18:32:20 raspberrypi kernel: [    0.036198] DMA: preallocated 1024 KiB pool for atomic coherent allocations
Jun 11 18:32:20 raspberrypi kernel: [    0.050249] hw-breakpoint: found 5 (+1 reserved) breakpoint and 4 watchpoint registers.
Jun 11 18:32:20 raspberrypi kernel: [    0.050317] hw-breakpoint: maximum watchpoint size is 8 bytes.
Jun 11 18:32:20 raspberrypi kernel: [    0.050565] Serial: AMBA PL011 UART driver
Jun 11 18:32:20 raspberrypi kernel: [    0.054017] bcm2835-mbox 3f00b880.mailbox: mailbox enabled
Jun 11 18:32:20 raspberrypi kernel: [    0.055036] uart-pl011 3f201000.serial: could not find pctldev for node /soc/gpio@7e200000/uart0_pins, deferring probe
Jun 11 18:32:20 raspberrypi kernel: [    0.151903] bcm2835-dma 3f007000.dma: DMA legacy API manager at bb90f000, dmachans=0x1
Jun 11 18:32:20 raspberrypi kernel: [    0.154907] SCSI subsystem initialized
Jun 11 18:32:20 raspberrypi kernel: [    0.155394] usbcore: registered new interface driver usbfs
Jun 11 18:32:20 raspberrypi kernel: [    0.155549] usbcore: registered new interface driver hub
Jun 11 18:32:20 raspberrypi kernel: [    0.155734] usbcore: registered new device driver usb
Jun 11 18:32:20 raspberrypi kernel: [    0.160222] raspberrypi-firmware soc:firmware: Attached to firmware from 2019-03-27 15:45
Jun 11 18:32:20 raspberrypi kernel: [    0.162387] clocksource: Switched to clocksource ipipe_tsc
Jun 11 18:32:20 raspberrypi kernel: [    0.234800] VFS: Disk quotas dquot_6.6.0
Jun 11 18:32:20 raspberrypi kernel: [    0.234947] VFS: Dquot-cache hash table entries: 1024 (order 0, 4096 bytes)
Jun 11 18:32:20 raspberrypi kernel: [    0.235302] FS-Cache: Loaded
Jun 11 18:32:20 raspberrypi kernel: [    0.235685] CacheFiles: Loaded
Jun 11 18:32:20 raspberrypi kernel: [    0.256377] NET: Registered protocol family 2
Jun 11 18:32:20 raspberrypi kernel: [    0.257547] TCP established hash table entries: 8192 (order: 3, 32768 bytes)
Jun 11 18:32:20 raspberrypi kernel: [    0.257704] TCP bind hash table entries: 8192 (order: 4, 65536 bytes)
Jun 11 18:32:20 raspberrypi kernel: [    0.257931] TCP: Hash tables configured (established 8192 bind 8192)
Jun 11 18:32:20 raspberrypi kernel: [    0.258070] UDP hash table entries: 512 (order: 2, 16384 bytes)
Jun 11 18:32:20 raspberrypi kernel: [    0.258155] UDP-Lite hash table entries: 512 (order: 2, 16384 bytes)
Jun 11 18:32:20 raspberrypi kernel: [    0.258501] NET: Registered protocol family 1
Jun 11 18:32:20 raspberrypi kernel: [    0.259183] RPC: Registered named UNIX socket transport module.
Jun 11 18:32:20 raspberrypi kernel: [    0.259231] RPC: Registered udp transport module.
Jun 11 18:32:20 raspberrypi kernel: [    0.259272] RPC: Registered tcp transport module.
Jun 11 18:32:20 raspberrypi kernel: [    0.259313] RPC: Registered tcp NFSv4.1 backchannel transport module.
Jun 11 18:32:20 raspberrypi kernel: [    0.260734] hw perfevents: enabled with armv7_cortex_a7 PMU driver, 7 counters available
Jun 11 18:32:20 raspberrypi kernel: [    0.263963] [Xenomai] scheduling class idle registered.
Jun 11 18:32:20 raspberrypi kernel: [    0.264008] [Xenomai] scheduling class rt registered.
Jun 11 18:32:20 raspberrypi kernel: [    0.264258] I-pipe: head domain Xenomai registered.
Jun 11 18:32:20 raspberrypi kernel: [    0.269183] [Xenomai] Cobalt v3.0.8 
Jun 11 18:32:20 raspberrypi kernel: [    0.269627] workingset: timestamp_bits=14 max_order=18 bucket_order=4
Jun 11 18:32:20 raspberrypi kernel: [    0.294867] FS-Cache: Netfs 'nfs' registered for caching
Jun 11 18:32:20 raspberrypi kernel: [    0.296424] NFS: Registering the id_resolver key type
Jun 11 18:32:20 raspberrypi kernel: [    0.296495] Key type id_resolver registered
Jun 11 18:32:20 raspberrypi kernel: [    0.296536] Key type id_legacy registered
Jun 11 18:32:20 raspberrypi fake-hwclock[112]: Tue 11 Jun 16:25:31 UTC 2019
Jun 11 18:32:20 raspberrypi systemd-fsck[144]: e2fsck 1.43.4 (31-Jan-2017)
Jun 11 18:32:20 raspberrypi kernel: [    0.300450] Block layer SCSI generic (bsg) driver version 0.4 loaded (major 249)
Jun 11 18:32:20 raspberrypi kernel: [    0.300705] io scheduler noop registered
Jun 11 18:32:20 raspberrypi kernel: [    0.300749] io scheduler deadline registered (default)
Jun 11 18:32:20 raspberrypi systemd-fsck[144]: rootfs: clean, 53695/451232 files, 412224/1904384 blocks
Jun 11 18:32:20 raspberrypi kernel: [    0.301186] io scheduler cfq registered
Jun 11 18:32:20 raspberrypi kernel: [    0.309018] BCM2708FB: allocated DMA memory f98f0000
Jun 11 18:32:20 raspberrypi kernel: [    0.309092] BCM2708FB: allocated DMA channel 0 @ bb90f000
Jun 11 18:32:20 raspberrypi systemd[1]: Started Create Static Device Nodes in /dev.
Jun 11 18:32:20 raspberrypi systemd[1]: Starting udev Kernel Device Manager...
Jun 11 18:32:20 raspberrypi systemd[1]: Started File System Check on Root Device.
Jun 11 18:32:20 raspberrypi systemd[1]: Starting Remount Root and Kernel File Systems...
Jun 11 18:32:20 raspberrypi systemd[1]: Started udev Kernel Device Manager.
Jun 11 18:32:20 raspberrypi systemd[1]: Started Remount Root and Kernel File Systems.
Jun 11 18:32:20 raspberrypi systemd[1]: Starting Flush Journal to Persistent Storage...
Jun 11 18:32:20 raspberrypi systemd[1]: Starting udev Coldplug all Devices...
Jun 11 18:32:20 raspberrypi systemd[1]: Starting Load/Save Random Seed...
Jun 11 18:32:20 raspberrypi systemd[1]: Started Set the console keyboard layout.
Jun 11 18:32:20 raspberrypi systemd[1]: Reached target Local File Systems (Pre).
Jun 11 18:32:20 raspberrypi systemd[1]: Started Load/Save Random Seed.
Jun 11 18:32:20 raspberrypi systemd[1]: Started Flush Journal to Persistent Storage.
Jun 11 18:32:20 raspberrypi systemd[1]: Started udev Coldplug all Devices.
Jun 11 18:32:20 raspberrypi systemd[1]: Starting Show Plymouth Boot Screen...
Jun 11 18:32:20 raspberrypi systemd[1]: Received SIGRTMIN+20 from PID 206 (plymouthd).
Jun 11 18:32:20 raspberrypi systemd[1]: Started Show Plymouth Boot Screen.
Jun 11 18:32:20 raspberrypi systemd[1]: Started Forward Password Requests to Plymouth Directory Watch.
Jun 11 18:32:20 raspberrypi systemd[1]: Reached target Paths.
Jun 11 18:32:20 raspberrypi systemd[1]: Reached target Encrypted Volumes.
Jun 11 18:32:20 raspberrypi kernel: [    0.318369] Console: switching to colour frame buffer device 82x26
Jun 11 18:32:20 raspberrypi systemd[1]: Found device /dev/serial1.
Jun 11 18:32:20 raspberrypi kernel: [    0.328401] bcm2835-rng 3f104000.rng: hwrng registered
Jun 11 18:32:20 raspberrypi kernel: [    0.331100] vc-mem: phys_addr:0x00000000 mem_base=0x3ec00000 mem_size:0x40000000(1024 MiB)
Jun 11 18:32:20 raspberrypi kernel: [    0.336970] vc-sm: Videocore shared memory driver
Jun 11 18:32:20 raspberrypi kernel: [    0.363869] brd: module loaded
Jun 11 18:32:20 raspberrypi systemd[1]: Found device /dev/disk/by-partuuid/b93bee23-01.
Jun 11 18:32:20 raspberrypi kernel: [    0.380493] loop: module loaded
Jun 11 18:32:20 raspberrypi kernel: [    0.383079] Loading iSCSI transport class v2.0-870.
Jun 11 18:32:20 raspberrypi kernel: [    0.386704] libphy: Fixed MDIO Bus: probed
Jun 11 18:32:20 raspberrypi kernel: [    0.389348] usbcore: registered new interface driver lan78xx
Jun 11 18:32:20 raspberrypi systemd[1]: Starting File System Check on /dev/disk/by-partuuid/b93bee23-01...
Jun 11 18:32:20 raspberrypi kernel: [    0.391980] usbcore: registered new interface driver smsc95xx
Jun 11 18:32:20 raspberrypi kernel: [    0.394470] dwc_otg: version 3.00a 10-AUG-2012 (platform bus)
Jun 11 18:32:20 raspberrypi kernel: [    0.625235] Core Release: 2.80a
Jun 11 18:32:20 raspberrypi kernel: [    0.627688] Setting default values for core params
Jun 11 18:32:20 raspberrypi mtp-probe: checking bus 1, device 4: "/sys/devices/platform/soc/3f980000.usb/usb1/1-1/1-1.1/1-1.1.1"
Jun 11 18:32:20 raspberrypi kernel: [    0.630138] Finished setting default values for core params
Jun 11 18:32:20 raspberrypi kernel: [    0.833182] Using Buffer DMA mode
Jun 11 18:32:20 raspberrypi kernel: [    0.835536] Periodic Transfer Interrupt Enhancement - disabled
Jun 11 18:32:20 raspberrypi kernel: [    0.837996] Multiprocessor Interrupt Enhancement - disabled
Jun 11 18:32:20 raspberrypi mtp-probe: bus: 1, device: 4 was not an MTP device
Jun 11 18:32:20 raspberrypi kernel: [    0.840490] OTG VER PARAM: 0, OTG VER FLAG: 0
Jun 11 18:32:20 raspberrypi kernel: [    0.843022] Dedicated Tx FIFOs mode
Jun 11 18:32:20 raspberrypi kernel: [    0.845815] WARN::dwc_otg_hcd_init:1032: FIQ DMA bounce buffers: virt = 0xbbefa000 dma = 0xf9ab4000 len=9024
Jun 11 18:32:20 raspberrypi kernel: [    0.850962] FIQ FSM acceleration enabled for :
Jun 11 18:32:20 raspberrypi systemd[1]: Listening on Load/Save RF Kill Switch Status /dev/rfkill Watch.
Jun 11 18:32:20 raspberrypi kernel: [    0.850962] Non-periodic Split Transactions
Jun 11 18:32:20 raspberrypi kernel: [    0.850962] Periodic Split Transactions
Jun 11 18:32:20 raspberrypi systemd[1]: Reached target Sound Card.
Jun 11 18:32:20 raspberrypi kernel: [    0.850962] High-Speed Isochronous Endpoints
Jun 11 18:32:20 raspberrypi kernel: [    0.850962] Interrupt/Control Split Transaction hack enabled
Jun 11 18:32:20 raspberrypi kernel: [    0.863069] dwc_otg: Microframe scheduler enabled
Jun 11 18:32:20 raspberrypi kernel: [    0.863123] WARN::hcd_init_fiq:459: FIQ on core 1 at 0x805b40c0
Jun 11 18:32:20 raspberrypi kernel: [    0.865625] WARN::hcd_init_fiq:460: FIQ ASM at 0x805b4420 length 36
Jun 11 18:32:20 raspberrypi kernel: [    0.868108] WARN::hcd_init_fiq:486: MPHI regs_base at 0xbbd7b000
Jun 11 18:32:20 raspberrypi systemd-fsck[236]: fsck.fat 4.1 (2017-01-24)
Jun 11 18:32:20 raspberrypi kernel: [    0.870628] dwc_otg 3f980000.usb: DWC OTG Controller
Jun 11 18:32:20 raspberrypi systemd-fsck[236]: 0x41: Dirty bit is set. Fs was not properly unmounted and some data may be corrupt.
Jun 11 18:32:20 raspberrypi systemd-fsck[236]:  Automatically removing dirty bit.
Jun 11 18:32:20 raspberrypi kernel: [    0.873210] dwc_otg 3f980000.usb: new USB bus registered, assigned bus number 1
Jun 11 18:32:20 raspberrypi systemd-fsck[236]: Performing changes.
Jun 11 18:32:20 raspberrypi kernel: [    0.875805] dwc_otg 3f980000.usb: irq 62, io mem 0x00000000
Jun 11 18:32:20 raspberrypi kernel: [    0.878359] Init: Port Power? op_state=1
Jun 11 18:32:20 raspberrypi kernel: [    0.880832] Init: Power Port (0)
Jun 11 18:32:20 raspberrypi kernel: [    0.883626] usb usb1: New USB device found, idVendor=1d6b, idProduct=0002
Jun 11 18:32:20 raspberrypi systemd-fsck[236]: /dev/mmcblk0p1: 310 files, 63163/86467 clusters
Jun 11 18:32:20 raspberrypi kernel: [    0.886158] usb usb1: New USB device strings: Mfr=3, Product=2, SerialNumber=1
Jun 11 18:32:20 raspberrypi kernel: [    0.888674] usb usb1: Product: DWC OTG Controller
Jun 11 18:32:20 raspberrypi kernel: [    0.891137] usb usb1: Manufacturer: Linux 4.9.80-v7+ dwc_otg_hcd
Jun 11 18:32:20 raspberrypi systemd[1]: Started File System Check on /dev/disk/by-partuuid/b93bee23-01.
Jun 11 18:32:20 raspberrypi kernel: [    0.893670] usb usb1: SerialNumber: 3f980000.usb
Jun 11 18:32:20 raspberrypi kernel: [    0.897390] hub 1-0:1.0: USB hub found
Jun 11 18:32:20 raspberrypi kernel: [    0.899826] hub 1-0:1.0: 1 port detected
Jun 11 18:32:20 raspberrypi kernel: [    0.903213] dwc_otg: FIQ enabled
Jun 11 18:32:20 raspberrypi systemd[1]: Mounting /boot...
Jun 11 18:32:20 raspberrypi kernel: [    0.903222] dwc_otg: NAK holdoff enabled
Jun 11 18:32:20 raspberrypi kernel: [    0.903230] dwc_otg: FIQ split-transaction FSM enabled
Jun 11 18:32:20 raspberrypi kernel: [    0.903251] Module dwc_common_port init
Jun 11 18:32:20 raspberrypi kernel: [    0.903656] usbcore: registered new interface driver usb-storage
Jun 11 18:32:20 raspberrypi systemd[1]: Mounted /boot.
Jun 11 18:32:20 raspberrypi kernel: [    0.906316] mousedev: PS/2 mouse device common for all mice
Jun 11 18:32:20 raspberrypi kernel: [    0.911100] bcm2835-wdt 3f100000.watchdog: Broadcom BCM2835 watchdog timer
Jun 11 18:32:20 raspberrypi kernel: [    0.914083] sdhci: Secure Digital Host Controller Interface driver
Jun 11 18:32:20 raspberrypi kernel: [    0.916606] sdhci: Copyright(c) Pierre Ossman
Jun 11 18:32:20 raspberrypi kernel: [    0.919495] sdhost-bcm2835 3f202000.sdhost: could not get clk, deferring probe
Jun 11 18:32:20 raspberrypi systemd[1]: Reached target Local File Systems.
Jun 11 18:32:20 raspberrypi kernel: [    0.924486] mmc-bcm2835 3f300000.mmc: could not get clk, deferring probe
Jun 11 18:32:20 raspberrypi kernel: [    0.927295] sdhci-pltfm: SDHCI platform and OF driver helper
Jun 11 18:32:20 raspberrypi kernel: [    0.931837] ledtrig-cpu: registered to indicate activity on CPUs
Jun 11 18:32:20 raspberrypi kernel: [    0.934794] hidraw: raw HID events driver (C) Jiri Kosina
Jun 11 18:32:20 raspberrypi systemd[1]: Starting Preprocess NFS configuration...
Jun 11 18:32:20 raspberrypi kernel: [    0.937778] usbcore: registered new interface driver usbhid
Jun 11 18:32:20 raspberrypi kernel: [    0.940457] usbhid: USB HID core driver
Jun 11 18:32:20 raspberrypi kernel: [    0.944023] vchiq: vchiq_init_state: slot_zero = 0xbc18c000, is_master = 0
Jun 11 18:32:20 raspberrypi kernel: [    0.948471] [vc_sm_connected_init]: start
Jun 11 18:32:20 raspberrypi systemd[1]: Starting Tell Plymouth To Write Out Runtime Data...
Jun 11 18:32:20 raspberrypi kernel: [    0.957481] [vc_sm_connected_init]: end - returning 0
Jun 11 18:32:20 raspberrypi kernel: [    0.961425] Initializing XFRM netlink socket
Jun 11 18:32:20 raspberrypi kernel: [    0.964166] NET: Registered protocol family 17
Jun 11 18:32:20 raspberrypi kernel: [    0.966933] Key type dns_resolver registered
Jun 11 18:32:20 raspberrypi systemd[1]: Starting Raise network interfaces...
Jun 11 18:32:20 raspberrypi kernel: [    0.970111] Registering SWP/SWPB emulation handler
Jun 11 18:32:20 raspberrypi kernel: [    0.973855] registered taskstats version 1
Jun 11 18:32:20 raspberrypi kernel: [    0.987969] uart-pl011 3f201000.serial: cts_event_workaround enabled
Jun 11 18:32:20 raspberrypi kernel: [    0.990798] 3f201000.serial: ttyAMA0 at MMIO 0x3f201000 (irq = 87, base_baud = 0) is a PL011 rev2
Jun 11 18:32:20 raspberrypi systemd[1]: Starting Set console font and keymap...
Jun 11 18:32:20 raspberrypi kernel: [    0.998618] sdhost: log_buf @ bc04b000 (f9b72000)
Jun 11 18:32:20 raspberrypi kernel: [    1.082453] mmc0: sdhost-bcm2835 loaded - DMA enabled (>1)
Jun 11 18:32:20 raspberrypi kernel: [    1.087625] mmc-bcm2835 3f300000.mmc: mmc_debug:0 mmc_debug2:0
Jun 11 18:32:20 raspberrypi kernel: [    1.090347] mmc-bcm2835 3f300000.mmc: DMA channel allocated
Jun 11 18:32:20 raspberrypi systemd[1]: Starting Create Volatile Files and Directories...
Jun 11 18:32:20 raspberrypi kernel: [    1.132725] Indeed it is in host mode hprt0 = 00021501
Jun 11 18:32:20 raspberrypi kernel: [    1.203112] mmc0: host does not support reading read-only switch, assuming write-enable
Jun 11 18:32:20 raspberrypi kernel: [    1.211490] mmc0: new high speed SDHC card at address 59b4
Jun 11 18:32:20 raspberrypi systemd[1]: Started Preprocess NFS configuration.
Jun 11 18:32:20 raspberrypi kernel: [    1.215291] mmcblk0: mmc0:59b4 USDU1 7.31 GiB
Jun 11 18:32:20 raspberrypi kernel: [    1.219612]  mmcblk0: p1 p2
Jun 11 18:32:20 raspberrypi kernel: [    1.222680] of_cfs_init
Jun 11 18:32:20 raspberrypi kernel: [    1.225133] random: fast init done
Jun 11 18:32:20 raspberrypi kernel: [    1.227760] of_cfs_init: OK
Jun 11 18:32:20 raspberrypi systemd[1]: Started Tell Plymouth To Write Out Runtime Data.
Jun 11 18:32:20 raspberrypi kernel: [    1.233602] EXT4-fs (mmcblk0p2): INFO: recovery required on readonly filesystem
Jun 11 18:32:20 raspberrypi kernel: [    1.236252] EXT4-fs (mmcblk0p2): write access will be enabled during recovery
Jun 11 18:32:20 raspberrypi kernel: [    1.242063] mmc1: queuing unknown CIS tuple 0x80 (2 bytes)
Jun 11 18:32:20 raspberrypi systemd[1]: Started Set console font and keymap.
Jun 11 18:32:20 raspberrypi kernel: [    1.246543] mmc1: queuing unknown CIS tuple 0x80 (3 bytes)
Jun 11 18:32:20 raspberrypi kernel: [    1.250879] mmc1: queuing unknown CIS tuple 0x80 (3 bytes)
Jun 11 18:32:20 raspberrypi kernel: [    1.256558] mmc1: queuing unknown CIS tuple 0x80 (7 bytes)
Jun 11 18:32:20 raspberrypi kernel: [    1.331661] mmc1: new high speed SDIO card at address 0001
Jun 11 18:32:20 raspberrypi systemd[1]: Reached target NFS client services.
Jun 11 18:32:20 raspberrypi systemd[1]: Reached target Remote File Systems (Pre).
Jun 11 18:32:20 raspberrypi systemd[1]: Reached target Remote File Systems.
Jun 11 18:32:20 raspberrypi systemd[1]: Started Create Volatile Files and Directories.
Jun 11 18:32:20 raspberrypi systemd[1]: Starting Network Time Synchronization...
Jun 11 18:32:20 raspberrypi systemd[1]: Starting Update UTMP about System Boot/Shutdown...
Jun 11 18:32:20 raspberrypi systemd[1]: Started Update UTMP about System Boot/Shutdown.
Jun 11 18:32:20 raspberrypi kernel: [    1.334093] usb 1-1: new high-speed USB device number 2 using dwc_otg
Jun 11 18:32:20 raspberrypi systemd-timesyncd[286]: System clock time unset or jumped backwards, restoring from recorded timestamp: Tue 2019-06-11 18:32:19 CEST
Jun 11 18:32:20 raspberrypi kernel: [    1.336642] Indeed it is in host mode hprt0 = 00001101
Jun 11 18:32:20 raspberrypi systemd[1]: Time has been changed
Jun 11 18:32:20 raspberrypi systemd[1]: Started Network Time Synchronization.
Jun 11 18:32:20 raspberrypi systemd[1]: Reached target System Time Synchronized.
Jun 11 18:32:20 raspberrypi kernel: [    1.562991] usb 1-1: New USB device found, idVendor=0424, idProduct=2514
Jun 11 18:32:20 raspberrypi kernel: [    1.565405] usb 1-1: New USB device strings: Mfr=0, Product=0, SerialNumber=0
Jun 11 18:32:20 raspberrypi kernel: [    1.569007] hub 1-1:1.0: USB hub found
Jun 11 18:32:20 raspberrypi kernel: [    1.571557] hub 1-1:1.0: 4 ports detected
Jun 11 18:32:20 raspberrypi kernel: [    1.892455] usb 1-1.1: new high-speed USB device number 3 using dwc_otg
Jun 11 18:32:20 raspberrypi kernel: [    2.022968] usb 1-1.1: New USB device found, idVendor=0424, idProduct=2514
Jun 11 18:32:20 raspberrypi kernel: [    2.025272] usb 1-1.1: New USB device strings: Mfr=0, Product=0, SerialNumber=0
Jun 11 18:32:20 raspberrypi kernel: [    2.028666] hub 1-1.1:1.0: USB hub found
Jun 11 18:32:20 raspberrypi kernel: [    2.031096] hub 1-1.1:1.0: 3 ports detected
Jun 11 18:32:20 raspberrypi kernel: [    2.386786] dwc_otg_handle_wakeup_detected_intr lxstate = 2
Jun 11 18:32:20 raspberrypi kernel: [    2.822451] usb 1-1.1.1: new high-speed USB device number 4 using dwc_otg
Jun 11 18:32:20 raspberrypi kernel: [    2.953292] usb 1-1.1.1: New USB device found, idVendor=0424, idProduct=7800
Jun 11 18:32:20 raspberrypi kernel: [    2.955747] usb 1-1.1.1: New USB device strings: Mfr=0, Product=0, SerialNumber=0
Jun 11 18:32:20 raspberrypi kernel: [    3.037278] EXT4-fs (mmcblk0p2): recovery complete
Jun 11 18:32:20 raspberrypi kernel: [    3.115574] EXT4-fs (mmcblk0p2): mounted filesystem with ordered data mode. Opts: (null)
Jun 11 18:32:20 raspberrypi kernel: [    3.120851] VFS: Mounted root (ext4 filesystem) readonly on device 179:2.
Jun 11 18:32:20 raspberrypi kernel: [    3.132936] devtmpfs: mounted
Jun 11 18:32:20 raspberrypi kernel: [    3.137409] Freeing unused kernel memory: 1024K
Jun 11 18:32:20 raspberrypi kernel: [    3.445144] libphy: lan78xx-mdiobus: probed
Jun 11 18:32:20 raspberrypi kernel: [    3.694303] NET: Registered protocol family 10
Jun 11 18:32:20 raspberrypi kernel: [    3.709164] ip_tables: (C) 2000-2006 Netfilter Core Team
Jun 11 18:32:20 raspberrypi kernel: [    5.064732] EXT4-fs (mmcblk0p2): re-mounted. Opts: (null)
Jun 11 18:32:20 raspberrypi kernel: [    5.562551] gpiomem-bcm2835 3f200000.gpiomem: Initialised: Registers at 0x3f200000
Jun 11 18:32:20 raspberrypi kernel: [    5.881312] brcmfmac: F1 signature read @0x18000000=0x15264345
Jun 11 18:32:20 raspberrypi kernel: [    5.913654] usbcore: registered new interface driver brcmfmac
Jun 11 18:32:20 raspberrypi systemd[1]: Reached target System Initialization.
Jun 11 18:32:20 raspberrypi systemd[1]: apt-daily.timer: Adding 2h 5min 17.866323s random time.
Jun 11 18:32:20 raspberrypi systemd[1]: Started Daily apt download activities.
Jun 11 18:32:20 raspberrypi systemd[1]: Listening on triggerhappy.socket.
Jun 11 18:32:20 raspberrypi systemd[1]: Listening on D-Bus System Message Bus Socket.
Jun 11 18:32:20 raspberrypi systemd[1]: apt-daily-upgrade.timer: Adding 46.196416s random time.
Jun 11 18:32:20 raspberrypi systemd[1]: Started Daily apt upgrade and clean activities.
Jun 11 18:32:20 raspberrypi systemd[1]: Started Daily Cleanup of Temporary Directories.
Jun 11 18:32:20 raspberrypi systemd[1]: Reached target Timers.
Jun 11 18:32:20 raspberrypi systemd[1]: Listening on Avahi mDNS/DNS-SD Stack Activation Socket.
Jun 11 18:32:20 raspberrypi systemd[1]: Reached target Sockets.
Jun 11 18:32:20 raspberrypi systemd[1]: Reached target Basic System.
Jun 11 18:32:20 raspberrypi systemd[1]: Starting LSB: Autogenerate and use a swap file...
Jun 11 18:32:20 raspberrypi systemd[1]: Starting LSB: Switch to ondemand cpu governor (unless shift key is pressed)...
Jun 11 18:32:20 raspberrypi systemd[1]: Started D-Bus System Message Bus.
Jun 11 18:32:20 raspberrypi systemd[1]: Starting System Logging Service...
Jun 11 18:32:20 raspberrypi systemd[1]: Starting Save/Restore Sound Card State...
Jun 11 18:32:20 raspberrypi systemd[1]: Started Regular background program processing daemon.
Jun 11 18:32:20 raspberrypi systemd[1]: Starting Login Service...
Jun 11 18:32:20 raspberrypi systemd[1]: Starting WPA supplicant...
Jun 11 18:32:20 raspberrypi systemd[1]: Starting Disable WiFi if country not set...
Jun 11 18:32:20 raspberrypi systemd[1]: Starting Configure Bluetooth Modems connected by UART...
Jun 11 18:32:20 raspberrypi cron[353]: (CRON) INFO (pidfile fd = 3)
Jun 11 18:32:20 raspberrypi systemd[1]: Starting triggerhappy global hotkey daemon...
Jun 11 18:32:20 raspberrypi systemd[1]: Starting Avahi mDNS/DNS-SD Stack...
Jun 11 18:32:20 raspberrypi systemd[1]: Starting LSB: gpm sysv init script...
Jun 11 18:32:20 raspberrypi systemd[1]: Starting dhcpcd on all interfaces...
Jun 11 18:32:20 raspberrypi systemd[1]: Starting rng-tools.service...
Jun 11 18:32:20 raspberrypi cron[353]: (CRON) INFO (Running @reboot jobs)
Jun 11 18:32:20 raspberrypi systemd[1]: Started Save/Restore Sound Card State.
Jun 11 18:32:20 raspberrypi systemd[1]: Started Disable WiFi if country not set.
Jun 11 18:32:20 raspberrypi kernel: [    6.337805] brcmfmac: Firmware version = wl0: Feb 27 2018 03:15:32 version 7.45.154 (r684107 CY) FWID 01-4fbe0b04
Jun 11 18:32:20 raspberrypi kernel: [    6.338518] brcmfmac: brcmf_c_preinit_dcmds: CLM version = API: 12.2 Data: 9.10.105 Compiler: 1.29.4 ClmImport: 1.36.3 Creation: 2018-03-09 18:56:28 
Jun 11 18:32:20 raspberrypi kernel: [    6.402287] random: crng init done
Jun 11 18:32:20 raspberrypi kernel: [    7.381142] uart-pl011 3f201000.serial: no DMA platform data
Jun 11 18:32:20 raspberrypi thd[359]: Found socket passed from systemd
Jun 11 18:32:20 raspberrypi systemd[1]: Started triggerhappy global hotkey daemon.
Jun 11 18:32:20 raspberrypi rng-tools[368]: Starting Hardware RNG entropy gatherer daemon: rngd.
Jun 11 18:32:20 raspberrypi rngd[385]: rngd 2-unofficial-mt.14 starting up...
Jun 11 18:32:20 raspberrypi systemd[1]: Started rng-tools.service.
Jun 11 18:32:20 raspberrypi rngd[385]: entropy feed to the kernel ready
Jun 11 18:32:20 raspberrypi liblogging-stdlog:  [origin software="rsyslogd" swVersion="8.24.0" x-pid="351" x-info="http://www.rsyslog.com"] start
Jun 11 18:32:20 raspberrypi systemd[1]: Started System Logging Service.
Jun 11 18:32:20 raspberrypi avahi-daemon[364]: Found user 'avahi' (UID 108) and group 'avahi' (GID 112).
Jun 11 18:32:20 raspberrypi avahi-daemon[364]: Successfully dropped root privileges.
Jun 11 18:32:20 raspberrypi avahi-daemon[364]: avahi-daemon 0.6.32 starting up.
Jun 11 18:32:20 raspberrypi dhcpcd[366]: dev: loaded udev
Jun 11 18:32:20 raspberrypi wpa_supplicant[355]: Successfully initialized wpa_supplicant
Jun 11 18:32:20 raspberrypi avahi-daemon[364]: Successfully called chroot().
Jun 11 18:32:20 raspberrypi avahi-daemon[364]: Successfully dropped remaining capabilities.
Jun 11 18:32:20 raspberrypi avahi-daemon[364]: No service file found in /etc/avahi/services.
Jun 11 18:32:20 raspberrypi avahi-daemon[364]: Network interface enumeration completed.
Jun 11 18:32:20 raspberrypi avahi-daemon[364]: Server startup complete. Host name is raspberrypi.local. Local service cookie is 1571226994.
Jun 11 18:32:20 raspberrypi dphys-swapfile[330]: Starting dphys-swapfile swapfile setup ...
Jun 11 18:32:20 raspberrypi systemd[1]: Started WPA supplicant.
Jun 11 18:32:20 raspberrypi systemd[1]: Started Avahi mDNS/DNS-SD Stack.
Jun 11 18:32:20 raspberrypi systemd[1]: Started Login Service.
Jun 11 18:32:20 raspberrypi raspi-config[334]: Checking if shift key is held down:Error opening '/dev/input/event*': No such file or directory
Jun 11 18:32:20 raspberrypi systemd[1]: Starting Load/Save RF Kill Switch Status...
Jun 11 18:32:20 raspberrypi raspi-config[334]:  No. Switching to ondemand scaling governor.
Jun 11 18:32:20 raspberrypi systemd[1]: Started Raise network interfaces.
Jun 11 18:32:20 raspberrypi systemd[1]: Started LSB: Switch to ondemand cpu governor (unless shift key is pressed).
Jun 11 18:32:20 raspberrypi systemd[1]: Started Load/Save RF Kill Switch Status.
Jun 11 18:32:20 raspberrypi gpm[365]: Starting mouse interface server: gpm.
Jun 11 18:32:20 raspberrypi systemd[1]: Started LSB: gpm sysv init script.
Jun 11 18:32:20 raspberrypi /usr/sbin/gpm[436]: *** info [daemon/startup.c(131)]:
Jun 11 18:32:20 raspberrypi /usr/sbin/gpm[436]: Started gpm successfully. Entered daemon mode.
Jun 11 18:32:20 raspberrypi dphys-swapfile[330]: want /var/swap=100MByte, checking existing: keeping it
Jun 11 18:32:20 raspberrypi dhcpcd[366]: wlan0: starting wpa_supplicant
Jun 11 18:32:20 raspberrypi dhcpcd-run-hooks[445]: wlan0: starting wpa_supplicant
Jun 11 18:32:20 raspberrypi kernel: [    7.795971] Adding 102396k swap on /var/swap.  Priority:-1 extents:1 across:102396k SSFS
Jun 11 18:32:20 raspberrypi dphys-swapfile[330]: done.
Jun 11 18:32:20 raspberrypi systemd[1]: Started LSB: Autogenerate and use a swap file.
Jun 11 18:32:20 raspberrypi kernel: [    7.860657] IPv6: ADDRCONF(NETDEV_UP): wlan0: link is not ready
Jun 11 18:32:20 raspberrypi kernel: [    7.860727] brcmfmac: power management disabled
Jun 11 18:32:21 raspberrypi dhcpcd[366]: eth0: waiting for carrier
Jun 11 18:32:21 raspberrypi dhcpcd[366]: wlan0: waiting for carrier
Jun 11 18:32:21 raspberrypi dhcpcd[366]: wlan0: carrier acquired
Jun 11 18:32:21 raspberrypi kernel: [    8.226908] IPv6: ADDRCONF(NETDEV_UP): eth0: link is not ready
Jun 11 18:32:21 raspberrypi dhcpcd[366]: DUID 00:01:00:01:24:3d:de:29:b8:27:eb:de:05:30
Jun 11 18:32:21 raspberrypi dhcpcd[366]: wlan0: IAID eb:de:05:30
Jun 11 18:32:21 raspberrypi dhcpcd[366]: wlan0: adding address fe80::690e:a875:9ced:b218
Jun 11 18:32:21 raspberrypi dhcpcd[366]: wlan0: carrier lost
Jun 11 18:32:21 raspberrypi dhcpcd[366]: wlan0: deleting address fe80::690e:a875:9ced:b218
Jun 11 18:32:26 raspberrypi kernel: [   13.810927] Bluetooth: Core ver 2.22
Jun 11 18:32:26 raspberrypi kernel: [   13.811027] NET: Registered protocol family 31
Jun 11 18:32:26 raspberrypi kernel: [   13.811036] Bluetooth: HCI device and connection manager initialized
Jun 11 18:32:26 raspberrypi kernel: [   13.811063] Bluetooth: HCI socket layer initialized
Jun 11 18:32:26 raspberrypi kernel: [   13.811084] Bluetooth: L2CAP socket layer initialized
Jun 11 18:32:26 raspberrypi kernel: [   13.811137] Bluetooth: SCO socket layer initialized
Jun 11 18:32:26 raspberrypi btuart[358]: bcm43xx_init
Jun 11 18:32:26 raspberrypi btuart[358]: Flash firmware /lib/firmware/brcm/BCM4345C0.hcd
Jun 11 18:32:26 raspberrypi kernel: [   13.824404] Bluetooth: HCI UART driver ver 2.3
Jun 11 18:32:26 raspberrypi kernel: [   13.824420] Bluetooth: HCI UART protocol H4 registered
Jun 11 18:32:26 raspberrypi kernel: [   13.824429] Bluetooth: HCI UART protocol Three-wire (H5) registered
Jun 11 18:32:26 raspberrypi kernel: [   13.824637] Bluetooth: HCI UART protocol Broadcom registered
Jun 11 18:32:26 raspberrypi btuart[358]: Set BDADDR UART: b8:27:eb:21:fa:cf
Jun 11 18:32:26 raspberrypi btuart[358]: Set Controller UART speed to 3000000 bit/s
Jun 11 18:32:26 raspberrypi btuart[358]: Device setup complete
Jun 11 18:32:26 raspberrypi systemd[1]: Starting Load/Save RF Kill Switch Status...
Jun 11 18:32:26 raspberrypi systemd[1]: Started Configure Bluetooth Modems connected by UART.
Jun 11 18:32:26 raspberrypi systemd[1]: Started Load/Save RF Kill Switch Status.
Jun 11 18:32:26 raspberrypi systemd[1]: Created slice system-bthelper.slice.
Jun 11 18:32:26 raspberrypi systemd[1]: Starting Bluetooth service...
Jun 11 18:32:26 raspberrypi bluetoothd[482]: Bluetooth daemon 5.43
Jun 11 18:32:26 raspberrypi systemd[1]: Started Bluetooth service.
Jun 11 18:32:26 raspberrypi systemd[1]: Started Raspberry Pi bluetooth helper.
Jun 11 18:32:26 raspberrypi systemd[1]: Reached target Bluetooth.
Jun 11 18:32:26 raspberrypi bluetoothd[482]: Starting SDP server
Jun 11 18:32:26 raspberrypi kernel: [   14.056783] Bluetooth: BNEP (Ethernet Emulation) ver 1.3
Jun 11 18:32:26 raspberrypi kernel: [   14.056797] Bluetooth: BNEP filters: protocol multicast
Jun 11 18:32:26 raspberrypi kernel: [   14.056824] Bluetooth: BNEP socket layer initialized
Jun 11 18:32:26 raspberrypi dbus[337]: [system] Activating via systemd: service name='org.freedesktop.hostname1' unit='dbus-org.freedesktop.hostname1.service'
Jun 11 18:32:26 raspberrypi bluetoothd[482]: Bluetooth management interface 1.14 initialized
Jun 11 18:32:26 raspberrypi bluetoothd[482]: Failed to obtain handles for "Service Changed" characteristic
Jun 11 18:32:26 raspberrypi bluetoothd[482]: Sap driver initialization failed.
Jun 11 18:32:26 raspberrypi bluetoothd[482]: sap-server: Operation not permitted (1)
Jun 11 18:32:26 raspberrypi systemd[1]: Starting Hostname Service...
Jun 11 18:32:27 raspberrypi bluetoothd[482]: Failed to set privacy: Rejected (0x0b)
Jun 11 18:32:27 raspberrypi dbus[337]: [system] Successfully activated service 'org.freedesktop.hostname1'
Jun 11 18:32:27 raspberrypi systemd[1]: Started Hostname Service.
Jun 11 18:32:51 raspberrypi dhcpcd[366]: timed out
Jun 11 18:32:51 raspberrypi dhcpcd[366]: forked to background, child pid 496
Jun 11 18:32:51 raspberrypi systemd[1]: Started dhcpcd on all interfaces.
Jun 11 18:32:51 raspberrypi systemd[1]: Reached target Network.
Jun 11 18:32:51 raspberrypi systemd[1]: Starting Permit User Sessions...
Jun 11 18:32:51 raspberrypi systemd[1]: Starting OpenBSD Secure Shell server...
Jun 11 18:32:51 raspberrypi systemd[1]: Reached target Network is Online.
Jun 11 18:32:51 raspberrypi systemd[1]: Starting Samba NMB Daemon...
Jun 11 18:32:51 raspberrypi systemd[1]: Starting /etc/rc.local Compatibility...
Jun 11 18:32:51 raspberrypi systemd[1]: Started Permit User Sessions.
Jun 11 18:32:51 raspberrypi systemd[1]: Started OpenBSD Secure Shell server.
Jun 11 18:32:52 raspberrypi systemd[1]: nmbd.service: Supervising process 538 which is not our child. We'll most likely not notice when it exits.
Jun 11 18:32:56 raspberrypi systemd[1]: Started /etc/rc.local Compatibility.
Jun 11 18:32:56 raspberrypi systemd[1]: Starting Hold until boot process finishes up...
Jun 11 18:32:56 raspberrypi systemd[1]: Starting Terminate Plymouth Boot Screen...
Jun 11 18:32:56 raspberrypi systemd[1]: Received SIGRTMIN+21 from PID 206 (plymouthd).
Jun 11 18:32:56 raspberrypi systemd[1]: Started Hold until boot process finishes up.
Jun 11 18:32:56 raspberrypi systemd[1]: Started Terminate Plymouth Boot Screen.
Jun 11 18:32:56 raspberrypi systemd[1]: Started Getty on tty1.
Jun 11 18:32:56 raspberrypi systemd[1]: Reached target Login Prompts.
Jun 11 18:33:02 raspberrypi systemd[1]: Created slice User Slice of root.
Jun 11 18:33:02 raspberrypi systemd[1]: Starting User Manager for UID 0...
Jun 11 18:33:02 raspberrypi systemd[1]: Started Session c1 of user root.
Jun 11 18:33:02 raspberrypi systemd[576]: Reached target Timers.
Jun 11 18:33:02 raspberrypi systemd[576]: Listening on GnuPG cryptographic agent (access for web browsers).
Jun 11 18:33:02 raspberrypi systemd[576]: Reached target Paths.
Jun 11 18:33:02 raspberrypi systemd[576]: Listening on GnuPG cryptographic agent and passphrase cache.
Jun 11 18:33:02 raspberrypi systemd[576]: Listening on GnuPG cryptographic agent and passphrase cache (restricted).
Jun 11 18:33:02 raspberrypi systemd[576]: Listening on GnuPG cryptographic agent (ssh-agent emulation).
Jun 11 18:33:02 raspberrypi systemd[576]: Reached target Sockets.
Jun 11 18:33:02 raspberrypi systemd[576]: Reached target Basic System.
Jun 11 18:33:02 raspberrypi systemd[576]: Reached target Default.
Jun 11 18:33:02 raspberrypi systemd[576]: Startup finished in 107ms.
Jun 11 18:33:02 raspberrypi systemd[1]: Started User Manager for UID 0.
Jun 11 18:33:11 raspberrypi dhcpcd[496]: wlan0: carrier acquired
Jun 11 18:33:11 raspberrypi kernel: [   58.204876] IPv6: ADDRCONF(NETDEV_CHANGE): wlan0: link becomes ready
Jun 11 18:33:11 raspberrypi dhcpcd[496]: wlan0: IAID eb:de:05:30
Jun 11 18:33:11 raspberrypi dhcpcd[496]: wlan0: adding address fe80::6992:1a45:7092:72a6
Jun 11 18:33:11 raspberrypi dhcpcd[496]: wlan0: soliciting an IPv6 router
Jun 11 18:33:11 raspberrypi dhcpcd[496]: wlan0: rebinding lease of 192.168.1.231
Jun 11 18:33:11 raspberrypi dhcpcd[496]: wlan0: probing address 192.168.1.231/24
Jun 11 18:33:12 raspberrypi avahi-daemon[364]: Joining mDNS multicast group on interface wlan0.IPv6 with address fe80::6992:1a45:7092:72a6.
Jun 11 18:33:12 raspberrypi avahi-daemon[364]: New relevant interface wlan0.IPv6 for mDNS.
Jun 11 18:33:12 raspberrypi avahi-daemon[364]: Registering new address record for fe80::6992:1a45:7092:72a6 on wlan0.*.
Jun 11 18:33:17 raspberrypi dhcpcd[496]: wlan0: leased 192.168.1.231 for 86400 seconds
Jun 11 18:33:17 raspberrypi avahi-daemon[364]: Joining mDNS multicast group on interface wlan0.IPv4 with address 192.168.1.231.
Jun 11 18:33:17 raspberrypi avahi-daemon[364]: New relevant interface wlan0.IPv4 for mDNS.
Jun 11 18:33:17 raspberrypi dhcpcd[496]: wlan0: adding route to 192.168.1.0/24
Jun 11 18:33:17 raspberrypi avahi-daemon[364]: Registering new address record for 192.168.1.231 on wlan0.IPv4.
Jun 11 18:33:17 raspberrypi systemd[1]: Started Samba NMB Daemon.
Jun 11 18:33:17 raspberrypi dhcpcd[496]: wlan0: adding default route via 192.168.1.1
Jun 11 18:33:17 raspberrypi systemd[1]: Starting Samba SMB Daemon...
Jun 11 18:33:17 raspberrypi systemd[1]: smbd.service: Supervising process 650 which is not our child. We'll most likely not notice when it exits.
Jun 11 18:33:18 raspberrypi systemd[1]: Started Samba SMB Daemon.
Jun 11 18:33:18 raspberrypi systemd[1]: Reached target Multi-User System.
Jun 11 18:33:18 raspberrypi systemd[1]: Reached target Graphical Interface.
Jun 11 18:33:18 raspberrypi systemd[1]: Starting Update UTMP about System Runlevel Changes...
Jun 11 18:33:18 raspberrypi systemd[1]: Started Update UTMP about System Runlevel Changes.
Jun 11 18:33:18 raspberrypi systemd[1]: Startup finished in 3.583s (kernel) + 1min 1.709s (userspace) = 1min 5.293s.
Jun 11 18:34:05 raspberrypi systemd[1]: Time has been changed
Jun 11 18:34:05 raspberrypi systemd[576]: Time has been changed
Jun 11 18:34:05 raspberrypi systemd[1]: apt-daily-upgrade.timer: Adding 56min 16.831817s random time.
Jun 11 18:34:05 raspberrypi systemd[1]: apt-daily.timer: Adding 36min 57.674151s random time.
Jun 11 18:34:05 raspberrypi systemd-timesyncd[286]: Synchronized to time server 174.138.9.187:123 (0.debian.pool.ntp.org).
Jun 11 18:34:09 raspberrypi dhcpcd[496]: wlan0: no IPv6 Routers available
Jun 11 18:34:37 raspberrypi fake-hwclock[111]: Tue 11 Jun 16:25:31 UTC 2019
Jun 11 18:34:37 raspberrypi systemd[1]: Started File System Check Daemon to report status.
Jun 11 18:34:37 raspberrypi systemd-fsck[140]: e2fsck 1.43.4 (31-Jan-2017)
Jun 11 18:34:37 raspberrypi systemd[1]: Started Create Static Device Nodes in /dev.
Jun 11 18:34:37 raspberrypi systemd[1]: Starting udev Kernel Device Manager...
Jun 11 18:34:37 raspberrypi systemd-fsck[140]: rootfs: clean, 53702/451232 files, 412253/1904384 blocks
Jun 11 18:34:37 raspberrypi systemd[1]: Started File System Check on Root Device.
Jun 11 18:34:37 raspberrypi systemd[1]: Starting Remount Root and Kernel File Systems...
Jun 11 18:34:37 raspberrypi systemd[1]: Started udev Kernel Device Manager.
Jun 11 18:34:37 raspberrypi systemd[1]: Started Remount Root and Kernel File Systems.
Jun 11 18:34:37 raspberrypi systemd[1]: Starting Load/Save Random Seed...
Jun 11 18:34:37 raspberrypi systemd[1]: Starting Flush Journal to Persistent Storage...
Jun 11 18:34:37 raspberrypi systemd[1]: Starting udev Coldplug all Devices...
Jun 11 18:34:37 raspberrypi systemd[1]: Started Load/Save Random Seed.
Jun 11 18:34:37 raspberrypi systemd[1]: Started Flush Journal to Persistent Storage.
Jun 11 18:34:37 raspberrypi systemd[1]: Started Set the console keyboard layout.
Jun 11 18:34:37 raspberrypi systemd[1]: Reached target Local File Systems (Pre).
Jun 11 18:34:37 raspberrypi systemd[1]: Started udev Coldplug all Devices.
Jun 11 18:34:37 raspberrypi systemd[1]: Starting Show Plymouth Boot Screen...
Jun 11 18:34:37 raspberrypi systemd[1]: Received SIGRTMIN+20 from PID 205 (plymouthd).
