8-g8460611)) #1200 SMP Tue Feb 12 20:27:48 GMT 2019
Jun  5 17:29:29 raspberrypi kernel: [    0.000000] CPU: ARMv7 Processor [410fd034] revision 4 (ARMv7), cr=10c5383d
Jun  5 17:29:29 raspberrypi kernel: [    0.000000] CPU: div instructions available: patching division code
Jun  5 17:29:29 raspberrypi kernel: [    0.000000] CPU: PIPT / VIPT nonaliasing data cache, VIPT aliasing instruction cache
Jun  5 17:29:29 raspberrypi kernel: [    0.000000] OF: fdt: Machine model: Raspberry Pi 3 Model B Plus Rev 1.3
Jun  5 17:29:29 raspberrypi kernel: [    0.000000] Memory policy: Data cache writealloc
Jun  5 17:29:29 raspberrypi kernel: [    0.000000] cma: Reserved 8 MiB at 0x3ac00000
Jun  5 17:29:29 raspberrypi kernel: [    0.000000] percpu: Embedded 17 pages/cpu @ba34d000 s38720 r8192 d22720 u69632
Jun  5 17:29:29 raspberrypi kernel: [    0.000000] Built 1 zonelists, mobility grouping on.  Total pages: 240555
Jun  5 17:29:29 raspberrypi kernel: [    0.000000] Kernel command line: 8250.nr_uarts=0 bcm2708_fb.fbwidth=1600 bcm2708_fb.fbheight=1200 bcm2708_fb.fbswap=1 vc_mem.mem_base=0x3ec00000 vc_mem.mem_size=0x40000000  dwc_otg.lpm_enable=0 console=ttyS0,115200 console=tty1 root=PARTUUID=b93bee23-02 rootfstype=ext4 elevator=deadline fsck.repair=yes rootwait
Jun  5 17:29:29 raspberrypi kernel: [    0.000000] PID hash table entries: 4096 (order: 2, 16384 bytes)
Jun  5 17:29:29 raspberrypi kernel: [    0.000000] Dentry cache hash table entries: 131072 (order: 7, 524288 bytes)
Jun  5 17:29:29 raspberrypi kernel: [    0.000000] Inode-cache hash table entries: 65536 (order: 6, 262144 bytes)
Jun  5 17:29:29 raspberrypi kernel: [    0.000000] Memory: 940260K/970752K available (7168K kernel code, 577K rwdata, 2080K rodata, 1024K init, 698K bss, 22300K reserved, 8192K cma-reserved)
Jun  5 17:29:29 raspberrypi kernel: [    0.000000] Virtual kernel memory layout:
Jun  5 17:29:29 raspberrypi kernel: [    0.000000]     vector  : 0xffff0000 - 0xffff1000   (   4 kB)
Jun  5 17:29:29 raspberrypi kernel: [    0.000000]     fixmap  : 0xffc00000 - 0xfff00000   (3072 kB)
Jun  5 17:29:29 raspberrypi kernel: [    0.000000]     vmalloc : 0xbb800000 - 0xff800000   (1088 MB)
Jun  5 17:29:29 raspberrypi kernel: [    0.000000]     lowmem  : 0x80000000 - 0xbb400000   ( 948 MB)
Jun  5 17:29:29 raspberrypi kernel: [    0.000000]     modules : 0x7f000000 - 0x80000000   (  16 MB)
Jun  5 17:29:29 raspberrypi kernel: [    0.000000]       .text : 0x80008000 - 0x80800000   (8160 kB)
Jun  5 17:29:29 raspberrypi kernel: [    0.000000]       .init : 0x80b00000 - 0x80c00000   (1024 kB)
Jun  5 17:29:29 raspberrypi kernel: [    0.000000]       .data : 0x80c00000 - 0x80c906d4   ( 578 kB)
Jun  5 17:29:29 raspberrypi kernel: [    0.000000]        .bss : 0x80c97ef8 - 0x80d468f0   ( 699 kB)
Jun  5 17:29:29 raspberrypi kernel: [    0.000000] SLUB: HWalign=64, Order=0-3, MinObjects=0, CPUs=4, Nodes=1
Jun  5 17:29:29 raspberrypi kernel: [    0.000000] ftrace: allocating 25298 entries in 75 pages
Jun  5 17:29:29 raspberrypi kernel: [    0.000000] Hierarchical RCU implementation.
Jun  5 17:29:29 raspberrypi kernel: [    0.000000] NR_IRQS: 16, nr_irqs: 16, preallocated irqs: 16
Jun  5 17:29:29 raspberrypi kernel: [    0.000000] arch_timer: cp15 timer(s) running at 19.20MHz (phys).
Jun  5 17:29:29 raspberrypi kernel: [    0.000000] clocksource: arch_sys_counter: mask: 0xffffffffffffff max_cycles: 0x46d987e47, max_idle_ns: 440795202767 ns
Jun  5 17:29:29 raspberrypi kernel: [    0.000007] sched_clock: 56 bits at 19MHz, resolution 52ns, wraps every 4398046511078ns
Jun  5 17:29:29 raspberrypi kernel: [    0.000023] Switching to timer-based delay loop, resolution 52ns
Jun  5 17:29:29 raspberrypi kernel: [    0.000284] Console: colour dummy device 80x30
Jun  5 17:29:29 raspberrypi kernel: [    0.000829] console [tty1] enabled
Jun  5 17:29:29 raspberrypi kernel: [    0.000866] Calibrating delay loop (skipped), value calculated using timer frequency.. 38.40 BogoMIPS (lpj=192000)
Jun  5 17:29:29 raspberrypi kernel: [    0.000907] pid_max: default: 32768 minimum: 301
Jun  5 17:29:29 raspberrypi kernel: [    0.001241] Mount-cache hash table entries: 2048 (order: 1, 8192 bytes)
Jun  5 17:29:29 raspberrypi kernel: [    0.001275] Mountpoint-cache hash table entries: 2048 (order: 1, 8192 bytes)
Jun  5 17:29:29 raspberrypi kernel: [    0.002230] Disabling memory control group subsystem
Jun  5 17:29:29 raspberrypi kernel: [    0.002323] CPU: Testing write buffer coherency: ok
Jun  5 17:29:29 raspberrypi kernel: [    0.002740] CPU0: update cpu_capacity 1024
Jun  5 17:29:29 raspberrypi kernel: [    0.002764] CPU0: thread -1, cpu 0, socket 0, mpidr 80000000
Jun  5 17:29:29 raspberrypi kernel: [    0.003182] Setting up static identity map for 0x100000 - 0x10003c
Jun  5 17:29:29 raspberrypi kernel: [    0.003323] Hierarchical SRCU implementation.
Jun  5 17:29:29 raspberrypi kernel: [    0.004019] smp: Bringing up secondary CPUs ...
Jun  5 17:29:29 raspberrypi kernel: [    0.004811] CPU1: update cpu_capacity 1024
Jun  5 17:29:29 raspberrypi kernel: [    0.004819] CPU1: thread -1, cpu 1, socket 0, mpidr 80000001
Jun  5 17:29:29 raspberrypi kernel: [    0.005652] CPU2: update cpu_capacity 1024
Jun  5 17:29:29 raspberrypi kernel: [    0.005660] CPU2: thread -1, cpu 2, socket 0, mpidr 80000002
Jun  5 17:29:29 raspberrypi kernel: [    0.006475] CPU3: update cpu_capacity 1024
Jun  5 17:29:29 raspberrypi kernel: [    0.006482] CPU3: thread -1, cpu 3, socket 0, mpidr 80000003
Jun  5 17:29:29 raspberrypi kernel: [    0.006587] smp: Brought up 1 node, 4 CPUs
Jun  5 17:29:29 raspberrypi kernel: [    0.006700] SMP: Total of 4 processors activated (153.60 BogoMIPS).
Jun  5 17:29:29 raspberrypi kernel: [    0.006722] CPU: All CPU(s) started in HYP mode.
Jun  5 17:29:29 raspberrypi kernel: [    0.006740] CPU: Virtualization extensions available.
Jun  5 17:29:29 raspberrypi kernel: [    0.007673] devtmpfs: initialized
Jun  5 17:29:29 raspberrypi kernel: [    0.016234] random: get_random_u32 called from bucket_table_alloc+0xfc/0x24c with crng_init=0
Jun  5 17:29:29 raspberrypi kernel: [    0.016893] VFP support v0.3: implementor 41 architecture 3 part 40 variant 3 rev 4
Jun  5 17:29:29 raspberrypi kernel: [    0.017130] clocksource: jiffies: mask: 0xffffffff max_cycles: 0xffffffff, max_idle_ns: 19112604462750000 ns
Jun  5 17:29:29 raspberrypi kernel: [    0.017173] futex hash table entries: 1024 (order: 4, 65536 bytes)
Jun  5 17:29:29 raspberrypi kernel: [    0.017745] pinctrl core: initialized pinctrl subsystem
Jun  5 17:29:29 raspberrypi kernel: [    0.018505] NET: Registered protocol family 16
Jun  5 17:29:29 raspberrypi kernel: [    0.021142] DMA: preallocated 1024 KiB pool for atomic coherent allocations
Jun  5 17:29:29 raspberrypi kernel: [    0.026058] hw-breakpoint: found 5 (+1 reserved) breakpoint and 4 watchpoint registers.
Jun  5 17:29:29 raspberrypi kernel: [    0.026090] hw-breakpoint: maximum watchpoint size is 8 bytes.
Jun  5 17:29:29 raspberrypi kernel: [    0.026283] Serial: AMBA PL011 UART driver
Jun  5 17:29:29 raspberrypi kernel: [    0.027920] bcm2835-mbox 3f00b880.mailbox: mailbox enabled
Jun  5 17:29:29 raspberrypi kernel: [    0.028386] uart-pl011 3f201000.serial: could not find pctldev for node /soc/gpio@7e200000/uart0_pins, deferring probe
Jun  5 17:29:29 raspberrypi kernel: [    0.059798] bcm2835-dma 3f007000.dma: DMA legacy API manager at bb813000, dmachans=0x1
Jun  5 17:29:29 raspberrypi kernel: [    0.061386] SCSI subsystem initialized
Jun  5 17:29:29 raspberrypi kernel: [    0.061630] usbcore: registered new interface driver usbfs
Jun  5 17:29:29 raspberrypi kernel: [    0.061701] usbcore: registered new interface driver hub
Jun  5 17:29:29 raspberrypi kernel: [    0.061801] usbcore: registered new device driver usb
Jun  5 17:29:29 raspberrypi kernel: [    0.070102] raspberrypi-firmware soc:firmware: Attached to firmware from 2019-03-27 15:45
Jun  5 17:29:29 raspberrypi kernel: [    0.071437] clocksource: Switched to clocksource arch_sys_counter
Jun  5 17:29:29 raspberrypi kernel: [    0.148218] VFS: Disk quotas dquot_6.6.0
Jun  5 17:29:29 raspberrypi kernel: [    0.148331] VFS: Dquot-cache hash table entries: 1024 (order 0, 4096 bytes)
Jun  5 17:29:29 raspberrypi kernel: [    0.148533] FS-Cache: Loaded
Jun  5 17:29:29 raspberrypi kernel: [    0.148748] CacheFiles: Loaded
Jun  5 17:29:29 raspberrypi kernel: [    0.157647] NET: Registered protocol family 2
Jun  5 17:29:29 raspberrypi kernel: [    0.158386] TCP established hash table entries: 8192 (order: 3, 32768 bytes)
Jun  5 17:29:29 raspberrypi kernel: [    0.158515] TCP bind hash table entries: 8192 (order: 4, 65536 bytes)
Jun  5 17:29:29 raspberrypi kernel: [    0.158718] TCP: Hash tables configured (established 8192 bind 8192)
Jun  5 17:29:29 raspberrypi kernel: [    0.158864] UDP hash table entries: 512 (order: 2, 16384 bytes)
Jun  5 17:29:29 raspberrypi kernel: [    0.158925] UDP-Lite hash table entries: 512 (order: 2, 16384 bytes)
Jun  5 17:29:29 raspberrypi kernel: [    0.159168] NET: Registered protocol family 1
Jun  5 17:29:29 raspberrypi kernel: [    0.159638] RPC: Registered named UNIX socket transport module.
Jun  5 17:29:29 raspberrypi kernel: [    0.159662] RPC: Registered udp transport module.
Jun  5 17:29:29 raspberrypi kernel: [    0.159682] RPC: Registered tcp transport module.
Jun  5 17:29:29 raspberrypi kernel: [    0.159701] RPC: Registered tcp NFSv4.1 backchannel transport module.
Jun  5 17:29:29 raspberrypi kernel: [    0.161184] hw perfevents: enabled with armv7_cortex_a7 PMU driver, 7 counters available
Jun  5 17:29:29 raspberrypi kernel: [    0.163972] workingset: timestamp_bits=14 max_order=18 bucket_order=4
Jun  5 17:29:29 raspberrypi kernel: [    0.172198] FS-Cache: Netfs 'nfs' registered for caching
Jun  5 17:29:29 raspberrypi kernel: [    0.172829] NFS: Registering the id_resolver key type
Jun  5 17:29:29 raspberrypi kernel: [    0.172872] Key type id_resolver registered
Jun  5 17:29:29 raspberrypi kernel: [    0.172892] Key type id_legacy registered
Jun  5 17:29:29 raspberrypi kernel: [    0.172921] nfs4filelayout_init: NFSv4 File Layout Driver Registering...
Jun  5 17:29:29 raspberrypi kernel: [    0.174865] Block layer SCSI generic (bsg) driver version 0.4 loaded (major 251)
Jun  5 17:29:29 raspberrypi kernel: [    0.175020] io scheduler noop registered
Jun  5 17:29:29 raspberrypi kernel: [    0.175043] io scheduler deadline registered (default)
Jun  5 17:29:29 raspberrypi kernel: [    0.175228] io scheduler cfq registered
Jun  5 17:29:29 raspberrypi kernel: [    0.175249] io scheduler mq-deadline registered
Jun  5 17:29:29 raspberrypi kernel: [    0.175269] io scheduler kyber registered
Jun  5 17:29:29 raspberrypi kernel: [    0.177505] BCM2708FB: allocated DMA memory fad00000
Jun  5 17:29:29 raspberrypi kernel: [    0.177549] BCM2708FB: allocated DMA channel 0 @ bb813000
Jun  5 17:29:29 raspberrypi kernel: [    0.231125] Console: switching to colour frame buffer device 200x75
Jun  5 17:29:29 raspberrypi kernel: [    0.264150] bcm2835-rng 3f104000.rng: hwrng registered
Jun  5 17:29:29 raspberrypi kernel: [    0.264424] vc-mem: phys_addr:0x00000000 mem_base=0x3ec00000 mem_size:0x40000000(1024 MiB)
Jun  5 17:29:29 raspberrypi kernel: [    0.265091] vc-sm: Videocore shared memory driver
Jun  5 17:29:29 raspberrypi kernel: [    0.265498] gpiomem-bcm2835 3f200000.gpiomem: Initialised: Registers at 0x3f200000
Jun  5 17:29:29 raspberrypi kernel: [    0.275505] brd: module loaded
Jun  5 17:29:29 raspberrypi kernel: [    0.284705] loop: module loaded
Jun  5 17:29:29 raspberrypi kernel: [    0.284843] Loading iSCSI transport class v2.0-870.
Jun  5 17:29:29 raspberrypi kernel: [    0.285674] libphy: Fixed MDIO Bus: probed
Jun  5 17:29:29 raspberrypi kernel: [    0.285907] usbcore: registered new interface driver lan78xx
Jun  5 17:29:29 raspberrypi kernel: [    0.286121] usbcore: registered new interface driver smsc95xx
Jun  5 17:29:29 raspberrypi kernel: [    0.286299] dwc_otg: version 3.00a 10-AUG-2012 (platform bus)
Jun  5 17:29:29 raspberrypi kernel: [    0.314342] dwc_otg 3f980000.usb: base=0xf0980000
Jun  5 17:29:29 raspberrypi kernel: [    0.514685] Core Release: 2.80a
Jun  5 17:29:29 raspberrypi kernel: [    0.514792] Setting default values for core params
Jun  5 17:29:29 raspberrypi kernel: [    0.514960] Finished setting default values for core params
Jun  5 17:29:29 raspberrypi kernel: [    0.715376] Using Buffer DMA mode
Jun  5 17:29:29 raspberrypi kernel: [    0.715483] Periodic Transfer Interrupt Enhancement - disabled
Jun  5 17:29:29 raspberrypi kernel: [    0.715650] Multiprocessor Interrupt Enhancement - disabled
Jun  5 17:29:29 raspberrypi kernel: [    0.715812] OTG VER PARAM: 0, OTG VER FLAG: 0
Jun  5 17:29:29 raspberrypi kernel: [    0.715948] Dedicated Tx FIFOs mode
Jun  5 17:29:29 raspberrypi kernel: [    0.716488] WARN::dwc_otg_hcd_init:1046: FIQ DMA bounce buffers: virt = 0xbad14000 dma = 0xfad14000 len=9024
Jun  5 17:29:29 raspberrypi kernel: [    0.716783] FIQ FSM acceleration enabled for :
Jun  5 17:29:29 raspberrypi kernel: [    0.716783] Non-periodic Split Transactions
Jun  5 17:29:29 raspberrypi kernel: [    0.716783] Periodic Split Transactions
Jun  5 17:29:29 raspberrypi kernel: [    0.716783] High-Speed Isochronous Endpoints
Jun  5 17:29:29 raspberrypi kernel: [    0.716783] Interrupt/Control Split Transaction hack enabled
Jun  5 17:29:29 raspberrypi kernel: [    0.717428] WARN::hcd_init_fiq:459: FIQ on core 1 at 0x805ed94c
Jun  5 17:29:29 raspberrypi kernel: [    0.717606] WARN::hcd_init_fiq:460: FIQ ASM at 0x805edcb4 length 36
Jun  5 17:29:29 raspberrypi kernel: [    0.717791] WARN::hcd_init_fiq:486: MPHI regs_base at 0xf0006000
Jun  5 17:29:29 raspberrypi kernel: [    0.718008] dwc_otg 3f980000.usb: DWC OTG Controller
Jun  5 17:29:29 raspberrypi kernel: [    0.718178] dwc_otg 3f980000.usb: new USB bus registered, assigned bus number 1
Jun  5 17:29:29 raspberrypi kernel: [    0.718410] dwc_otg 3f980000.usb: irq 62, io mem 0x00000000
Jun  5 17:29:29 raspberrypi kernel: [    0.718616] Init: Port Power? op_state=1
Jun  5 17:29:29 raspberrypi kernel: [    0.718733] Init: Power Port (0)
Jun  5 17:29:29 raspberrypi kernel: [    0.719034] usb usb1: New USB device found, idVendor=1d6b, idProduct=0002
Jun  5 17:29:29 raspberrypi kernel: [    0.719234] usb usb1: New USB device strings: Mfr=3, Product=2, SerialNumber=1
Jun  5 17:29:29 raspberrypi kernel: [    0.719441] usb usb1: Product: DWC OTG Controller
Jun  5 17:29:29 raspberrypi kernel: [    0.719582] usb usb1: Manufacturer: Linux 4.14.98-v7+ dwc_otg_hcd
Jun  5 17:29:29 raspberrypi kernel: [    0.719759] usb usb1: SerialNumber: 3f980000.usb
Jun  5 17:29:29 raspberrypi kernel: [    0.720511] hub 1-0:1.0: USB hub found
Jun  5 17:29:29 raspberrypi kernel: [    0.728827] hub 1-0:1.0: 1 port detected
Jun  5 17:29:29 raspberrypi kernel: [    0.737815] usbcore: registered new interface driver usb-storage
Jun  5 17:29:29 raspberrypi kernel: [    0.746228] mousedev: PS/2 mouse device common for all mice
Jun  5 17:29:29 raspberrypi kernel: [    0.754519] IR NEC protocol handler initialized
Jun  5 17:29:29 raspberrypi kernel: [    0.762678] IR RC5(x/sz) protocol handler initialized
Jun  5 17:29:29 raspberrypi kernel: [    0.770810] IR RC6 protocol handler initialized
Jun  5 17:29:29 raspberrypi kernel: [    0.778905] IR JVC protocol handler initialized
Jun  5 17:29:29 raspberrypi kernel: [    0.786902] IR Sony protocol handler initialized
Jun  5 17:29:29 raspberrypi kernel: [    0.794883] IR SANYO protocol handler initialized
Jun  5 17:29:29 raspberrypi kernel: [    0.802889] IR Sharp protocol handler initialized
Jun  5 17:29:29 raspberrypi kernel: [    0.810869] IR MCE Keyboard/mouse protocol handler initialized
Jun  5 17:29:29 raspberrypi kernel: [    0.818930] IR XMP protocol handler initialized
Jun  5 17:29:29 raspberrypi kernel: [    0.843136] bcm2835_thermal: probe of soc:thermal failed with error -22
Jun  5 17:29:29 raspberrypi kernel: [    0.851412] bcm2835-wdt 3f100000.watchdog: Broadcom BCM2835 watchdog timer
Jun  5 17:29:29 raspberrypi kernel: [    0.859585] bcm2835-cpufreq: min=600000 max=1400000
Jun  5 17:29:29 raspberrypi kernel: [    0.867872] sdhci: Secure Digital Host Controller Interface driver
Jun  5 17:29:29 raspberrypi kernel: [    0.875890] sdhci: Copyright(c) Pierre Ossman
Jun  5 17:29:29 raspberrypi kernel: [    0.884115] mmc-bcm2835 3f300000.mmc: /aliases ID not available
Jun  5 17:29:29 raspberrypi kernel: [    0.892152] mmc-bcm2835 3f300000.mmc: could not get clk, deferring probe
Jun  5 17:29:29 raspberrypi kernel: [    0.900325] sdhost-bcm2835 3f202000.sdhost: /aliases ID not available
Jun  5 17:29:29 raspberrypi kernel: [    0.908336] sdhost-bcm2835 3f202000.sdhost: could not get clk, deferring probe
Jun  5 17:29:29 raspberrypi kernel: [    0.916408] sdhci-pltfm: SDHCI platform and OF driver helper
Jun  5 17:29:29 raspberrypi kernel: [    0.925864] ledtrig-cpu: registered to indicate activity on CPUs
Jun  5 17:29:29 raspberrypi kernel: [    0.934106] hidraw: raw HID events driver (C) Jiri Kosina
Jun  5 17:29:29 raspberrypi kernel: [    0.942428] usbcore: registered new interface driver usbhid
Jun  5 17:29:29 raspberrypi kernel: [    0.950582] usbhid: USB HID core driver
Jun  5 17:29:29 raspberrypi kernel: [    0.958851] Indeed it is in host mode hprt0 = 00021501
Jun  5 17:29:29 raspberrypi kernel: [    1.027739] vchiq: vchiq_init_state: slot_zero = bad80000, is_master = 0
Jun  5 17:29:29 raspberrypi kernel: [    1.037567] [vc_sm_connected_init]: start
Jun  5 17:29:29 raspberrypi kernel: [    1.048750] [vc_sm_connected_init]: end - returning 0
Jun  5 17:29:29 raspberrypi kernel: [    1.055451] random: fast init done
Jun  5 17:29:29 raspberrypi kernel: [    1.057438] Initializing XFRM netlink socket
Jun  5 17:29:29 raspberrypi kernel: [    1.072547] NET: Registered protocol family 17
Jun  5 17:29:29 raspberrypi kernel: [    1.080522] Key type dns_resolver registered
Jun  5 17:29:29 raspberrypi kernel: [    1.088837] Registering SWP/SWPB emulation handler
Jun  5 17:29:29 raspberrypi kernel: [    1.097355] registered taskstats version 1
Jun  5 17:29:29 raspberrypi kernel: [    1.111043] uart-pl011 3f201000.serial: cts_event_workaround enabled
Jun  5 17:29:29 raspberrypi kernel: [    1.119263] 3f201000.serial: ttyAMA0 at MMIO 0x3f201000 (irq = 87, base_baud = 0) is a PL011 rev2
Jun  5 17:29:29 raspberrypi kernel: [    1.128978] mmc-bcm2835 3f300000.mmc: /aliases ID not available
Jun  5 17:29:29 raspberrypi kernel: [    1.137331] mmc-bcm2835 3f300000.mmc: mmc_debug:0 mmc_debug2:0
Jun  5 17:29:29 raspberrypi kernel: [    1.145463] mmc-bcm2835 3f300000.mmc: DMA channel allocated
Jun  5 17:29:29 raspberrypi kernel: [    1.171467] usb 1-1: new high-speed USB device number 2 using dwc_otg
Jun  5 17:29:29 raspberrypi kernel: [    1.179810] Indeed it is in host mode hprt0 = 00001101
Jun  5 17:29:29 raspberrypi kernel: [    1.211751] sdhost-bcm2835 3f202000.sdhost: /aliases ID not available
Jun  5 17:29:29 raspberrypi kernel: [    1.220353] sdhost: log_buf @ bad13000 (fad13000)
Jun  5 17:29:29 raspberrypi kernel: [    1.265093] mmc0: queuing unknown CIS tuple 0x80 (2 bytes)
Jun  5 17:29:29 raspberrypi kernel: [    1.274827] mmc0: queuing unknown CIS tuple 0x80 (3 bytes)
Jun  5 17:29:29 raspberrypi kernel: [    1.284537] mmc0: queuing unknown CIS tuple 0x80 (3 bytes)
Jun  5 17:29:29 raspberrypi kernel: [    1.295269] mmc0: queuing unknown CIS tuple 0x80 (7 bytes)
Jun  5 17:29:29 raspberrypi kernel: [    1.311465] mmc1: sdhost-bcm2835 loaded - DMA enabled (>1)
Jun  5 17:29:29 raspberrypi kernel: [    1.320236] of_cfs_init
Jun  5 17:29:29 raspberrypi kernel: [    1.328086] of_cfs_init: OK
Jun  5 17:29:29 raspberrypi kernel: [    1.336286] Waiting for root device PARTUUID=b93bee23-02...
Jun  5 17:29:29 raspberrypi kernel: [    1.418691] mmc1: host does not support reading read-only switch, assuming write-enable
Jun  5 17:29:29 raspberrypi kernel: [    1.421745] usb 1-1: New USB device found, idVendor=0424, idProduct=2514
Jun  5 17:29:29 raspberrypi kernel: [    1.429696] mmc1: new high speed SDHC card at address 59b4
Jun  5 17:29:29 raspberrypi kernel: [    1.434581] usb 1-1: New USB device strings: Mfr=0, Product=0, SerialNumber=0
Jun  5 17:29:29 raspberrypi kernel: [    1.435220] hub 1-1:1.0: USB hub found
Jun  5 17:29:29 raspberrypi kernel: [    1.443808] mmcblk1: mmc1:59b4 USDU1 7.31 GiB
Jun  5 17:29:29 raspberrypi kernel: [    1.450769] hub 1-1:1.0: 4 ports detected
Jun  5 17:29:29 raspberrypi kernel: [    1.459899] mmc0: new high speed SDIO card at address 0001
Jun  5 17:29:29 raspberrypi kernel: [    1.484130]  mmcblk1: p1 p2
Jun  5 17:29:29 raspberrypi kernel: [    1.534312] EXT4-fs (mmcblk1p2): mounted filesystem with ordered data mode. Opts: (null)
Jun  5 17:29:29 raspberrypi kernel: [    1.542573] VFS: Mounted root (ext4 filesystem) readonly on device 179:2.
Jun  5 17:29:29 raspberrypi kernel: [    1.559011] devtmpfs: mounted
Jun  5 17:29:29 raspberrypi kernel: [    1.570449] Freeing unused kernel memory: 1024K
Jun  5 17:29:29 raspberrypi kernel: [    1.781489] usb 1-1.1: new high-speed USB device number 3 using dwc_otg
Jun  5 17:29:29 raspberrypi kernel: [    1.911796] usb 1-1.1: New USB device found, idVendor=0424, idProduct=2514
Jun  5 17:29:29 raspberrypi kernel: [    1.920402] usb 1-1.1: New USB device strings: Mfr=0, Product=0, SerialNumber=0
Jun  5 17:29:29 raspberrypi kernel: [    1.929592] hub 1-1.1:1.0: USB hub found
Jun  5 17:29:29 raspberrypi kernel: [    1.938052] hub 1-1.1:1.0: 3 ports detected
Jun  5 17:29:29 raspberrypi kernel: [    2.041489] usb 1-1.2: new low-speed USB device number 4 using dwc_otg
Jun  5 17:29:29 raspberrypi kernel: [    2.146140] NET: Registered protocol family 10
Jun  5 17:29:29 raspberrypi kernel: [    2.155683] Segment Routing with IPv6
Jun  5 17:29:29 raspberrypi kernel: [    2.173584] ip_tables: (C) 2000-2006 Netfilter Core Team
Jun  5 17:29:29 raspberrypi kernel: [    2.176727] usb 1-1.2: New USB device found, idVendor=046d, idProduct=c077
Jun  5 17:29:29 raspberrypi kernel: [    2.190985] usb 1-1.2: New USB device strings: Mfr=1, Product=2, SerialNumber=0
Jun  5 17:29:29 raspberrypi kernel: [    2.199609] random: systemd: uninitialized urandom read (16 bytes read)
Jun  5 17:29:29 raspberrypi kernel: [    2.199719] usb 1-1.2: Product: USB Optical Mouse
Jun  5 17:29:29 raspberrypi kernel: [    2.216977] usb 1-1.2: Manufacturer: Logitech
Jun  5 17:29:29 raspberrypi kernel: [    2.226182] input: Logitech USB Optical Mouse as /devices/platform/soc/3f980000.usb/usb1/1-1/1-1.2/1-1.2:1.0/0003:046D:C077.0001/input/input0
Jun  5 17:29:29 raspberrypi kernel: [    2.235833] hid-generic 0003:046D:C077.0001: input,hidraw0: USB HID v1.11 Mouse [Logitech USB Optical Mouse] on usb-3f980000.usb-1.2/input0
Jun  5 17:29:29 raspberrypi kernel: [    2.281501] usb 1-1.1.3: new low-speed USB device number 5 using dwc_otg
Jun  5 17:29:29 raspberrypi kernel: [    2.361970] random: systemd: uninitialized urandom read (16 bytes read)
Jun  5 17:29:29 raspberrypi kernel: [    2.386724] random: systemd-gpt-aut: uninitialized urandom read (16 bytes read)
Jun  5 17:29:29 raspberrypi kernel: [    2.442112] usb 1-1.1.3: New USB device found, idVendor=03f0, idProduct=0024
Jun  5 17:29:29 raspberrypi kernel: [    2.452188] usb 1-1.1.3: New USB device strings: Mfr=1, Product=2, SerialNumber=0
Jun  5 17:29:29 raspberrypi kernel: [    2.462175] usb 1-1.1.3: Product: HP Basic USB Keyboard
Jun  5 17:29:29 raspberrypi kernel: [    2.471941] usb 1-1.1.3: Manufacturer: CHICONY
Jun  5 17:29:29 raspberrypi kernel: [    2.499295] input: CHICONY HP Basic USB Keyboard as /devices/platform/soc/3f980000.usb/usb1/1-1/1-1.1/1-1.1.3/1-1.1.3:1.0/0003:03F0:0024.0002/input/input1
Jun  5 17:29:29 raspberrypi kernel: [    2.572074] hid-generic 0003:03F0:0024.0002: input,hidraw1: USB HID v1.10 Keyboard [CHICONY HP Basic USB Keyboard] on usb-3f980000.usb-1.1.3/input0
Jun  5 17:29:29 raspberrypi mtp-probe: checking bus 1, device 6: "/sys/devices/platform/soc/3f980000.usb/usb1/1-1/1-1.1/1-1.1.1"
Jun  5 17:29:29 raspberrypi mtp-probe: bus: 1, device: 6 was not an MTP device
Jun  5 17:29:29 raspberrypi mtp-probe: checking bus 1, device 4: "/sys/devices/platform/soc/3f980000.usb/usb1/1-1/1-1.2"
Jun  5 17:29:29 raspberrypi mtp-probe: bus: 1, device: 4 was not an MTP device
Jun  5 17:29:29 raspberrypi mtp-probe: checking bus 1, device 5: "/sys/devices/platform/soc/3f980000.usb/usb1/1-1/1-1.1/1-1.1.3"
Jun  5 17:29:29 raspberrypi mtp-probe: bus: 1, device: 5 was not an MTP device
Jun  5 17:29:29 raspberrypi mtp-probe: checking bus 1, device 6: "/sys/devices/platform/soc/3f980000.usb/usb1/1-1/1-1.1/1-1.1.1"
Jun  5 17:29:29 raspberrypi mtp-probe: bus: 1, device: 6 was not an MTP device
Jun  5 17:29:29 raspberrypi kernel: [    2.891472] usb 1-1.1.1: new high-speed USB device number 6 using dwc_otg
Jun  5 17:29:29 raspberrypi kernel: [    3.022139] usb 1-1.1.1: New USB device found, idVendor=0424, idProduct=7800
Jun  5 17:29:29 raspberrypi kernel: [    3.022152] usb 1-1.1.1: New USB device strings: Mfr=0, Product=0, SerialNumber=0
Jun  5 17:29:29 raspberrypi kernel: [    3.288165] lan78xx 1-1.1.1:1.0 (unnamed net_device) (uninitialized): MDIO INIT FAILED.....
Jun  5 17:29:29 raspberrypi kernel: [    3.288327] lan78xx 1-1.1.1:1.0 (unnamed net_device) (uninitialized): Bind routine FAILED
Jun  5 17:29:29 raspberrypi kernel: [    3.781748] EXT4-fs (mmcblk1p2): re-mounted. Opts: (null)
Jun  5 17:29:29 raspberrypi kernel: [    4.472872] snd_bcm2835: module is from the staging directory, the quality is unknown, you have been warned.
Jun  5 17:29:29 raspberrypi kernel: [    4.475897] bcm2835_alsa bcm2835_alsa: card created with 8 channels
Jun  5 17:29:29 raspberrypi kernel: [    4.582582] usbcore: registered new interface driver brcmfmac
Jun  5 17:29:29 raspberrypi kernel: [    4.943927] random: crng init done
Jun  5 17:29:29 raspberrypi kernel: [    4.943942] random: 7 urandom warning(s) missed due to ratelimiting
Jun  5 17:29:29 raspberrypi kernel: [    6.067458] uart-pl011 3f201000.serial: no DMA platform data
Jun  5 17:29:29 raspberrypi liblogging-stdlog:  [origin software="rsyslogd" swVersion="8.24.0" x-pid="342" x-info="http://www.rsyslog.com"] start
Jun  5 17:29:29 raspberrypi kernel: [    6.446897] Adding 102396k swap on /var/swap.  Priority:-2 extents:1 across:102396k SSFS
Jun  5 17:29:29 raspberrypi /usr/sbin/gpm[420]: *** info [daemon/startup.c(131)]:
Jun  5 17:29:29 raspberrypi /usr/sbin/gpm[420]: Started gpm successfully. Entered daemon mode.
Jun  5 17:29:35 raspberrypi kernel: [   12.631636] Bluetooth: Core ver 2.22
Jun  5 17:29:35 raspberrypi kernel: [   12.631728] NET: Registered protocol family 31
Jun  5 17:29:35 raspberrypi kernel: [   12.631736] Bluetooth: HCI device and connection manager initialized
Jun  5 17:29:35 raspberrypi kernel: [   12.631757] Bluetooth: HCI socket layer initialized
Jun  5 17:29:35 raspberrypi kernel: [   12.631771] Bluetooth: L2CAP socket layer initialized
Jun  5 17:29:35 raspberrypi kernel: [   12.631808] Bluetooth: SCO socket layer initialized
Jun  5 17:29:35 raspberrypi kernel: [   12.644128] Bluetooth: HCI UART driver ver 2.3
Jun  5 17:29:35 raspberrypi kernel: [   12.644144] Bluetooth: HCI UART protocol H4 registered
Jun  5 17:29:35 raspberrypi kernel: [   12.644151] Bluetooth: HCI UART protocol Three-wire (H5) registered
Jun  5 17:29:35 raspberrypi kernel: [   12.644367] Bluetooth: HCI UART protocol Broadcom registered
Jun  5 17:29:35 raspberrypi kernel: [   12.845852] Bluetooth: BNEP (Ethernet Emulation) ver 1.3
Jun  5 17:29:35 raspberrypi kernel: [   12.845862] Bluetooth: BNEP filters: protocol multicast
Jun  5 17:29:35 raspberrypi kernel: [   12.845898] Bluetooth: BNEP socket layer initialized
Jun  5 17:29:41 raspberrypi kernel: [   18.711568] Voltage normalised (0x00000000)
Jun  5 17:30:12 raspberrypi kernel: [   49.911548] Voltage normalised (0x00000000)
Jun  5 17:30:21 raspberrypi kernel: [   58.231544] Voltage normalised (0x00000000)
Jun  5 23:28:10 raspberrypi kernel: [21527.991622] rpi_firmware_get_throttled: 3 callbacks suppressed
Jun  5 23:28:15 raspberrypi kernel: [21532.151611] rpi_firmware_get_throttled: 3 callbacks suppressed
Jun  5 23:28:15 raspberrypi kernel: [21532.151619] Voltage normalised (0x00000000)
Jun  6 06:25:02 raspberrypi liblogging-stdlog:  [origin software="rsyslogd" swVersion="8.24.0" x-pid="342" x-info="http://www.rsyslog.com"] rsyslogd was HUPed
Jun  6 06:25:09 raspberrypi kernel: [46546.231704] Voltage normalised (0x00000000)
Jun  6 06:33:03 raspberrypi kernel: [47020.471694] Voltage normalised (0x00000000)
Jun  6 17:15:20 raspberrypi kernel: [    0.000000] Booting Linux on physical CPU 0x0
Jun  6 17:15:20 raspberrypi kernel: [    0.000000] Linux version 4.14.98-v7+ (dom@dom-XPS-13-9370) (gcc version 4.9.3 (crosstool-NG crosstool-ng-1.22.0-88-g8460611)) #1200 SMP Tue Feb 12 20:27:48 GMT 2019
Jun  6 17:15:20 raspberrypi kernel: [    0.000000] CPU: ARMv7 Processor [410fd034] revision 4 (ARMv7), cr=10c5383d
Jun  6 17:15:20 raspberrypi kernel: [    0.000000] CPU: div instructions available: patching division code
Jun  6 17:15:20 raspberrypi kernel: [    0.000000] CPU: PIPT / VIPT nonaliasing data cache, VIPT aliasing instruction cache
Jun  6 17:15:20 raspberrypi kernel: [    0.000000] OF: fdt: Machine model: Raspberry Pi 3 Model B Rev 1.2
Jun  6 17:15:20 raspberrypi kernel: [    0.000000] Memory policy: Data cache writealloc
Jun  6 17:15:20 raspberrypi kernel: [    0.000000] cma: Reserved 8 MiB at 0x3ac00000
Jun  6 17:15:20 raspberrypi kernel: [    0.000000] percpu: Embedded 17 pages/cpu @ba34d000 s38720 r8192 d22720 u69632
Jun  6 17:15:20 raspberrypi kernel: [    0.000000] Built 1 zonelists, mobility grouping on.  Total pages: 240555
Jun  6 17:15:20 raspberrypi kernel: [    0.000000] Kernel command line: 8250.nr_uarts=0 bcm2708_fb.fbwidth=1600 bcm2708_fb.fbheight=1200 bcm2708_fb.fbswap=1 vc_mem.mem_base=0x3ec00000 vc_mem.mem_size=0x40000000  dwc_otg.lpm_enable=0 console=ttyS0,115200 console=tty1 root=PARTUUID=b93bee23-02 rootfstype=ext4 elevator=deadline fsck.repair=yes rootwait
Jun  6 17:15:20 raspberrypi kernel: [    0.000000] PID hash table entries: 4096 (order: 2, 16384 bytes)
Jun  6 17:15:20 raspberrypi kernel: [    0.000000] Dentry cache hash table entries: 131072 (order: 7, 524288 bytes)
Jun  6 17:15:20 raspberrypi kernel: [    0.000000] Inode-cache hash table entries: 65536 (order: 6, 262144 bytes)
Jun  6 17:15:20 raspberrypi kernel: [    0.000000] Memory: 940260K/970752K available (7168K kernel code, 577K rwdata, 2080K rodata, 1024K init, 698K bss, 22300K reserved, 8192K cma-reserved)
Jun  6 17:15:20 raspberrypi kernel: [    0.000000] Virtual kernel memory layout:
Jun  6 17:15:20 raspberrypi kernel: [    0.000000]     vector  : 0xffff0000 - 0xffff1000   (   4 kB)
Jun  6 17:15:20 raspberrypi kernel: [    0.000000]     fixmap  : 0xffc00000 - 0xfff00000   (3072 kB)
Jun  6 17:15:20 raspberrypi kernel: [    0.000000]     vmalloc : 0xbb800000 - 0xff800000   (1088 MB)
Jun  6 17:15:20 raspberrypi kernel: [    0.000000]     lowmem  : 0x80000000 - 0xbb400000   ( 948 MB)
Jun  6 17:15:20 raspberrypi kernel: [    0.000000]     modules : 0x7f000000 - 0x80000000   (  16 MB)
Jun  6 17:15:20 raspberrypi kernel: [    0.000000]       .text : 0x80008000 - 0x80800000   (8160 kB)
Jun  6 17:15:20 raspberrypi kernel: [    0.000000]       .init : 0x80b00000 - 0x80c00000   (1024 kB)
Jun  6 17:15:20 raspberrypi kernel: [    0.000000]       .data : 0x80c00000 - 0x80c906d4   ( 578 kB)
Jun  6 17:15:20 raspberrypi kernel: [    0.000000]        .bss : 0x80c97ef8 - 0x80d468f0   ( 699 kB)
Jun  6 17:15:20 raspberrypi kernel: [    0.000000] SLUB: HWalign=64, Order=0-3, MinObjects=0, CPUs=4, Nodes=1
Jun  6 17:15:20 raspberrypi kernel: [    0.000000] ftrace: allocating 25298 entries in 75 pages
Jun  6 17:15:20 raspberrypi kernel: [    0.000000] Hierarchical RCU implementation.
Jun  6 17:15:20 raspberrypi kernel: [    0.000000] NR_IRQS: 16, nr_irqs: 16, preallocated irqs: 16
Jun  6 17:15:20 raspberrypi kernel: [    0.000000] arch_timer: cp15 timer(s) running at 19.20MHz (phys).
Jun  6 17:15:20 raspberrypi kernel: [    0.000000] clocksource: arch_sys_counter: mask: 0xffffffffffffff max_cycles: 0x46d987e47, max_idle_ns: 440795202767 ns
Jun  6 17:15:20 raspberrypi kernel: [    0.000007] sched_clock: 56 bits at 19MHz, resolution 52ns, wraps every 4398046511078ns
Jun  6 17:15:20 raspberrypi kernel: [    0.000022] Switching to timer-based delay loop, resolution 52ns
Jun  6 17:15:20 raspberrypi kernel: [    0.000285] Console: colour dummy device 80x30
Jun  6 17:15:20 raspberrypi kernel: [    0.000829] console [tty1] enabled
Jun  6 17:15:20 raspberrypi kernel: [    0.000866] Calibrating delay loop (skipped), value calculated using timer frequency.. 38.40 BogoMIPS (lpj=192000)
Jun  6 17:15:20 raspberrypi kernel: [    0.000907] pid_max: default: 32768 minimum: 301
Jun  6 17:15:20 raspberrypi kernel: [    0.001244] Mount-cache hash table entries: 2048 (order: 1, 8192 bytes)
Jun  6 17:15:20 raspberrypi kernel: [    0.001278] Mountpoint-cache hash table entries: 2048 (order: 1, 8192 bytes)
Jun  6 17:15:20 raspberrypi kernel: [    0.002234] Disabling memory control group subsystem
Jun  6 17:15:20 raspberrypi kernel: [    0.002327] CPU: Testing write buffer coherency: ok
Jun  6 17:15:20 raspberrypi kernel: [    0.002739] CPU0: update cpu_capacity 1024
Jun  6 17:15:20 raspberrypi kernel: [    0.002763] CPU0: thread -1, cpu 0, socket 0, mpidr 80000000
Jun  6 17:15:20 raspberrypi kernel: [    0.003182] Setting up static identity map for 0x100000 - 0x10003c
Jun  6 17:15:20 raspberrypi kernel: [    0.003323] Hierarchical SRCU implementation.
Jun  6 17:15:20 raspberrypi kernel: [    0.004018] smp: Bringing up secondary CPUs ...
Jun  6 17:15:20 raspberrypi kernel: [    0.004810] CPU1: update cpu_capacity 1024
Jun  6 17:15:20 raspberrypi kernel: [    0.004818] CPU1: thread -1, cpu 1, socket 0, mpidr 80000001
Jun  6 17:15:20 raspberrypi kernel: [    0.005647] CPU2: update cpu_capacity 1024
Jun  6 17:15:20 raspberrypi kernel: [    0.005655] CPU2: thread -1, cpu 2, socket 0, mpidr 80000002
Jun  6 17:15:20 raspberrypi kernel: [    0.006470] CPU3: update cpu_capacity 1024
Jun  6 17:15:20 raspberrypi kernel: [    0.006477] CPU3: thread -1, cpu 3, socket 0, mpidr 80000003
Jun  6 17:15:20 raspberrypi kernel: [    0.006582] smp: Brought up 1 node, 4 CPUs
Jun  6 17:15:20 raspberrypi kernel: [    0.006695] SMP: Total of 4 processors activated (153.60 BogoMIPS).
Jun  6 17:15:20 raspberrypi kernel: [    0.006717] CPU: All CPU(s) started in HYP mode.
Jun  6 17:15:20 raspberrypi kernel: [    0.006735] CPU: Virtualization extensions available.
Jun  6 17:15:20 raspberrypi kernel: [    0.007667] devtmpfs: initialized
Jun  6 17:15:20 raspberrypi kernel: [    0.016225] random: get_random_u32 called from bucket_table_alloc+0xfc/0x24c with crng_init=0
Jun  6 17:15:20 raspberrypi kernel: [    0.016883] VFP support v0.3: implementor 41 architecture 3 part 40 variant 3 rev 4
Jun  6 17:15:20 raspberrypi kernel: [    0.017120] clocksource: jiffies: mask: 0xffffffff max_cycles: 0xffffffff, max_idle_ns: 19112604462750000 ns
Jun  6 17:15:20 raspberrypi kernel: [    0.017164] futex hash table entries: 1024 (order: 4, 65536 bytes)
Jun  6 17:15:20 raspberrypi kernel: [    0.017735] pinctrl core: initialized pinctrl subsystem
Jun  6 17:15:20 raspberrypi kernel: [    0.018498] NET: Registered protocol family 16
Jun  6 17:15:20 raspberrypi kernel: [    0.021129] DMA: preallocated 1024 KiB pool for atomic coherent allocations
Jun  6 17:15:20 raspberrypi kernel: [    0.026048] hw-breakpoint: found 5 (+1 reserved) breakpoint and 4 watchpoint registers.
Jun  6 17:15:20 raspberrypi kernel: [    0.026081] hw-breakpoint: maximum watchpoint size is 8 bytes.
Jun  6 17:15:20 raspberrypi kernel: [    0.026269] Serial: AMBA PL011 UART driver
Jun  6 17:15:20 raspberrypi kernel: [    0.027903] bcm2835-mbox 3f00b880.mailbox: mailbox enabled
Jun  6 17:15:20 raspberrypi kernel: [    0.028367] uart-pl011 3f201000.serial: could not find pctldev for node /soc/gpio@7e200000/uart0_pins, deferring probe
Jun  6 17:15:20 raspberrypi kernel: [    0.059811] bcm2835-dma 3f007000.dma: DMA legacy API manager at bb813000, dmachans=0x1
Jun  6 17:15:20 raspberrypi kernel: [    0.061390] SCSI subsystem initialized
Jun  6 17:15:20 raspberrypi kernel: [    0.061638] usbcore: registered new interface driver usbfs
Jun  6 17:15:20 raspberrypi kernel: [    0.061708] usbcore: registered new interface driver hub
Jun  6 17:15:20 raspberrypi kernel: [    0.061810] usbcore: registered new device driver usb
Jun  6 17:15:20 raspberrypi kernel: [    0.070103] raspberrypi-firmware soc:firmware: Attached to firmware from 2019-03-27 15:45
Jun  6 17:15:20 raspberrypi kernel: [    0.071446] clocksource: Switched to clocksource arch_sys_counter
Jun  6 17:15:20 raspberrypi kernel: [    0.148210] VFS: Disk quotas dquot_6.6.0
Jun  6 17:15:20 raspberrypi kernel: [    0.148325] VFS: Dquot-cache hash table entries: 1024 (order 0, 4096 bytes)
Jun  6 17:15:20 raspberrypi kernel: [    0.148527] FS-Cache: Loaded
Jun  6 17:15:20 raspberrypi kernel: [    0.148741] CacheFiles: Loaded
Jun  6 17:15:20 raspberrypi kernel: [    0.157638] NET: Registered protocol family 2
Jun  6 17:15:20 raspberrypi kernel: [    0.158377] TCP established hash table entries: 8192 (order: 3, 32768 bytes)
Jun  6 17:15:20 raspberrypi kernel: [    0.158507] TCP bind hash table entries: 8192 (order: 4, 65536 bytes)
Jun  6 17:15:20 raspberrypi kernel: [    0.158710] TCP: Hash tables configured (established 8192 bind 8192)
Jun  6 17:15:20 raspberrypi kernel: [    0.158856] UDP hash table entries: 512 (order: 2, 16384 bytes)
Jun  6 17:15:20 raspberrypi kernel: [    0.158917] UDP-Lite hash table entries: 512 (order: 2, 16384 bytes)
Jun  6 17:15:20 raspberrypi kernel: [    0.159163] NET: Registered protocol family 1
Jun  6 17:15:20 raspberrypi kernel: [    0.159636] RPC: Registered named UNIX socket transport module.
Jun  6 17:15:20 raspberrypi kernel: [    0.159660] RPC: Registered udp transport module.
Jun  6 17:15:20 raspberrypi kernel: [    0.159680] RPC: Registered tcp transport module.
Jun  6 17:15:20 raspberrypi kernel: [    0.159699] RPC: Registered tcp NFSv4.1 backchannel transport module.
Jun  6 17:15:20 raspberrypi kernel: [    0.161173] hw perfevents: enabled with armv7_cortex_a7 PMU driver, 7 counters available
Jun  6 17:15:20 raspberrypi kernel: [    0.163987] workingset: timestamp_bits=14 max_order=18 bucket_order=4
Jun  6 17:15:20 raspberrypi kernel: [    0.172200] FS-Cache: Netfs 'nfs' registered for caching
Jun  6 17:15:20 raspberrypi kernel: [    0.172838] NFS: Registering the id_resolver key type
Jun  6 17:15:20 raspberrypi kernel: [    0.172893] Key type id_resolver registered
Jun  6 17:15:20 raspberrypi kernel: [    0.172913] Key type id_legacy registered
Jun  6 17:15:20 raspberrypi kernel: [    0.172942] nfs4filelayout_init: NFSv4 File Layout Driver Registering...
Jun  6 17:15:20 raspberrypi kernel: [    0.174881] Block layer SCSI generic (bsg) driver version 0.4 loaded (major 251)
Jun  6 17:15:20 raspberrypi kernel: [    0.175040] io scheduler noop registered
Jun  6 17:15:20 raspberrypi kernel: [    0.175063] io scheduler deadline registered (default)
Jun  6 17:15:20 raspberrypi kernel: [    0.175248] io scheduler cfq registered
Jun  6 17:15:20 raspberrypi kernel: [    0.175270] io scheduler mq-deadline registered
Jun  6 17:15:20 raspberrypi kernel: [    0.175290] io scheduler kyber registered
Jun  6 17:15:20 raspberrypi kernel: [    0.177951] BCM2708FB: allocated DMA memory fad10000
Jun  6 17:15:20 raspberrypi kernel: [    0.177996] BCM2708FB: allocated DMA channel 0 @ bb813000
Jun  6 17:15:20 raspberrypi mtp-probe: checking bus 1, device 3: "/sys/devices/platform/soc/3f980000.usb/usb1/1-1/1-1.1"
Jun  6 17:15:20 raspberrypi mtp-probe: checking bus 1, device 5: "/sys/devices/platform/soc/3f980000.usb/usb1/1-1/1-1.5"
Jun  6 17:15:20 raspberrypi mtp-probe: bus: 1, device: 5 was not an MTP device
Jun  6 17:15:20 raspberrypi mtp-probe: checking bus 1, device 4: "/sys/devices/platform/soc/3f980000.usb/usb1/1-1/1-1.4"
Jun  6 17:15:20 raspberrypi mtp-probe: bus: 1, device: 4 was not an MTP device
Jun  6 17:15:20 raspberrypi mtp-probe: bus: 1, device: 3 was not an MTP device
Jun  6 17:15:20 raspberrypi kernel: [    0.231371] Console: switching to colour frame buffer device 200x75
Jun  6 17:15:20 raspberrypi kernel: [    0.264369] bcm2835-rng 3f104000.rng: hwrng registered
Jun  6 17:15:20 raspberrypi liblogging-stdlog:  [origin software="rsyslogd" swVersion="8.24.0" x-pid="341" x-info="http://www.rsyslog.com"] start
Jun  6 17:15:20 raspberrypi kernel: [    0.264647] vc-mem: phys_addr:0x00000000 mem_base=0x3ec00000 mem_size:0x40000000(1024 MiB)
Jun  6 17:15:20 raspberrypi kernel: [    0.265322] vc-sm: Videocore shared memory driver
Jun  6 17:15:20 raspberrypi kernel: [    0.265729] gpiomem-bcm2835 3f200000.gpiomem: Initialised: Registers at 0x3f200000
Jun  6 17:15:20 raspberrypi kernel: [    0.275767] brd: module loaded
Jun  6 17:15:20 raspberrypi kernel: [    0.284955] loop: module loaded
Jun  6 17:15:20 raspberrypi kernel: [    0.285090] Loading iSCSI transport class v2.0-870.
Jun  6 17:15:20 raspberrypi kernel: [    0.285922] libphy: Fixed MDIO Bus: probed
Jun  6 17:15:20 raspberrypi kernel: [    0.286152] usbcore: registered new interface driver lan78xx
Jun  6 17:15:20 raspberrypi kernel: [    0.286372] usbcore: registered new interface driver smsc95xx
Jun  6 17:15:20 raspberrypi kernel: [    0.286552] dwc_otg: version 3.00a 10-AUG-2012 (platform bus)
Jun  6 17:15:20 raspberrypi kernel: [    0.314590] dwc_otg 3f980000.usb: base=0xf0980000
Jun  6 17:15:20 raspberrypi kernel: [    0.514959] Core Release: 2.80a
Jun  6 17:15:20 raspberrypi kernel: [    0.515066] Setting default values for core params
Jun  6 17:15:20 raspberrypi kernel: [    0.515233] Finished setting default values for core params
Jun  6 17:15:20 raspberrypi kernel: [    0.715663] Using Buffer DMA mode
Jun  6 17:15:20 raspberrypi kernel: [    0.715770] Periodic Transfer Interrupt Enhancement - disabled
Jun  6 17:15:20 raspberrypi kernel: [    0.715936] Multiprocessor Interrupt Enhancement - disabled
Jun  6 17:15:20 raspberrypi kernel: [    0.716099] OTG VER PARAM: 0, OTG VER FLAG: 0
Jun  6 17:15:20 raspberrypi kernel: [    0.716233] Dedicated Tx FIFOs mode
Jun  6 17:15:20 raspberrypi kernel: [    0.716700] WARN::dwc_otg_hcd_init:1046: FIQ DMA bounce buffers: virt = 0xbad04000 dma = 0xfad04000 len=9024
Jun  6 17:15:20 raspberrypi kernel: [    0.716995] FIQ FSM acceleration enabled for :
Jun  6 17:15:20 raspberrypi kernel: [    0.716995] Non-periodic Split Transactions
Jun  6 17:15:20 raspberrypi kernel: [    0.716995] Periodic Split Transactions
Jun  6 17:15:20 raspberrypi kernel: [    0.716995] High-Speed Isochronous Endpoints
Jun  6 17:15:20 raspberrypi kernel: [    0.716995] Interrupt/Control Split Transaction hack enabled
Jun  6 17:15:20 raspberrypi kernel: [    0.717647] WARN::hcd_init_fiq:459: FIQ on core 1 at 0x805ed94c
Jun  6 17:15:20 raspberrypi kernel: [    0.717828] WARN::hcd_init_fiq:460: FIQ ASM at 0x805edcb4 length 36
Jun  6 17:15:20 raspberrypi kernel: [    0.718016] WARN::hcd_init_fiq:486: MPHI regs_base at 0xf0006000
Jun  6 17:15:20 raspberrypi kernel: [    0.718238] dwc_otg 3f980000.usb: DWC OTG Controller
Jun  6 17:15:20 raspberrypi kernel: [    0.718414] dwc_otg 3f980000.usb: new USB bus registered, assigned bus number 1
Jun  6 17:15:20 raspberrypi kernel: [    0.718646] dwc_otg 3f980000.usb: irq 62, io mem 0x00000000
Jun  6 17:15:20 raspberrypi kernel: [    0.718851] Init: Port Power? op_state=1
Jun  6 17:15:20 raspberrypi kernel: [    0.718968] Init: Power Port (0)
Jun  6 17:15:20 raspberrypi kernel: [    0.719267] usb usb1: New USB device found, idVendor=1d6b, idProduct=0002
Jun  6 17:15:20 raspberrypi kernel: [    0.719467] usb usb1: New USB device strings: Mfr=3, Product=2, SerialNumber=1
Jun  6 17:15:20 raspberrypi kernel: [    0.719674] usb usb1: Product: DWC OTG Controller
Jun  6 17:15:20 raspberrypi kernel: [    0.719816] usb usb1: Manufacturer: Linux 4.14.98-v7+ dwc_otg_hcd
Jun  6 17:15:20 raspberrypi kernel: [    0.719993] usb usb1: SerialNumber: 3f980000.usb
Jun  6 17:15:20 raspberrypi kernel: [    0.720764] hub 1-0:1.0: USB hub found
Jun  6 17:15:20 raspberrypi kernel: [    0.729048] hub 1-0:1.0: 1 port detected
Jun  6 17:15:20 raspberrypi kernel: [    0.738103] usbcore: registered new interface driver usb-storage
Jun  6 17:15:20 raspberrypi kernel: [    0.746518] mousedev: PS/2 mouse device common for all mice
Jun  6 17:15:20 raspberrypi kernel: [    0.754799] IR NEC protocol handler initialized
Jun  6 17:15:20 raspberrypi kernel: [    0.762950] IR RC5(x/sz) protocol handler initialized
Jun  6 17:15:20 raspberrypi kernel: [    0.771088] IR RC6 protocol handler initialized
Jun  6 17:15:20 raspberrypi kernel: [    0.779167] IR JVC protocol handler initialized
Jun  6 17:15:20 raspberrypi kernel: [    0.787161] IR Sony protocol handler initialized
Jun  6 17:15:20 raspberrypi kernel: [    0.795152] IR SANYO protocol handler initialized
Jun  6 17:15:20 raspberrypi kernel: [    0.803132] IR Sharp protocol handler initialized
Jun  6 17:15:20 raspberrypi kernel: [    0.811121] IR MCE Keyboard/mouse protocol handler initialized
Jun  6 17:15:20 raspberrypi kernel: [    0.819176] IR XMP protocol handler initialized
Jun  6 17:15:20 raspberrypi kernel: [    0.843411] bcm2835_thermal: probe of soc:thermal failed with error -22
Jun  6 17:15:20 raspberrypi kernel: [    0.851722] bcm2835-wdt 3f100000.watchdog: Broadcom BCM2835 watchdog timer
Jun  6 17:15:20 raspberrypi kernel: [    0.859918] bcm2835-cpufreq: min=600000 max=1200000
Jun  6 17:15:20 raspberrypi kernel: [    0.868178] sdhci: Secure Digital Host Controller Interface driver
Jun  6 17:15:20 raspberrypi kernel: [    0.876203] sdhci: Copyright(c) Pierre Ossman
Jun  6 17:15:20 raspberrypi kernel: [    0.884400] mmc-bcm2835 3f300000.mmc: /aliases ID not available
Jun  6 17:15:20 raspberrypi kernel: [    0.892449] mmc-bcm2835 3f300000.mmc: could not get clk, deferring probe
Jun  6 17:15:20 raspberrypi kernel: [    0.900603] sdhost-bcm2835 3f202000.sdhost: /aliases ID not available
Jun  6 17:15:20 raspberrypi kernel: [    0.908626] sdhost-bcm2835 3f202000.sdhost: could not get clk, deferring probe
Jun  6 17:15:20 raspberrypi kernel: [    0.916688] sdhci-pltfm: SDHCI platform and OF driver helper
Jun  6 17:15:20 raspberrypi kernel: [    0.926132] ledtrig-cpu: registered to indicate activity on CPUs
Jun  6 17:15:20 raspberrypi kernel: [    0.934407] hidraw: raw HID events driver (C) Jiri Kosina
Jun  6 17:15:20 raspberrypi kernel: [    0.942721] usbcore: registered new interface driver usbhid
Jun  6 17:15:20 raspberrypi kernel: [    0.950855] usbhid: USB HID core driver
Jun  6 17:15:20 raspberrypi kernel: [    0.959140] Indeed it is in host mode hprt0 = 00021501
Jun  6 17:15:20 raspberrypi kernel: [    1.027985] vchiq: vchiq_init_state: slot_zero = bad80000, is_master = 0
Jun  6 17:15:20 raspberrypi kernel: [    1.037834] [vc_sm_connected_init]: start
Jun  6 17:15:20 raspberrypi kernel: [    1.048829] [vc_sm_connected_init]: end - returning 0
Jun  6 17:15:20 raspberrypi kernel: [    1.055466] random: fast init done
Jun  6 17:15:20 raspberrypi kernel: [    1.057546] Initializing XFRM netlink socket
Jun  6 17:15:20 raspberrypi kernel: [    1.072646] NET: Registered protocol family 17
Jun  6 17:15:20 raspberrypi kernel: [    1.080603] Key type dns_resolver registered
Jun  6 17:15:20 raspberrypi kernel: [    1.088902] Registering SWP/SWPB emulation handler
Jun  6 17:15:20 raspberrypi kernel: [    1.097427] registered taskstats version 1
Jun  6 17:15:20 raspberrypi kernel: [    1.111102] uart-pl011 3f201000.serial: cts_event_workaround enabled
Jun  6 17:15:20 raspberrypi kernel: [    1.119283] 3f201000.serial: ttyAMA0 at MMIO 0x3f201000 (irq = 87, base_baud = 0) is a PL011 rev2
Jun  6 17:15:20 raspberrypi kernel: [    1.129050] mmc-bcm2835 3f300000.mmc: /aliases ID not available
Jun  6 17:15:20 raspberrypi kernel: [    1.137404] mmc-bcm2835 3f300000.mmc: mmc_debug:0 mmc_debug2:0
Jun  6 17:15:20 raspberrypi kernel: [    1.145538] mmc-bcm2835 3f300000.mmc: DMA channel allocated
Jun  6 17:15:20 raspberrypi kernel: [    1.171501] usb 1-1: new high-speed USB device number 2 using dwc_otg
Jun  6 17:15:20 raspberrypi kernel: [    1.179769] Indeed it is in host mode hprt0 = 00001101
Jun  6 17:15:20 raspberrypi kernel: [    1.211768] sdhost-bcm2835 3f202000.sdhost: /aliases ID not available
Jun  6 17:15:20 raspberrypi kernel: [    1.220336] sdhost: log_buf @ bad07000 (fad07000)
Jun  6 17:15:20 raspberrypi kernel: [    1.265106] mmc0: queuing unknown CIS tuple 0x80 (2 bytes)
Jun  6 17:15:20 raspberrypi kernel: [    1.274884] mmc0: queuing unknown CIS tuple 0x80 (3 bytes)
Jun  6 17:15:20 raspberrypi kernel: [    1.284592] mmc0: queuing unknown CIS tuple 0x80 (3 bytes)
Jun  6 17:15:20 raspberrypi kernel: [    1.295403] mmc0: queuing unknown CIS tuple 0x80 (7 bytes)
Jun  6 17:15:20 raspberrypi kernel: [    1.311470] mmc1: sdhost-bcm2835 loaded - DMA enabled (>1)
Jun  6 17:15:20 raspberrypi kernel: [    1.320283] of_cfs_init
Jun  6 17:15:20 raspberrypi kernel: [    1.328241] of_cfs_init: OK
Jun  6 17:15:20 raspberrypi kernel: [    1.336529] Waiting for root device PARTUUID=b93bee23-02...
Jun  6 17:15:20 raspberrypi kernel: [    1.388724] mmc1: host does not support reading read-only switch, assuming write-enable
Jun  6 17:15:20 raspberrypi kernel: [    1.399544] mmc1: new high speed SDHC card at address 59b4
Jun  6 17:15:20 raspberrypi kernel: [    1.408038] mmcblk1: mmc1:59b4 USDU1 7.31 GiB
Jun  6 17:15:20 raspberrypi kernel: [    1.417481]  mmcblk1: p1 p2
Jun  6 17:15:20 raspberrypi kernel: [    1.441823] usb 1-1: New USB device found, idVendor=0424, idProduct=9514
Jun  6 17:15:20 raspberrypi kernel: [    1.449873] usb 1-1: New USB device strings: Mfr=0, Product=0, SerialNumber=0
Jun  6 17:15:20 raspberrypi kernel: [    1.451068] EXT4-fs (mmcblk1p2): mounted filesystem with ordered data mode. Opts: (null)
Jun  6 17:15:20 raspberrypi kernel: [    1.466159] VFS: Mounted root (ext4 filesystem) readonly on device 179:2.
Jun  6 17:15:20 raspberrypi kernel: [    1.466531] hub 1-1:1.0: USB hub found
Jun  6 17:15:20 raspberrypi kernel: [    1.482611] hub 1-1:1.0: 5 ports detected
Jun  6 17:15:20 raspberrypi kernel: [    1.497482] devtmpfs: mounted
Jun  6 17:15:20 raspberrypi kernel: [    1.502418] mmc0: new high speed SDIO card at address 0001
Jun  6 17:15:20 raspberrypi kernel: [    1.515297] Freeing unused kernel memory: 1024K
Jun  6 17:15:20 raspberrypi kernel: [    1.811507] usb 1-1.1: new high-speed USB device number 3 using dwc_otg
Jun  6 17:15:20 raspberrypi kernel: [    1.941751] usb 1-1.1: New USB device found, idVendor=0424, idProduct=ec00
Jun  6 17:15:20 raspberrypi kernel: [    1.950036] usb 1-1.1: New USB device strings: Mfr=0, Product=0, SerialNumber=0
Jun  6 17:15:20 raspberrypi kernel: [    1.961110] smsc95xx v1.0.6
Jun  6 17:15:20 raspberrypi kernel: [    2.054705] smsc95xx 1-1.1:1.0 eth0: register 'smsc95xx' at usb-3f980000.usb-1.1, smsc95xx USB 2.0 Ethernet, b8:27:eb:4d:95:0b
Jun  6 17:15:20 raspberrypi kernel: [    2.110893] NET: Registered protocol family 10
Jun  6 17:15:20 raspberrypi kernel: [    2.120828] Segment Routing with IPv6
Jun  6 17:15:20 raspberrypi kernel: [    2.138777] ip_tables: (C) 2000-2006 Netfilter Core Team
Jun  6 17:15:20 raspberrypi kernel: [    2.161504] usb 1-1.4: new low-speed USB device number 4 using dwc_otg
Jun  6 17:15:20 raspberrypi kernel: [    2.171807] random: systemd: uninitialized urandom read (16 bytes read)
Jun  6 17:15:20 raspberrypi kernel: [    2.290614] random: systemd: uninitialized urandom read (16 bytes read)
Jun  6 17:15:20 raspberrypi kernel: [    2.312662] random: systemd-gpt-aut: uninitialized urandom read (16 bytes read)
Jun  6 17:15:20 raspberrypi kernel: [    2.331599] usb 1-1.4: New USB device found, idVendor=03f0, idProduct=0024
Jun  6 17:15:20 raspberrypi kernel: [    2.342442] usb 1-1.4: New USB device strings: Mfr=1, Product=2, SerialNumber=0
Jun  6 17:15:20 raspberrypi kernel: [    2.352924] usb 1-1.4: Product: HP Basic USB Keyboard
Jun  6 17:15:20 raspberrypi kernel: [    2.352938] usb 1-1.4: Manufacturer: CHICONY
Jun  6 17:15:20 raspberrypi kernel: [    2.389063] input: CHICONY HP Basic USB Keyboard as /devices/platform/soc/3f980000.usb/usb1/1-1/1-1.4/1-1.4:1.0/0003:03F0:0024.0001/input/input0
Jun  6 17:15:20 raspberrypi kernel: [    2.472211] hid-generic 0003:03F0:0024.0001: input,hidraw0: USB HID v1.10 Keyboard [CHICONY HP Basic USB Keyboard] on usb-3f980000.usb-1.4/input0
Jun  6 17:15:20 raspberrypi kernel: [    2.581519] usb 1-1.5: new low-speed USB device number 5 using dwc_otg
Jun  6 17:15:20 raspberrypi kernel: [    2.726661] usb 1-1.5: New USB device found, idVendor=046d, idProduct=c077
Jun  6 17:15:20 raspberrypi kernel: [    2.736664] usb 1-1.5: New USB device strings: Mfr=1, Product=2, SerialNumber=0
Jun  6 17:15:20 raspberrypi kernel: [    2.746617] usb 1-1.5: Product: USB Optical Mouse
Jun  6 17:15:20 raspberrypi kernel: [    2.756473] usb 1-1.5: Manufacturer: Logitech
Jun  6 17:15:20 raspberrypi kernel: [    2.770297] input: Logitech USB Optical Mouse as /devices/platform/soc/3f980000.usb/usb1/1-1/1-1.5/1-1.5:1.0/0003:046D:C077.0002/input/input1
Jun  6 17:15:20 raspberrypi kernel: [    2.781038] hid-generic 0003:046D:C077.0002: input,hidraw1: USB HID v1.11 Mouse [Logitech USB Optical Mouse] on usb-3f980000.usb-1.5/input0
Jun  6 17:15:20 raspberrypi kernel: [    3.742210] EXT4-fs (mmcblk1p2): re-mounted. Opts: (null)
Jun  6 17:15:20 raspberrypi kernel: [    4.391075] snd_bcm2835: module is from the staging directory, the quality is unknown, you have been warned.
Jun  6 17:15:20 raspberrypi kernel: [    4.394248] bcm2835_alsa bcm2835_alsa: card created with 8 channels
Jun  6 17:15:20 raspberrypi kernel: [    4.601684] usbcore: registered new interface driver brcmfmac
Jun  6 17:15:20 raspberrypi kernel: [    5.925236] random: crng init done
Jun  6 17:15:20 raspberrypi kernel: [    5.925244] random: 7 urandom warning(s) missed due to ratelimiting
Jun  6 17:15:20 raspberrypi kernel: [    6.148091] uart-pl011 3f201000.serial: no DMA platform data
Jun  6 17:15:21 raspberrypi /usr/sbin/gpm[433]: *** info [daemon/startup.c(131)]:
Jun  6 17:15:21 raspberrypi /usr/sbin/gpm[433]: Started gpm successfully. Entered daemon mode.
Jun  6 17:15:21 raspberrypi kernel: [    6.533940] Adding 102396k swap on /var/swap.  Priority:-2 extents:1 across:102396k SSFS
Jun  6 17:15:21 raspberrypi kernel: [    6.853717] smsc95xx 1-1.1:1.0 eth0: hardware isn't capable of remote wakeup
Jun  6 17:15:23 raspberrypi kernel: [    8.384781] smsc95xx 1-1.1:1.0 eth0: link up, 100Mbps, full-duplex, lpa 0xC1E1
Jun  6 17:15:25 raspberrypi kernel: [   10.745418] Bluetooth: Core ver 2.22
Jun  6 17:15:25 raspberrypi kernel: [   10.745537] NET: Registered protocol family 31
Jun  6 17:15:25 raspberrypi kernel: [   10.745544] Bluetooth: HCI device and connection manager initialized
Jun  6 17:15:25 raspberrypi kernel: [   10.747215] Bluetooth: HCI socket layer initialized
Jun  6 17:15:25 raspberrypi kernel: [   10.747242] Bluetooth: L2CAP socket layer initialized
Jun  6 17:15:25 raspberrypi kernel: [   10.747302] Bluetooth: SCO socket layer initialized
Jun  6 17:15:25 raspberrypi kernel: [   10.761093] Bluetooth: HCI UART driver ver 2.3
Jun  6 17:15:25 raspberrypi kernel: [   10.761110] Bluetooth: HCI UART protocol H4 registered
Jun  6 17:15:25 raspberrypi kernel: [   10.761117] Bluetooth: HCI UART protocol Three-wire (H5) registered
Jun  6 17:15:25 raspberrypi kernel: [   10.761322] Bluetooth: HCI UART protocol Broadcom registered
Jun  6 17:15:25 raspberrypi kernel: [   10.936517] Bluetooth: BNEP (Ethernet Emulation) ver 1.3
Jun  6 17:15:25 raspberrypi kernel: [   10.936526] Bluetooth: BNEP filters: protocol multicast
Jun  6 17:15:25 raspberrypi kernel: [   10.936542] Bluetooth: BNEP socket layer initialized
Jun  6 17:15:35 raspberrypi kernel: [   20.791546] Voltage normalised (0x00000000)
Jun  6 17:18:06 raspberrypi kernel: [   37.431546] Voltage normalised (0x00000000)
Jun  6 17:19:37 raspberrypi /usr/sbin/gpm[433]: *** info [daemon/processrequest.c(42)]:
Jun  6 17:19:37 raspberrypi /usr/sbin/gpm[433]: Request on 6 (console 1)
Jun  6 17:19:45 raspberrypi mtp-probe: checking bus 1, device 4: "/sys/devices/platform/soc/3f980000.usb/usb1/1-1/1-1.4"
Jun  6 17:19:45 raspberrypi mtp-probe: checking bus 1, device 3: "/sys/devices/platform/soc/3f980000.usb/usb1/1-1/1-1.1"
Jun  6 17:19:45 raspberrypi mtp-probe: bus: 1, device: 4 was not an MTP device
Jun  6 17:19:45 raspberrypi mtp-probe: checking bus 1, device 5: "/sys/devices/platform/soc/3f980000.usb/usb1/1-1/1-1.5"
Jun  6 17:19:45 raspberrypi mtp-probe: bus: 1, device: 5 was not an MTP device
Jun  6 17:19:45 raspberrypi mtp-probe: bus: 1, device: 3 was not an MTP device
Jun  6 17:19:45 raspberrypi liblogging-stdlog:  [origin software="rsyslogd" swVersion="8.24.0" x-pid="377" x-info="http://www.rsyslog.com"] start
Jun  6 17:19:45 raspberrypi kernel: [    0.000000] Booting Linux on physical CPU 0x0
Jun  6 17:19:45 raspberrypi kernel: [    0.000000] Linux version 4.9.80-v7+ (harcok@cup) (gcc version 4.8.4 (Ubuntu/Linaro 4.8.4-2ubuntu1~14.04.1) ) #3 SMP Tue Jun 4 10:44:43 CEST 2019
Jun  6 17:19:45 raspberrypi kernel: [    0.000000] CPU: ARMv7 Processor [410fd034] revision 4 (ARMv7), cr=10c5383d
Jun  6 17:19:45 raspberrypi kernel: [    0.000000] CPU: div instructions available: patching division code
Jun  6 17:19:45 raspberrypi kernel: [    0.000000] CPU: PIPT / VIPT nonaliasing data cache, VIPT aliasing instruction cache
Jun  6 17:19:45 raspberrypi kernel: [    0.000000] OF: fdt:Machine model: Raspberry Pi 3 Model B Rev 1.2
Jun  6 17:19:45 raspberrypi kernel: [    0.000000] Memory policy: Data cache writealloc
Jun  6 17:19:45 raspberrypi kernel: [    0.000000] percpu: Embedded 17 pages/cpu @bab53000 s37952 r8192 d23488 u69632
Jun  6 17:19:45 raspberrypi kernel: [    0.000000] Built 1 zonelists in Zone order, mobility grouping on.  Total pages: 240555
Jun  6 17:19:45 raspberrypi kernel: [    0.000000] Kernel command line: 8250.nr_uarts=0 bcm2708_fb.fbwidth=1600 bcm2708_fb.fbheight=1200 bcm2708_fb.fbswap=1 vc_mem.mem_base=0x3ec00000 vc_mem.mem_size=0x40000000  dwc_otg.lpm_enable=0 console=ttyS0,115200 console=tty1 root=PARTUUID=b93bee23-02 rootfstype=ext4 elevator=deadline fsck.repair=yes rootwait
Jun  6 17:19:45 raspberrypi kernel: [    0.000000] PID hash table entries: 4096 (order: 2, 16384 bytes)
Jun  6 17:19:45 raspberrypi kernel: [    0.000000] Dentry cache hash table entries: 131072 (order: 7, 524288 bytes)
Jun  6 17:19:45 raspberrypi kernel: [    0.000000] Inode-cache hash table entries: 65536 (order: 6, 262144 bytes)
Jun  6 17:19:45 raspberrypi kernel: [    0.000000] Memory: 948444K/970752K available (7168K kernel code, 525K rwdata, 2064K rodata, 1024K init, 807K bss, 22308K reserved, 0K cma-reserved)
Jun  6 17:19:45 raspberrypi kernel: [    0.000000] Virtual kernel memory layout:
Jun  6 17:19:45 raspberrypi kernel: [    0.000000]     vector  : 0xffff0000 - 0xffff1000   (   4 kB)
Jun  6 17:19:45 raspberrypi kernel: [    0.000000]     fixmap  : 0xffc00000 - 0xfff00000   (3072 kB)
Jun  6 17:19:45 raspberrypi kernel: [    0.000000]     vmalloc : 0xbb800000 - 0xff800000   (1088 MB)
Jun  6 17:19:45 raspberrypi kernel: [    0.000000]     lowmem  : 0x80000000 - 0xbb400000   ( 948 MB)
Jun  6 17:19:45 raspberrypi kernel: [    0.000000]     modules : 0x7f000000 - 0x80000000   (  16 MB)
Jun  6 17:19:45 raspberrypi kernel: [    0.000000]       .text : 0x80008000 - 0x80800000   (8160 kB)
Jun  6 17:19:45 raspberrypi kernel: [    0.000000]       .init : 0x80b00000 - 0x80c00000   (1024 kB)
Jun  6 17:19:45 raspberrypi kernel: [    0.000000]       .data : 0x80c00000 - 0x80c835dc   ( 526 kB)
Jun  6 17:19:45 raspberrypi kernel: [    0.000000]        .bss : 0x80c85000 - 0x80d4ede4   ( 808 kB)
Jun  6 17:19:45 raspberrypi kernel: [    0.000000] SLUB: HWalign=64, Order=0-3, MinObjects=0, CPUs=4, Nodes=1
Jun  6 17:19:45 raspberrypi kernel: [    0.000000] Hierarchical RCU implementation.
Jun  6 17:19:45 raspberrypi kernel: [    0.000000] 	Build-time adjustment of leaf fanout to 32.
Jun  6 17:19:45 raspberrypi kernel: [    0.000000] NR_IRQS:16 nr_irqs:16 16
Jun  6 17:19:45 raspberrypi kernel: [    0.000000] arm_arch_timer: Architected cp15 timer(s) running at 19.20MHz (phys).
Jun  6 17:19:45 raspberrypi kernel: [    0.000000] I-pipe, 19.200 MHz clocksource, wrap in 960767920505705 ms
Jun  6 17:19:45 raspberrypi kernel: [    0.000000] clocksource: ipipe_tsc: mask: 0xffffffffffffffff max_cycles: 0x46d987e47, max_idle_ns: 440795202767 ns
Jun  6 17:19:45 raspberrypi kernel: [    0.000000] clocksource: arch_sys_counter: mask: 0xffffffffffffff max_cycles: 0x46d987e47, max_idle_ns: 440795202767 ns
Jun  6 17:19:45 raspberrypi kernel: [    0.000007] sched_clock: 56 bits at 19MHz, resolution 52ns, wraps every 4398046511078ns
Jun  6 17:19:45 raspberrypi kernel: [    0.000027] Switching to timer-based delay loop, resolution 52ns
Jun  6 17:19:45 raspberrypi kernel: [    0.001471] Interrupt pipeline (release #4)
Jun  6 17:19:45 raspberrypi kernel: [    0.001691] Console: colour dummy device 80x30
Jun  6 17:19:45 raspberrypi kernel: [    0.002920] console [tty1] enabled
Jun  6 17:19:45 raspberrypi kernel: [    0.002975] Calibrating delay loop (skipped), value calculated using timer frequency.. 38.40 BogoMIPS (lpj=192000)
Jun  6 17:19:45 raspberrypi kernel: [    0.003059] pid_max: default: 32768 minimum: 301
Jun  6 17:19:45 raspberrypi kernel: [    0.003290] Mount-cache hash table entries: 2048 (order: 1, 8192 bytes)
Jun  6 17:19:45 raspberrypi kernel: [    0.003343] Mountpoint-cache hash table entries: 2048 (order: 1, 8192 bytes)
Jun  6 17:19:45 raspberrypi kernel: [    0.004588] Disabling memory control group subsystem
Jun  6 17:19:45 raspberrypi kernel: [    0.004715] CPU: Testing write buffer coherency: ok
Jun  6 17:19:45 raspberrypi kernel: [    0.005303] CPU0: update cpu_capacity 1024
Jun  6 17:19:45 raspberrypi kernel: [    0.005348] CPU0: thread -1, cpu 0, socket 0, mpidr 80000000
Jun  6 17:19:45 raspberrypi kernel: [    0.005416] Setting up static identity map for 0x100000 - 0x100034
Jun  6 17:19:45 raspberrypi kernel: [    0.008384] CPU1: update cpu_capacity 1024
Jun  6 17:19:45 raspberrypi kernel: [    0.008393] CPU1: thread -1, cpu 1, socket 0, mpidr 80000001
Jun  6 17:19:45 raspberrypi kernel: [    0.009435] CPU2: update cpu_capacity 1024
Jun  6 17:19:45 raspberrypi kernel: [    0.009444] CPU2: thread -1, cpu 2, socket 0, mpidr 80000002
Jun  6 17:19:45 raspberrypi kernel: [    0.010541] CPU3: update cpu_capacity 1024
Jun  6 17:19:45 raspberrypi kernel: [    0.010549] CPU3: thread -1, cpu 3, socket 0, mpidr 80000003
Jun  6 17:19:45 raspberrypi kernel: [    0.010715] Brought up 4 CPUs
Jun  6 17:19:45 raspberrypi kernel: [    0.010960] SMP: Total of 4 processors activated (153.60 BogoMIPS).
Jun  6 17:19:45 raspberrypi kernel: [    0.011005] CPU: All CPU(s) started in HYP mode.
Jun  6 17:19:45 raspberrypi kernel: [    0.011045] CPU: Virtualization extensions available.
Jun  6 17:19:45 raspberrypi kernel: [    0.012800] devtmpfs: initialized
Jun  6 17:19:45 raspberrypi kernel: [    0.032121] VFP support v0.3: implementor 41 architecture 3 part 40 variant 3 rev 4
Jun  6 17:19:45 raspberrypi kernel: [    0.032621] clocksource: jiffies: mask: 0xffffffff max_cycles: 0xffffffff, max_idle_ns: 19112604462750000 ns
Jun  6 17:19:45 raspberrypi kernel: [    0.032708] futex hash table entries: 1024 (order: 4, 65536 bytes)
Jun  6 17:19:45 raspberrypi kernel: [    0.033027] pinctrl core: initialized pinctrl subsystem
Jun  6 17:19:45 raspberrypi kernel: [    0.034403] NET: Registered protocol family 16
Jun  6 17:19:45 raspberrypi kernel: [    0.036151] DMA: preallocated 1024 KiB pool for atomic coherent allocations
Jun  6 17:19:45 raspberrypi kernel: [    0.050193] hw-breakpoint: found 5 (+1 reserved) breakpoint and 4 watchpoint registers.
Jun  6 17:19:45 raspberrypi kernel: [    0.050261] hw-breakpoint: maximum watchpoint size is 8 bytes.
Jun  6 17:19:45 raspberrypi kernel: [    0.050511] Serial: AMBA PL011 UART driver
Jun  6 17:19:45 raspberrypi kernel: [    0.053969] bcm2835-mbox 3f00b880.mailbox: mailbox enabled
Jun  6 17:19:45 raspberrypi kernel: [    0.054989] uart-pl011 3f201000.serial: could not find pctldev for node /soc/gpio@7e200000/uart0_pins, deferring probe
Jun  6 17:19:45 raspberrypi kernel: [    0.161913] bcm2835-dma 3f007000.dma: DMA legacy API manager at bb90f000, dmachans=0x1
Jun  6 17:19:45 raspberrypi kernel: [    0.164930] SCSI subsystem initialized
Jun  6 17:19:45 raspberrypi kernel: [    0.165408] usbcore: registered new interface driver usbfs
Jun  6 17:19:45 raspberrypi kernel: [    0.165564] usbcore: registered new interface driver hub
Jun  6 17:19:45 raspberrypi kernel: [    0.165750] usbcore: registered new device driver usb
Jun  6 17:19:45 raspberrypi kernel: [    0.170249] raspberrypi-firmware soc:firmware: Attached to firmware from 2019-03-27 15:45
Jun  6 17:19:45 raspberrypi kernel: [    0.172406] clocksource: Switched to clocksource ipipe_tsc
Jun  6 17:19:45 raspberrypi kernel: [    0.244748] VFS: Disk quotas dquot_6.6.0
Jun  6 17:19:45 raspberrypi kernel: [    0.244894] VFS: Dquot-cache hash table entries: 1024 (order 0, 4096 bytes)
Jun  6 17:19:45 raspberrypi kernel: [    0.245249] FS-Cache: Loaded
Jun  6 17:19:45 raspberrypi kernel: [    0.245637] CacheFiles: Loaded
Jun  6 17:19:45 raspberrypi kernel: [    0.266182] NET: Registered protocol family 2
Jun  6 17:19:45 raspberrypi kernel: [    0.267350] TCP established hash table entries: 8192 (order: 3, 32768 bytes)
Jun  6 17:19:45 raspberrypi kernel: [    0.267507] TCP bind hash table entries: 8192 (order: 4, 65536 bytes)
Jun  6 17:19:45 raspberrypi kernel: [    0.267734] TCP: Hash tables configured (established 8192 bind 8192)
Jun  6 17:19:45 raspberrypi kernel: [    0.267878] UDP hash table entries: 512 (order: 2, 16384 bytes)
Jun  6 17:19:45 raspberrypi kernel: [    0.267964] UDP-Lite hash table entries: 512 (order: 2, 16384 bytes)
Jun  6 17:19:45 raspberrypi kernel: [    0.268312] NET: Registered protocol family 1
Jun  6 17:19:45 raspberrypi kernel: [    0.268996] RPC: Registered named UNIX socket transport module.
Jun  6 17:19:45 raspberrypi kernel: [    0.269044] RPC: Registered udp transport module.
Jun  6 17:19:45 raspberrypi kernel: [    0.269085] RPC: Registered tcp transport module.
Jun  6 17:19:45 raspberrypi kernel: [    0.269126] RPC: Registered tcp NFSv4.1 backchannel transport module.
Jun  6 17:19:45 raspberrypi kernel: [    0.270539] hw perfevents: enabled with armv7_cortex_a7 PMU driver, 7 counters available
Jun  6 17:19:45 raspberrypi kernel: [    0.273774] [Xenomai] scheduling class idle registered.
Jun  6 17:19:45 raspberrypi kernel: [    0.273819] [Xenomai] scheduling class rt registered.
Jun  6 17:19:45 raspberrypi kernel: [    0.274069] I-pipe: head domain Xenomai registered.
Jun  6 17:19:45 raspberrypi kernel: [    0.278991] [Xenomai] Cobalt v3.0.8 
Jun  6 17:19:45 raspberrypi kernel: [    0.279450] workingset: timestamp_bits=14 max_order=18 bucket_order=4
Jun  6 17:19:45 raspberrypi kernel: [    0.304699] FS-Cache: Netfs 'nfs' registered for caching
Jun  6 17:19:45 raspberrypi kernel: [    0.306258] NFS: Registering the id_resolver key type
Jun  6 17:19:45 raspberrypi kernel: [    0.306346] Key type id_resolver registered
Jun  6 17:19:45 raspberrypi kernel: [    0.306387] Key type id_legacy registered
Jun  6 17:19:45 raspberrypi kernel: [    0.310281] Block layer SCSI generic (bsg) driver version 0.4 loaded (major 249)
Jun  6 17:19:45 raspberrypi kernel: [    0.310538] io scheduler noop registered
Jun  6 17:19:45 raspberrypi kernel: [    0.310581] io scheduler deadline registered (default)
Jun  6 17:19:45 raspberrypi kernel: [    0.311009] io scheduler cfq registered
Jun  6 17:19:45 raspberrypi kernel: [    0.319508] BCM2708FB: allocated DMA memory f98f0000
Jun  6 17:19:45 raspberrypi kernel: [    0.319582] BCM2708FB: allocated DMA channel 0 @ bb90f000
Jun  6 17:19:45 raspberrypi kernel: [    0.373772] Console: switching to colour frame buffer device 200x75
Jun  6 17:19:45 raspberrypi kernel: [    0.408338] bcm2835-rng 3f104000.rng: hwrng registered
Jun  6 17:19:45 raspberrypi kernel: [    0.408671] vc-mem: phys_addr:0x00000000 mem_base=0x3ec00000 mem_size:0x40000000(1024 MiB)
Jun  6 17:19:45 raspberrypi kernel: [    0.409767] vc-sm: Videocore shared memory driver
Jun  6 17:19:45 raspberrypi kernel: [    0.434538] brd: module loaded
Jun  6 17:19:45 raspberrypi kernel: [    0.448923] loop: module loaded
Jun  6 17:19:45 raspberrypi kernel: [    0.449072] Loading iSCSI transport class v2.0-870.
Jun  6 17:19:45 raspberrypi kernel: [    0.450346] libphy: Fixed MDIO Bus: probed
Jun  6 17:19:45 raspberrypi kernel: [    0.450661] usbcore: registered new interface driver lan78xx
Jun  6 17:19:45 raspberrypi kernel: [    0.450979] usbcore: registered new interface driver smsc95xx
Jun  6 17:19:45 raspberrypi kernel: [    0.451176] dwc_otg: version 3.00a 10-AUG-2012 (platform bus)
Jun  6 17:19:45 raspberrypi kernel: [    0.679755] Core Release: 2.80a
Jun  6 17:19:45 raspberrypi kernel: [    0.679877] Setting default values for core params
Jun  6 17:19:45 raspberrypi kernel: [    0.680069] Finished setting default values for core params
Jun  6 17:19:45 raspberrypi kernel: [    0.880867] Using Buffer DMA mode
Jun  6 17:19:45 raspberrypi kernel: [    0.880987] Periodic Transfer Interrupt Enhancement - disabled
Jun  6 17:19:45 raspberrypi kernel: [    0.881172] Multiprocessor Interrupt Enhancement - disabled
Jun  6 17:19:45 raspberrypi kernel: [    0.881350] OTG VER PARAM: 0, OTG VER FLAG: 0
Jun  6 17:19:45 raspberrypi kernel: [    0.881507] Dedicated Tx FIFOs mode
Jun  6 17:19:45 raspberrypi kernel: [    0.881940] WARN::dwc_otg_hcd_init:1032: FIQ DMA bounce buffers: virt = 0xbc4fc000 dma = 0xf9ab4000 len=9024
Jun  6 17:19:45 raspberrypi kernel: [    0.882256] FIQ FSM acceleration enabled for :
Jun  6 17:19:45 raspberrypi kernel: [    0.882256] Non-periodic Split Transactions
Jun  6 17:19:45 raspberrypi kernel: [    0.882256] Periodic Split Transactions
Jun  6 17:19:45 raspberrypi kernel: [    0.882256] High-Speed Isochronous Endpoints
Jun  6 17:19:45 raspberrypi kernel: [    0.882256] Interrupt/Control Split Transaction hack enabled
Jun  6 17:19:45 raspberrypi kernel: [    0.883005] WARN::hcd_init_fiq:459: FIQ on core 1 at 0x805b40c0
Jun  6 17:19:45 raspberrypi kernel: [    0.883204] WARN::hcd_init_fiq:460: FIQ ASM at 0x805b4420 length 36
Jun  6 17:19:45 raspberrypi kernel: [    0.883410] WARN::hcd_init_fiq:486: MPHI regs_base at 0xbbd7d000
Jun  6 17:19:45 raspberrypi kernel: [    0.883681] dwc_otg 3f980000.usb: DWC OTG Controller
Jun  6 17:19:45 raspberrypi kernel: [    0.883882] dwc_otg 3f980000.usb: new USB bus registered, assigned bus number 1
Jun  6 17:19:45 raspberrypi kernel: [    0.884145] dwc_otg 3f980000.usb: irq 62, io mem 0x00000000
Jun  6 17:19:45 raspberrypi kernel: [    0.884378] Init: Port Power? op_state=1
Jun  6 17:19:45 raspberrypi kernel: [    0.884509] Init: Power Port (0)
Jun  6 17:19:45 raspberrypi kernel: [    0.884985] usb usb1: New USB device found, idVendor=1d6b, idProduct=0002
Jun  6 17:19:45 raspberrypi kernel: [    0.885203] usb usb1: New USB device strings: Mfr=3, Product=2, SerialNumber=1
Jun  6 17:19:45 raspberrypi kernel: [    0.885429] usb usb1: Product: DWC OTG Controller
Jun  6 17:19:45 raspberrypi kernel: [    0.885585] usb usb1: Manufacturer: Linux 4.9.80-v7+ dwc_otg_hcd
Jun  6 17:19:45 raspberrypi kernel: [    0.885778] usb usb1: SerialNumber: 3f980000.usb
Jun  6 17:19:45 raspberrypi kernel: [    0.887193] hub 1-0:1.0: USB hub found
Jun  6 17:19:45 raspberrypi kernel: [    0.887383] hub 1-0:1.0: 1 port detected
Jun  6 17:19:45 raspberrypi kernel: [    0.889010] usbcore: registered new interface driver usb-storage
Jun  6 17:19:45 raspberrypi kernel: [    0.898961] mousedev: PS/2 mouse device common for all mice
Jun  6 17:19:45 raspberrypi kernel: [    0.910044] bcm2835-wdt 3f100000.watchdog: Broadcom BCM2835 watchdog timer
Jun  6 17:19:45 raspberrypi kernel: [    0.920087] sdhci: Secure Digital Host Controller Interface driver
Jun  6 17:19:45 raspberrypi kernel: [    0.929629] sdhci: Copyright(c) Pierre Ossman
Jun  6 17:19:45 raspberrypi kernel: [    0.939505] sdhost-bcm2835 3f202000.sdhost: could not get clk, deferring probe
Jun  6 17:19:45 raspberrypi kernel: [    0.951483] mmc-bcm2835 3f300000.mmc: could not get clk, deferring probe
Jun  6 17:19:45 raspberrypi kernel: [    0.961241] sdhci-pltfm: SDHCI platform and OF driver helper
Jun  6 17:19:45 raspberrypi kernel: [    0.972807] ledtrig-cpu: registered to indicate activity on CPUs
Jun  6 17:19:45 raspberrypi kernel: [    0.982769] hidraw: raw HID events driver (C) Jiri Kosina
Jun  6 17:19:45 raspberrypi kernel: [    0.993012] usbcore: registered new interface driver usbhid
Jun  6 17:19:45 raspberrypi kernel: [    1.002818] usbhid: USB HID core driver
Jun  6 17:19:45 raspberrypi kernel: [    1.013526] vchiq: vchiq_init_state: slot_zero = 0xbdb81000, is_master = 0
Jun  6 17:19:45 raspberrypi kernel: [    1.025165] [vc_sm_connected_init]: start
Jun  6 17:19:45 raspberrypi kernel: [    1.035820] [vc_sm_connected_init]: end - returning 0
Jun  6 17:19:45 raspberrypi kernel: [    1.047010] Initializing XFRM netlink socket
Jun  6 17:19:45 raspberrypi kernel: [    1.056767] NET: Registered protocol family 17
Jun  6 17:19:45 raspberrypi kernel: [    1.066645] Key type dns_resolver registered
Jun  6 17:19:45 raspberrypi kernel: [    1.076893] Registering SWP/SWPB emulation handler
Jun  6 17:19:45 raspberrypi kernel: [    1.087806] registered taskstats version 1
Jun  6 17:19:45 raspberrypi kernel: [    1.108182] uart-pl011 3f201000.serial: cts_event_workaround enabled
Jun  6 17:19:45 raspberrypi kernel: [    1.118053] 3f201000.serial: ttyAMA0 at MMIO 0x3f201000 (irq = 87, base_baud = 0) is a PL011 rev2
Jun  6 17:19:45 raspberrypi kernel: [    1.130485] sdhost: log_buf @ bdbc9000 (f9b70000)
Jun  6 17:19:45 raspberrypi kernel: [    1.140688] Indeed it is in host mode hprt0 = 00021501
Jun  6 17:19:45 raspberrypi kernel: [    1.238695] random: fast init done
Jun  6 17:19:45 raspberrypi kernel: [    1.282468] mmc0: sdhost-bcm2835 loaded - DMA enabled (>1)
Jun  6 17:19:45 raspberrypi kernel: [    1.294856] mmc-bcm2835 3f300000.mmc: mmc_debug:0 mmc_debug2:0
Jun  6 17:19:45 raspberrypi kernel: [    1.304763] mmc-bcm2835 3f300000.mmc: DMA channel allocated
Jun  6 17:19:45 raspberrypi kernel: [    1.382475] usb 1-1: new high-speed USB device number 2 using dwc_otg
Jun  6 17:19:45 raspberrypi kernel: [    1.392695] of_cfs_init
Jun  6 17:19:45 raspberrypi kernel: [    1.392854] Indeed it is in host mode hprt0 = 00001101
Jun  6 17:19:45 raspberrypi kernel: [    1.412671] of_cfs_init: OK
Jun  6 17:19:45 raspberrypi kernel: [    1.423105] Waiting for root device PARTUUID=b93bee23-02...
Jun  6 17:19:45 raspberrypi kernel: [    1.462376] mmc0: host does not support reading read-only switch, assuming write-enable
Jun  6 17:19:45 raspberrypi kernel: [    1.475456] mmc0: new high speed SDHC card at address 59b4
Jun  6 17:19:45 raspberrypi kernel: [    1.486763] mmcblk0: mmc0:59b4 USDU1 7.31 GiB
Jun  6 17:19:45 raspberrypi kernel: [    1.498808]  mmcblk0: p1 p2
Jun  6 17:19:45 raspberrypi kernel: [    1.513592] mmc1: queuing unknown CIS tuple 0x80 (2 bytes)
Jun  6 17:19:45 raspberrypi kernel: [    1.525296] mmc1: queuing unknown CIS tuple 0x80 (3 bytes)
Jun  6 17:19:45 raspberrypi kernel: [    1.536985] mmc1: queuing unknown CIS tuple 0x80 (3 bytes)
Jun  6 17:19:45 raspberrypi kernel: [    1.550065] mmc1: queuing unknown CIS tuple 0x80 (7 bytes)
Jun  6 17:19:45 raspberrypi kernel: [    1.565978] EXT4-fs (mmcblk0p2): mounted filesystem with ordered data mode. Opts: (null)
Jun  6 17:19:45 raspberrypi kernel: [    1.576065] VFS: Mounted root (ext4 filesystem) readonly on device 179:2.
Jun  6 17:19:45 raspberrypi kernel: [    1.594874] devtmpfs: mounted
Jun  6 17:19:45 raspberrypi kernel: [    1.606707] Freeing unused kernel memory: 1024K
Jun  6 17:19:45 raspberrypi kernel: [    1.633075] usb 1-1: New USB device found, idVendor=0424, idProduct=9514
Jun  6 17:19:45 raspberrypi kernel: [    1.643114] usb 1-1: New USB device strings: Mfr=0, Product=0, SerialNumber=0
Jun  6 17:19:45 raspberrypi kernel: [    1.654615] hub 1-1:1.0: USB hub found
Jun  6 17:19:45 raspberrypi kernel: [    1.664897] hub 1-1:1.0: 5 ports detected
Jun  6 17:19:45 raspberrypi kernel: [    1.707568] mmc1: new high speed SDIO card at address 0001
Jun  6 17:19:45 raspberrypi kernel: [    1.992500] usb 1-1.1: new high-speed USB device number 3 using dwc_otg
Jun  6 17:19:45 raspberrypi kernel: [    2.133029] usb 1-1.1: New USB device found, idVendor=0424, idProduct=ec00
Jun  6 17:19:45 raspberrypi kernel: [    2.143154] usb 1-1.1: New USB device strings: Mfr=0, Product=0, SerialNumber=0
Jun  6 17:19:45 raspberrypi kernel: [    2.156560] smsc95xx v1.0.5
Jun  6 17:19:45 raspberrypi kernel: [    2.220846] NET: Registered protocol family 10
Jun  6 17:19:45 raspberrypi kernel: [    2.246329] ip_tables: (C) 2000-2006 Netfilter Core Team
Jun  6 17:19:45 raspberrypi kernel: [    2.269631] smsc95xx 1-1.1:1.0 eth0: register 'smsc95xx' at usb-3f980000.usb-1.1, smsc95xx USB 2.0 Ethernet, b8:27:eb:4d:95:0b
Jun  6 17:19:45 raspberrypi kernel: [    2.382500] usb 1-1.4: new low-speed USB device number 4 using dwc_otg
Jun  6 17:19:45 raspberrypi kernel: [    2.551644] usb 1-1.4: New USB device found, idVendor=03f0, idProduct=0024
Jun  6 17:19:45 raspberrypi kernel: [    2.562687] usb 1-1.4: New USB device strings: Mfr=1, Product=2, SerialNumber=0
Jun  6 17:19:45 raspberrypi kernel: [    2.573865] usb 1-1.4: Product: HP Basic USB Keyboard
Jun  6 17:19:45 raspberrypi kernel: [    2.585066] usb 1-1.4: Manufacturer: CHICONY
Jun  6 17:19:45 raspberrypi kernel: [    2.613928] input: CHICONY HP Basic USB Keyboard as /devices/platform/soc/3f980000.usb/usb1/1-1/1-1.4/1-1.4:1.0/0003:03F0:0024.0001/input/input0
Jun  6 17:19:45 raspberrypi kernel: [    2.693615] hid-generic 0003:03F0:0024.0001: input,hidraw0: USB HID v1.10 Keyboard [CHICONY HP Basic USB Keyboard] on usb-3f980000.usb-1.4/input0
Jun  6 17:19:45 raspberrypi kernel: [    2.802515] usb 1-1.5: new low-speed USB device number 5 using dwc_otg
Jun  6 17:19:45 raspberrypi kernel: [    2.948506] usb 1-1.5: New USB device found, idVendor=046d, idProduct=c077
Jun  6 17:19:45 raspberrypi kernel: [    2.948519] usb 1-1.5: New USB device strings: Mfr=1, Product=2, SerialNumber=0
Jun  6 17:19:45 raspberrypi kernel: [    2.948527] usb 1-1.5: Product: USB Optical Mouse
Jun  6 17:19:45 raspberrypi kernel: [    2.948536] usb 1-1.5: Manufacturer: Logitech
Jun  6 17:19:45 raspberrypi kernel: [    2.953756] input: Logitech USB Optical Mouse as /devices/platform/soc/3f980000.usb/usb1/1-1/1-1.5/1-1.5:1.0/0003:046D:C077.0002/input/input1
Jun  6 17:19:45 raspberrypi kernel: [    2.954452] hid-generic 0003:046D:C077.0002: input,hidraw1: USB HID v1.11 Mouse [Logitech USB Optical Mouse] on usb-3f980000.usb-1.5/input0
Jun  6 17:19:45 raspberrypi kernel: [    4.063219] EXT4-fs (mmcblk0p2): re-mounted. Opts: (null)
Jun  6 17:19:45 raspberrypi kernel: [    4.753673] gpiomem-bcm2835 3f200000.gpiomem: Initialised: Registers at 0x3f200000
Jun  6 17:19:45 raspberrypi kernel: [    5.083342] usbcore: registered new interface driver brcmfmac
Jun  6 17:19:45 raspberrypi kernel: [    5.393207] brcmfmac: Firmware version = wl0: Oct 23 2017 03:55:53 version 7.45.98.38 (r674442 CY) FWID 01-e58d219f
Jun  6 17:19:45 raspberrypi kernel: [    6.345478] random: crng init done
Jun  6 17:19:45 raspberrypi kernel: [    6.748587] uart-pl011 3f201000.serial: no DMA platform data
Jun  6 17:19:45 raspberrypi /usr/sbin/gpm[464]: *** info [daemon/startup.c(131)]:
Jun  6 17:19:45 raspberrypi /usr/sbin/gpm[464]: Started gpm successfully. Entered daemon mode.
Jun  6 17:19:45 raspberrypi kernel: [    7.211854] Adding 102396k swap on /var/swap.  Priority:-1 extents:1 across:102396k SSFS
Jun  6 17:19:45 raspberrypi kernel: [    7.436935] smsc95xx 1-1.1:1.0 eth0: hardware isn't capable of remote wakeup
Jun  6 17:19:47 raspberrypi kernel: [    8.968978] smsc95xx 1-1.1:1.0 eth0: link up, 100Mbps, full-duplex, lpa 0xC1E1
Jun  6 17:19:49 raspberrypi kernel: [   11.210656] Bluetooth: Core ver 2.22
Jun  6 17:19:49 raspberrypi kernel: [   11.210768] NET: Registered protocol family 31
Jun  6 17:19:49 raspberrypi kernel: [   11.210778] Bluetooth: HCI device and connection manager initialized
Jun  6 17:19:49 raspberrypi kernel: [   11.210808] Bluetooth: HCI socket layer initialized
Jun  6 17:19:49 raspberrypi kernel: [   11.210830] Bluetooth: L2CAP socket layer initialized
Jun  6 17:19:49 raspberrypi kernel: [   11.210886] Bluetooth: SCO socket layer initialized
Jun  6 17:19:49 raspberrypi kernel: [   11.219692] Bluetooth: HCI UART driver ver 2.3
Jun  6 17:19:49 raspberrypi kernel: [   11.219715] Bluetooth: HCI UART protocol H4 registered
Jun  6 17:19:49 raspberrypi kernel: [   11.219725] Bluetooth: HCI UART protocol Three-wire (H5) registered
Jun  6 17:19:49 raspberrypi kernel: [   11.219954] Bluetooth: HCI UART protocol Broadcom registered
Jun  6 17:19:49 raspberrypi kernel: [   11.439590] Bluetooth: BNEP (Ethernet Emulation) ver 1.3
Jun  6 17:19:49 raspberrypi kernel: [   11.439605] Bluetooth: BNEP filters: protocol multicast
Jun  6 17:19:49 raspberrypi kernel: [   11.439638] Bluetooth: BNEP socket layer initialized
Jun  6 17berrypi kernel: [    0.000000]     modules : 0x7f000000 - 0x80000000   (  16 MB)
Jun  6 17:22:09 raspberrypi kernel: [    0.000000]       .text : 0x80008000 - 0x80800000   (8160 kB)
Jun  6 17:22:09 raspberrypi kernel: [    0.000000]       .init : 0x80b00000 - 0x80c00000   (1024 kB)
Jun  6 17:22:09 raspberrypi kernel: [    0.000000]       .data : 0x80c00000 - 0x80c835dc   ( 526 kB)
Jun  6 17:22:09 raspberrypi kernel: [    0.000000]        .bss : 0x80c85000 - 0x80d4ede4   ( 808 kB)
Jun  6 17:22:09 raspberrypi kernel: [    0.000000] SLUB: HWalign=64, Order=0-3, MinObjects=0, CPUs=4, Nodes=1
Jun  6 17:22:09 raspberrypi kernel: [    0.000000] Hierarchical RCU implementation.
Jun  6 17:22:09 raspberrypi kernel: [    0.000000] 	Build-time adjustment of leaf fanout to 32.
Jun  6 17:22:09 raspberrypi kernel: [    0.000000] NR_IRQS:16 nr_irqs:16 16
Jun  6 17:22:09 raspberrypi kernel: [    0.000000] arm_arch_timer: Architected cp15 timer(s) running at 19.20MHz (phys).
Jun  6 17:22:09 raspberrypi kernel: [    0.000000] I-pipe, 19.200 MHz clocksource, wrap in 960767920505705 ms
Jun  6 17:22:09 raspberrypi kernel: [    0.000000] clocksource: ipipe_tsc: mask: 0xffffffffffffffff max_cycles: 0x46d987e47, max_idle_ns: 440795202767 ns
Jun  6 17:22:09 raspberrypi kernel: [    0.000000] clocksource: arch_sys_counter: mask: 0xffffffffffffff max_cycles: 0x46d987e47, max_idle_ns: 440795202767 ns
Jun  6 17:22:09 raspberrypi kernel: [    0.000007] sched_clock: 56 bits at 19MHz, resolution 52ns, wraps every 4398046511078ns
Jun  6 17:22:09 raspberrypi kernel: [    0.000026] Switching to timer-based delay loop, resolution 52ns
Jun  6 17:22:09 raspberrypi kernel: [    0.001472] Interrupt pipeline (release #4)
Jun  6 17:22:09 raspberrypi kernel: [    0.001694] Console: colour dummy device 80x30
Jun  6 17:22:09 raspberrypi kernel: [    0.002923] console [tty1] enabled
Jun  6 17:22:09 raspberrypi kernel: [    0.002978] Calibrating delay loop (skipped), value calculated using timer frequency.. 38.40 BogoMIPS (lpj=192000)
Jun  6 17:22:09 raspberrypi kernel: [    0.003062] pid_max: default: 32768 minimum: 301
Jun  6 17:22:09 raspberrypi kernel: [    0.003293] Mount-cache hash table entries: 2048 (order: 1, 8192 bytes)
Jun  6 17:22:09 raspberrypi kernel: [    0.003347] Mountpoint-cache hash table entries: 2048 (order: 1, 8192 bytes)
Jun  6 17:22:09 raspberrypi kernel: [    0.004590] Disabling memory control group subsystem
Jun  6 17:22:09 raspberrypi kernel: [    0.004718] CPU: Testing write buffer coherency: ok
Jun  6 17:22:09 raspberrypi kernel: [    0.005307] CPU0: update cpu_capacity 1024
Jun  6 17:22:09 raspberrypi kernel: [    0.005352] CPU0: thread -1, cpu 0, socket 0, mpidr 80000000
Jun  6 17:22:09 raspberrypi kernel: [    0.005419] Setting up static identity map for 0x100000 - 0x100034
Jun  6 17:22:09 raspberrypi kernel: [    0.008388] CPU1: update cpu_capacity 1024
Jun  6 17:22:09 raspberrypi kernel: [    0.008396] CPU1: thread -1, cpu 1, socket 0, mpidr 80000001
Jun  6 17:22:09 raspberrypi kernel: [    0.009442] CPU2: update cpu_capacity 1024
Jun  6 17:22:09 raspberrypi kernel: [    0.009450] CPU2: thread -1, cpu 2, socket 0, mpidr 80000002
Jun  6 17:22:09 raspberrypi kernel: [    0.010546] CPU3: update cpu_capacity 1024
Jun  6 17:22:09 raspberrypi kernel: [    0.010555] CPU3: thread -1, cpu 3, socket 0, mpidr 80000003
Jun  6 17:22:09 raspberrypi kernel: [    0.010721] Brought up 4 CPUs
Jun  6 17:22:09 raspberrypi kernel: [    0.010966] SMP: Total of 4 processors activated (153.60 BogoMIPS).
Jun  6 17:22:09 raspberrypi kernel: [    0.011012] CPU: All CPU(s) started in HYP mode.
Jun  6 17:22:09 raspberrypi kernel: [    0.011051] CPU: Virtualization extensions available.
Jun  6 17:22:09 raspberrypi kernel: [    0.012807] devtmpfs: initialized
Jun  6 17:22:09 raspberrypi kernel: [    0.032123] VFP support v0.3: implementor 41 architecture 3 part 40 variant 3 rev 4
Jun  6 17:22:09 raspberrypi kernel: [    0.032623] clocksource: jiffies: mask: 0xffffffff max_cycles: 0xffffffff, max_idle_ns: 19112604462750000 ns
Jun  6 17:22:09 raspberrypi kernel: [    0.032709] futex hash table entries: 1024 (order: 4, 65536 bytes)
Jun  6 17:22:09 raspberrypi kernel: [    0.033023] pinctrl core: initialized pinctrl subsystem
Jun  6 17:22:09 raspberrypi kernel: [    0.034401] NET: Registered protocol family 16
Jun  6 17:22:09 raspberrypi kernel: [    0.036150] DMA: preallocated 1024 KiB pool for atomic coherent allocations
Jun  6 17:22:09 raspberrypi kernel: [    0.050207] hw-breakpoint: found 5 (+1 reserved) breakpoint and 4 watchpoint registers.
Jun  6 17:22:09 raspberrypi kernel: [    0.050275] hw-breakpoint: maximum watchpoint size is 8 bytes.
Jun  6 17:22:09 raspberrypi kernel: [    0.050523] Serial: AMBA PL011 UART driver
Jun  6 17:22:09 raspberrypi kernel: [    0.053980] bcm2835-mbox 3f00b880.mailbox: mailbox enabled
Jun  6 17:22:09 raspberrypi kernel: [    0.054999] uart-pl011 3f201000.serial: could not find pctldev for node /soc/gpio@7e200000/uart0_pins, deferring probe
Jun  6 17:22:09 raspberrypi kernel: [    0.161894] bcm2835-dma 3f007000.dma: DMA legacy API manager at bb90f000, dmachans=0x1
Jun  6 17:22:09 raspberrypi kernel: [    0.164914] SCSI subsystem initialized
Jun  6 17:22:09 raspberrypi kernel: [    0.165392] usbcore: registered new interface driver usbfs
Jun  6 17:22:09 raspberrypi kernel: [    0.165547] usbcore: registered new interface driver hub
Jun  6 17:22:09 raspberrypi kernel: [    0.165734] usbcore: registered new device driver usb
Jun  6 17:22:09 raspberrypi kernel: [    0.170231] raspberrypi-firmware soc:firmware: Attached to firmware from 2019-03-27 15:45
Jun  6 17:22:09 raspberrypi kernel: [    0.172390] clocksource: Switched to clocksource ipipe_tsc
Jun  6 17:22:09 raspberrypi kernel: [    0.244837] VFS: Disk quotas dquot_6.6.0
Jun  6 17:22:09 raspberrypi kernel: [    0.244984] VFS: Dquot-cache hash table entries: 1024 (order 0, 4096 bytes)
Jun  6 17:22:09 raspberrypi kernel: [    0.245342] FS-Cache: Loaded
Jun  6 17:22:09 raspberrypi kernel: [    0.245729] CacheFiles: Loaded
Jun  6 17:22:09 raspberrypi kernel: [    0.266300] NET: Registered protocol family 2
Jun  6 17:22:09 raspberrypi kernel: [    0.267470] TCP established hash table entries: 8192 (order: 3, 32768 bytes)
Jun  6 17:22:09 raspberrypi kernel: [    0.267627] TCP bind hash table entries: 8192 (order: 4, 65536 bytes)
Jun  6 17:22:09 raspberrypi kernel: [    0.267854] TCP: Hash tables configured (established 8192 bind 8192)
Jun  6 17:22:09 raspberrypi kernel: [    0.267999] UDP hash table entries: 512 (order: 2, 16384 bytes)
Jun  6 17:22:09 raspberrypi kernel: [    0.268083] UDP-Lite hash table entries: 512 (order: 2, 16384 bytes)
Jun  6 17:22:09 raspberrypi kernel: [    0.268430] NET: Registered protocol family 1
Jun  6 17:22:09 raspberrypi kernel: [    0.269112] RPC: Registered named UNIX socket transport module.
Jun  6 17:22:09 raspberrypi kernel: [    0.269160] RPC: Registered udp transport module.
Jun  6 17:22:09 raspberrypi kernel: [    0.269201] RPC: Registered tcp transport module.
Jun  6 17:22:09 raspberrypi kernel: [    0.269242] RPC: Registered tcp NFSv4.1 backchannel transport module.
Jun  6 17:22:09 raspberrypi kernel: [    0.270654] hw perfevents: enabled with armv7_cortex_a7 PMU driver, 7 counters available
Jun  6 17:22:09 raspberrypi kernel: [    0.273892] [Xenomai] scheduling class idle registered.
Jun  6 17:22:09 raspberrypi kernel: [    0.273937] [Xenomai] scheduling class rt registered.
Jun  6 17:22:09 raspberrypi kernel: [    0.274187] I-pipe: head domain Xenomai registered.
Jun  6 17:22:09 raspberrypi kernel: [    0.279093] [Xenomai] Cobalt v3.0.8 
Jun  6 17:22:09 raspberrypi kernel: [    0.279539] workingset: timestamp_bits=14 max_order=18 bucket_order=4
Jun  6 17:22:09 raspberrypi kernel: [    0.304776] FS-Cache: Netfs 'nfs' registered for caching
Jun  6 17:22:09 raspberrypi kernel: [    0.306340] NFS: Registering the id_resolver key type
Jun  6 17:22:09 raspberrypi kernel: [    0.306408] Key type id_resolver registered
Jun  6 17:22:09 raspberrypi kernel: [    0.306449] Key type id_legacy registered
Jun  6 17:22:09 raspberrypi kernel: [    0.310354] Block layer SCSI generic (bsg) driver version 0.4 loaded (major 249)
Jun  6 17:22:09 raspberrypi kernel: [    0.310609] io scheduler noop registered
Jun  6 17:22:09 raspberrypi kernel: [    0.310652] io scheduler deadline registered (default)
Jun  6 17:22:09 raspberrypi kernel: [    0.311080] io scheduler cfq registered
Jun  6 17:22:09 raspberrypi kernel: [    0.319573] BCM2708FB: allocated DMA memory f98f0000
Jun  6 17:22:09 raspberrypi kernel: [    0.319648] BCM2708FB: allocated DMA channel 0 @ bb90f000
Jun  6 17:22:09 raspberrypi kernel: [    0.374002] Console: switching to colour frame buffer device 200x75
Jun  6 17:22:09 raspberrypi kernel: [    0.408530] bcm2835-rng 3f104000.rng: hwrng registered
Jun  6 17:22:09 raspberrypi kernel: [    0.408863] vc-mem: phys_addr:0x00000000 mem_base=0x3ec00000 mem_size:0x40000000(1024 MiB)
Jun  6 17:22:09 raspberrypi kernel: [    0.409968] vc-sm: Videocore shared memory driver
Jun  6 17:22:09 raspberrypi kernel: [    0.434821] brd: module loaded
Jun  6 17:22:09 raspberrypi kernel: [    0.449151] loop: module loaded
Jun  6 17:22:09 raspberrypi kernel: [    0.449295] Loading iSCSI transport class v2.0-870.
Jun  6 17:22:09 raspberrypi kernel: [    0.450565] libphy: Fixed MDIO Bus: probed
Jun  6 17:22:09 raspberrypi kernel: [    0.450880] usbcore: registered new interface driver lan78xx
Jun  6 17:22:09 raspberrypi kernel: [    0.451199] usbcore: registered new interface driver smsc95xx
Jun  6 17:22:09 raspberrypi kernel: [    0.451394] dwc_otg: version 3.00a 10-AUG-2012 (platform bus)
Jun  6 17:22:09 raspberrypi kernel: [    0.679901] Core Release: 2.80a
Jun  6 17:22:09 raspberrypi kernel: [    0.680023] Setting default values for core params
Jun  6 17:22:09 raspberrypi kernel: [    0.680213] Finished setting default values for core params
Jun  6 17:22:09 raspberrypi kernel: [    0.881014] Using Buffer DMA mode
Jun  6 17:22:09 raspberrypi kernel: [    0.881134] Periodic Transfer Interrupt Enhancement - disabled
Jun  6 17:22:09 raspberrypi kernel: [    0.881318] Multiprocessor Interrupt Enhancement - disabled
Jun  6 17:22:09 raspberrypi kernel: [    0.881495] OTG VER PARAM: 0, OTG VER FLAG: 0
Jun  6 17:22:09 raspberrypi kernel: [    0.881652] Dedicated Tx FIFOs mode
Jun  6 17:22:09 raspberrypi kernel: [    0.882084] WARN::dwc_otg_hcd_init:1032: FIQ DMA bounce buffers: virt = 0xbc4fc000 dma = 0xf9ab4000 len=9024
Jun  6 17:22:09 raspberrypi kernel: [    0.882445] FIQ FSM acceleration enabled for :
Jun  6 17:22:09 raspberrypi kernel: [    0.882445] Non-periodic Split Transactions
Jun  6 17:22:09 raspberrypi kernel: [    0.882445] Periodic Split Transactions
Jun  6 17:22:09 raspberrypi kernel: [    0.882445] High-Speed Isochronous Endpoints
Jun  6 17:22:09 raspberrypi kernel: [    0.882445] Interrupt/Control Split Transaction hack enabled
Jun  6 17:22:09 raspberrypi kernel: [    0.883097] dwc_otg: Microframe scheduler enabled
Jun  6 17:22:09 raspberrypi kernel: [    0.883156] WARN::hcd_init_fiq:459: FIQ on core 1 at 0x805b40c0
Jun  6 17:22:09 raspberrypi kernel: [    0.883355] WARN::hcd_init_fiq:460: FIQ ASM at 0x805b4420 length 36
Jun  6 17:22:09 raspberrypi kernel: [    0.883558] WARN::hcd_init_fiq:486: MPHI regs_base at 0xbbd7d000
Jun  6 17:22:09 raspberrypi kernel: [    0.883830] dwc_otg 3f980000.usb: DWC OTG Controller
Jun  6 17:22:09 raspberrypi kernel: [    0.884031] dwc_otg 3f980000.usb: new USB bus registered, assigned bus number 1
Jun  6 17:22:09 raspberrypi kernel: [    0.884293] dwc_otg 3f980000.usb: irq 62, io mem 0x00000000
Jun  6 17:22:09 raspberrypi kernel: [    0.884527] Init: Port Power? op_state=1
Jun  6 17:22:09 raspberrypi kernel: [    0.884659] Init: Power Port (0)
Jun  6 17:22:09 raspberrypi kernel: [    0.885120] usb usb1: New USB device found, idVendor=1d6b, idProduct=0002
Jun  6 17:22:09 raspberrypi kernel: [    0.885335] usb usb1: New USB device strings: Mfr=3, Product=2, SerialNumber=1
Jun  6 17:22:09 raspberrypi kernel: [    0.885563] usb usb1: Product: DWC OTG Controller
Jun  6 17:22:09 raspberrypi kernel: [    0.885719] usb usb1: Manufacturer: Linux 4.9.80-v7+ dwc_otg_hcd
Jun  6 17:22:09 raspberrypi kernel: [    0.885911] usb usb1: SerialNumber: 3f980000.usb
Jun  6 17:22:09 raspberrypi kernel: [    0.887332] hub 1-0:1.0: USB hub found
Jun  6 17:22:09 raspberrypi kernel: [    0.887522] hub 1-0:1.0: 1 port detected
Jun  6 17:22:09 raspberrypi kernel: [    0.888697] dwc_otg: FIQ enabled
Jun  6 17:22:09 raspberrypi kernel: [    0.888706] dwc_otg: NAK holdoff enabled
Jun  6 17:22:09 raspberrypi kernel: [    0.888713] dwc_otg: FIQ split-transaction FSM enabled
Jun  6 17:22:09 raspberrypi kernel: [    0.888733] Module dwc_common_port init
Jun  6 17:22:09 raspberrypi kernel: [    0.889149] usbcore: registered new interface driver usb-storage
Jun  6 17:22:09 raspberrypi kernel: [    0.899088] mousedev: PS/2 mouse device common for all mice
Jun  6 17:22:09 raspberrypi kernel: [    0.910152] bcm2835-wdt 3f100000.watchdog: Broadcom BCM2835 watchdog timer
Jun  6 17:22:09 raspberrypi kernel: [    0.920176] sdhci: Secure Digital Host Controller Interface driver
Jun  6 17:22:09 raspberrypi kernel: [    0.929723] sdhci: Copyright(c) Pierre Ossman
Jun  6 17:22:09 raspberrypi kernel: [    0.939613] sdhost-bcm2835 3f202000.sdhost: could not get clk, deferring probe
Jun  6 17:22:09 raspberrypi kernel: [    0.951572] mmc-bcm2835 3f300000.mmc: could not get clk, deferring probe
Jun  6 17:22:09 raspberrypi kernel: [    0.961331] sdhci-pltfm: SDHCI platform and OF driver helper
Jun  6 17:22:09 raspberrypi kernel: [    0.972866] ledtrig-cpu: registered to indicate activity on CPUs
Jun  6 17:22:09 raspberrypi kernel: [    0.982824] hidraw: raw HID events driver (C) Jiri Kosina
Jun  6 17:22:09 raspberrypi kernel: [    0.993044] usbcore: registered new interface driver usbhid
Jun  6 17:22:09 raspberrypi kernel: [    1.002824] usbhid: USB HID core driver
Jun  6 17:22:09 raspberrypi kernel: [    1.013519] vchiq: vchiq_init_state: slot_zero = 0xbdb81000, is_master = 0
Jun  6 17:22:09 raspberrypi kernel: [    1.025147] [vc_sm_connected_init]: start
Jun  6 17:22:09 raspberrypi kernel: [    1.035729] [vc_sm_connected_init]: end - returning 0
Jun  6 17:22:09 raspberrypi kernel: [    1.046893] Initializing XFRM netlink socket
Jun  6 17:22:09 raspberrypi kernel: [    1.056639] NET: Registered protocol family 17
Jun  6 17:22:09 raspberrypi kernel: [    1.066511] Key type dns_resolver registered
Jun  6 17:22:09 raspberrypi kernel: [    1.076730] Registering SWP/SWPB emulation handler
Jun  6 17:22:09 raspberrypi kernel: [    1.087606] registered taskstats version 1
Jun  6 17:22:09 raspberrypi kernel: [    1.107984] uart-pl011 3f201000.serial: cts_event_workaround enabled
Jun  6 17:22:09 raspberrypi kernel: [    1.117845] 3f201000.serial: ttyAMA0 at MMIO 0x3f201000 (irq = 87, base_baud = 0) is a PL011 rev2
Jun  6 17:22:09 raspberrypi kernel: [    1.130382] sdhost: log_buf @ bdbc9000 (f9b6f000)
Jun  6 17:22:09 raspberrypi kernel: [    1.140575] Indeed it is in host mode hprt0 = 00021501
Jun  6 17:22:09 raspberrypi kernel: [    1.238570] random: fast init done
Jun  6 17:22:09 raspberrypi kernel: [    1.282454] mmc0: sdhost-bcm2835 loaded - DMA enabled (>1)
Jun  6 17:22:09 raspberrypi kernel: [    1.294832] mmc-bcm2835 3f300000.mmc: mmc_debug:0 mmc_debug2:0
Jun  6 17:22:09 raspberrypi kernel: [    1.304719] mmc-bcm2835 3f300000.mmc: DMA channel allocated
Jun  6 17:22:09 raspberrypi kernel: [    1.382462] usb 1-1: new high-speed USB device number 2 using dwc_otg
Jun  6 17:22:09 raspberrypi kernel: [    1.392673] of_cfs_init
Jun  6 17:22:09 raspberrypi kernel: [    1.392832] Indeed it is in host mode hprt0 = 00001101
Jun  6 17:22:09 raspberrypi kernel: [    1.412632] of_cfs_init: OK
Jun  6 17:22:09 raspberrypi kernel: [    1.423065] Waiting for root device PARTUUID=b93bee23-02...
Jun  6 17:22:09 raspberrypi kernel: [    1.462420] mmc0: host does not support reading read-only switch, assuming write-enable
Jun  6 17:22:09 raspberrypi kernel: [    1.475412] mmc0: new high speed SDHC card at address 59b4
Jun  6 17:22:09 raspberrypi kernel: [    1.486702] mmcblk0: mmc0:59b4 USDU1 7.31 GiB
Jun  6 17:22:09 raspberrypi kernel: [    1.498731]  mmcblk0: p1 p2
Jun  6 17:22:09 raspberrypi kernel: [    1.512810] mmc1: queuing unknown CIS tuple 0x80 (2 bytes)
Jun  6 17:22:09 raspberrypi kernel: [    1.524514] mmc1: queuing unknown CIS tuple 0x80 (3 bytes)
Jun  6 17:22:09 raspberrypi kernel: [    1.536219] mmc1: queuing unknown CIS tuple 0x80 (3 bytes)
Jun  6 17:22:09 raspberrypi kernel: [    1.549261] mmc1: queuing unknown CIS tuple 0x80 (7 bytes)
Jun  6 17:22:09 raspberrypi kernel: [    1.565965] EXT4-fs (mmcblk0p2): mounted filesystem with ordered data mode. Opts: (null)
Jun  6 17:22:09 raspberrypi kernel: [    1.576045] VFS: Mounted root (ext4 filesystem) readonly on device 179:2.
Jun  6 17:22:09 raspberrypi kernel: [    1.594796] devtmpfs: mounted
Jun  6 17:22:09 raspberrypi kernel: [    1.606664] Freeing unused kernel memory: 1024K
Jun  6 17:22:09 raspberrypi kernel: [    1.623060] usb 1-1: New USB device found, idVendor=0424, idProduct=9514
Jun  6 17:22:09 raspberrypi kernel: [    1.633117] usb 1-1: New USB device strings: Mfr=0, Product=0, SerialNumber=0
Jun  6 17:22:09 raspberrypi kernel: [    1.644613] hub 1-1:1.0: USB hub found
Jun  6 17:22:09 raspberrypi kernel: [    1.654815] hub 1-1:1.0: 5 ports detected
Jun  6 17:22:09 raspberrypi kernel: [    1.707205] mmc1: new high speed SDIO card at address 0001
Jun  6 17:22:09 raspberrypi kernel: [    1.982484] usb 1-1.1: new high-speed USB device number 3 using dwc_otg
Jun  6 17:22:09 raspberrypi kernel: [    2.123022] usb 1-1.1: New USB device found, idVendor=0424, idProduct=ec00
Jun  6 17:22:09 raspberrypi kernel: [    2.133117] usb 1-1.1: New USB device strings: Mfr=0, Product=0, SerialNumber=0
